// Jest Snapshot v1, https://goo.gl/fbAQLP

exports[`missileManager.MassRaidPre 0 1`] = `undefined`;

exports[`missileManager.MassRaidPre 1 1`] = `undefined`;

exports[`missileManager.MassRaidPre 2 1`] = `undefined`;

exports[`missileManager.MassRaidPre 3 1`] = `undefined`;

exports[`missileManager.MassRaidPre 4 1`] = `undefined`;

exports[`missileManager.MassRaidPre 5 1`] = `undefined`;
