// Jest Snapshot v1, https://goo.gl/fbAQLP

exports[`missile.bottomMenuClick 1 1`] = `undefined`;

exports[`missile.bottomMenuClick 2 1`] = `undefined`;

exports[`missile.bottomMenuClick 5 1`] = `undefined`;

exports[`missile.hideSideMenus 0 1`] = `undefined`;

exports[`missile.init 0 1`] = `undefined`;

exports[`missile.missileChange 0 1`] = `undefined`;

exports[`missile.missileSubmit 0 1`] = `undefined`;

exports[`missile.msAttackerChange 0 1`] = `undefined`;

exports[`missile.msErrorClick 0 1`] = `undefined`;

exports[`missile.msTargetChange 0 1`] = `undefined`;

exports[`missile.uiManagerInit 0 1`] = `undefined`;

exports[`missile.updateLoop 0 1`] = `undefined`;
