// Jest Snapshot v1, https://goo.gl/fbAQLP

exports[`doSearch.doSearch 0 1`] = `undefined`;

exports[`doSearch.doSearch 1 1`] = `undefined`;

exports[`doSearch.doSearch 2 1`] = `undefined`;

exports[`doSearch.doSearch 3 1`] = `undefined`;

exports[`doSearch.doSearch 4 1`] = `undefined`;

exports[`doSearch.doSearch 5 1`] = `undefined`;
