// Jest Snapshot v1, https://goo.gl/fbAQLP

exports[`satMath._jday 0 1`] = `2451544.5`;

exports[`satMath._jday 1 1`] = `2458849.5`;

exports[`satMath.altitudeCheck 0 1`] = `886176327124355900000`;

exports[`satMath.calculateDops 0 1`] = `
Object {
  "gdop": "2.21",
  "hdop": "1.06",
  "pdop": "2.00",
  "tdop": "0.92",
  "vdop": "1.70",
}
`;

exports[`satMath.calculateDops 1 1`] = `
Object {
  "gdop": 50,
  "hdop": 50,
  "pdop": 50,
  "tdop": 50,
  "vdop": 50,
}
`;

exports[`satMath.calculateLookAngles 0 1`] = `
Array [
  false,
  false,
  false,
  false,
  false,
  false,
  false,
  false,
  false,
  false,
  false,
  false,
  false,
  false,
  false,
  false,
  false,
  false,
  false,
  false,
  false,
  false,
  false,
  false,
  false,
  false,
  false,
  false,
  false,
  false,
  false,
  false,
  false,
  false,
  false,
  false,
  false,
  false,
  false,
  false,
  false,
  false,
  false,
  false,
  false,
  false,
  false,
  false,
  false,
  false,
  false,
  false,
  false,
  false,
  false,
  false,
  false,
  false,
  false,
  false,
  false,
  false,
  false,
  false,
  false,
  false,
  false,
  false,
  false,
  false,
  false,
  false,
  false,
  false,
  false,
  false,
  false,
  false,
  false,
  false,
  false,
  false,
  false,
  false,
  false,
  false,
  false,
  false,
  false,
  false,
  false,
  false,
  false,
  false,
  false,
  false,
  false,
  false,
  false,
  false,
  false,
  false,
  false,
  false,
  false,
  false,
  false,
  false,
  false,
  false,
  false,
  false,
  false,
  false,
  false,
  false,
  false,
  false,
  false,
  false,
  false,
  false,
  false,
  false,
  false,
  false,
  false,
  false,
  false,
  false,
  false,
  false,
  false,
  false,
  false,
  false,
  false,
  false,
  false,
  false,
  false,
  false,
  false,
  false,
  false,
  false,
  false,
  false,
  false,
  false,
  false,
  false,
  false,
  false,
  false,
  false,
  false,
  false,
  false,
  false,
  false,
  false,
  false,
  false,
  false,
  false,
  false,
  false,
  false,
  false,
  false,
  false,
  false,
  false,
  false,
  false,
  false,
  false,
  false,
  false,
  false,
  false,
  false,
  false,
  false,
  false,
  false,
  false,
  false,
  false,
  false,
  false,
  false,
  false,
  false,
  false,
  false,
  false,
  false,
  false,
  false,
  false,
  false,
  false,
  false,
  false,
  false,
  false,
  false,
  false,
  false,
  false,
  false,
  false,
  false,
  false,
  false,
  false,
  false,
  false,
  false,
  false,
  false,
  false,
  false,
  false,
  false,
  false,
  false,
  false,
  false,
  false,
  false,
  false,
  false,
  false,
  false,
  false,
  false,
  false,
  false,
  false,
  false,
  false,
  false,
  false,
  false,
  false,
  false,
  false,
  false,
  false,
  false,
  false,
  false,
  false,
  false,
  false,
  false,
  false,
  false,
  false,
  false,
  false,
  false,
  false,
  false,
  false,
  false,
  false,
  false,
  false,
  false,
  false,
  false,
  false,
  false,
  false,
  false,
  false,
  false,
  false,
  false,
  false,
  false,
  false,
  false,
  false,
  false,
  false,
  false,
  false,
  false,
  false,
  false,
  false,
  false,
  false,
  false,
  false,
  false,
  false,
  false,
  false,
  false,
  false,
  false,
  false,
  false,
  false,
  false,
  false,
  false,
  false,
  false,
  false,
  false,
  false,
  false,
  false,
  false,
  false,
  false,
  false,
  false,
  false,
  false,
  false,
  false,
  false,
  false,
  false,
  false,
  false,
  false,
  false,
  false,
  false,
  false,
  false,
  false,
  false,
  false,
  false,
  false,
  false,
  false,
  false,
  false,
  false,
  false,
  false,
  false,
  false,
  false,
  false,
  false,
  false,
  false,
  false,
  false,
  false,
  false,
  false,
  false,
  false,
  false,
  false,
  false,
  false,
  false,
  false,
  false,
  false,
  false,
  false,
  false,
  false,
  false,
  false,
  false,
  false,
  false,
  false,
  false,
  false,
  false,
  false,
  false,
  false,
  false,
  false,
  false,
  false,
  false,
  false,
  false,
  false,
  false,
  false,
  false,
  false,
  false,
  false,
  false,
  false,
  false,
  false,
  false,
  false,
  false,
  false,
  false,
  false,
  false,
  false,
  false,
  false,
  false,
  false,
  false,
  false,
  false,
  false,
  false,
  false,
  false,
  false,
  false,
  false,
  false,
  false,
  false,
  false,
  false,
  false,
  false,
  false,
  false,
  false,
  false,
  false,
  false,
  false,
  false,
  false,
  false,
  false,
  false,
  false,
  false,
  false,
  false,
  false,
  false,
  false,
  false,
  false,
  false,
  false,
  false,
  false,
  false,
  false,
  false,
  false,
  false,
  false,
  false,
  false,
  false,
  false,
  false,
  false,
  false,
  false,
  false,
  false,
  false,
  false,
  false,
  false,
  false,
  false,
  false,
  false,
  false,
  false,
  false,
  false,
  false,
  false,
  false,
  false,
  false,
  false,
  false,
  false,
  false,
  false,
  false,
  false,
  false,
  false,
  false,
  false,
  false,
  false,
  false,
  false,
  false,
  false,
  false,
  false,
  false,
  false,
  false,
  false,
  false,
  false,
  false,
  false,
  false,
  false,
  false,
  false,
  false,
  false,
  false,
  false,
  false,
  false,
  false,
  false,
  false,
  false,
  false,
  false,
  false,
  false,
  false,
  false,
  false,
  false,
  false,
  false,
  false,
  false,
  false,
  false,
  false,
  false,
  false,
  false,
  false,
  false,
  false,
  false,
  false,
  false,
  false,
  false,
  false,
  false,
  false,
  false,
  false,
  false,
  false,
  false,
  false,
  false,
  false,
  false,
  false,
  false,
  false,
  false,
  false,
  false,
  false,
  false,
  false,
  false,
  false,
  false,
  false,
  false,
  false,
  false,
  false,
  false,
  false,
  false,
  false,
  false,
  false,
  false,
  false,
  false,
  false,
  false,
  false,
  false,
  false,
  false,
  false,
  false,
  false,
  false,
  false,
  false,
  false,
  false,
  false,
  false,
  false,
  false,
  false,
  false,
  false,
  false,
  false,
  false,
  false,
  false,
  false,
  false,
  false,
  false,
  false,
  false,
  false,
  false,
  false,
  false,
  false,
  false,
  false,
  false,
  false,
  false,
  false,
  false,
  false,
  false,
  false,
  false,
  false,
  false,
  false,
  false,
  false,
  false,
  false,
  false,
  false,
  false,
  false,
  false,
  false,
  false,
  false,
  false,
  false,
  false,
  false,
  false,
  false,
  false,
  false,
  false,
  false,
  false,
  false,
  false,
  false,
  false,
  false,
  false,
  false,
  false,
  false,
  false,
  false,
  false,
  false,
  false,
  false,
  false,
  false,
  false,
  false,
  false,
  false,
  false,
  false,
  false,
  false,
  false,
  false,
  false,
  false,
  false,
  false,
  false,
  false,
  false,
  false,
  false,
  false,
  false,
  false,
  false,
  false,
  false,
  false,
  false,
  false,
  false,
  false,
  false,
  false,
  false,
  false,
  false,
  false,
  false,
  false,
  false,
  false,
  false,
  false,
  false,
  false,
  false,
  false,
  false,
  false,
  false,
  false,
  false,
  false,
  false,
  false,
  false,
  false,
  false,
  false,
  false,
  false,
  false,
  false,
  false,
  false,
  false,
  false,
  false,
  false,
  false,
  false,
  false,
  false,
  false,
  false,
  false,
  false,
  false,
  false,
  false,
  false,
  false,
  false,
  false,
  false,
  false,
  false,
  false,
  false,
  false,
  false,
  false,
  false,
  false,
  false,
  false,
  false,
  false,
  false,
  false,
  false,
  false,
  false,
  false,
  false,
  false,
  false,
  false,
  false,
  false,
  false,
  false,
  false,
  false,
  false,
  false,
  false,
  false,
  false,
  false,
  false,
  false,
  false,
  false,
  false,
  false,
  false,
  false,
  false,
  false,
  false,
  false,
  false,
  false,
  false,
  false,
  false,
  false,
  false,
  false,
  false,
  false,
  false,
  false,
  false,
  false,
  false,
  false,
  false,
  false,
  false,
  false,
  false,
  false,
  false,
  false,
  false,
  false,
  false,
  false,
  false,
  false,
  false,
  false,
  false,
  false,
  false,
  false,
  false,
  false,
  false,
  false,
  false,
  false,
  false,
  false,
  false,
  false,
  false,
  false,
  false,
  false,
  false,
  false,
  false,
  false,
  false,
  false,
  false,
  false,
  false,
  false,
  false,
  false,
  false,
  false,
  false,
  false,
  false,
  false,
  false,
  false,
  false,
  false,
  false,
  false,
  false,
  false,
  false,
  false,
  false,
  false,
  false,
  false,
  false,
  false,
  false,
  false,
  false,
  false,
  false,
  false,
  false,
  false,
  false,
  false,
  false,
  false,
  false,
  false,
  false,
  false,
  false,
  false,
  false,
  false,
  false,
  false,
  false,
  false,
  false,
  false,
  false,
  false,
  false,
  false,
  false,
  false,
  false,
  false,
  false,
  false,
  false,
  false,
  false,
  false,
  false,
  false,
  false,
  false,
  false,
  false,
  false,
  false,
  false,
  false,
  false,
  false,
  false,
  false,
  false,
  false,
  false,
  false,
  false,
  false,
  false,
  false,
  false,
  false,
  false,
  false,
  false,
  false,
  false,
  false,
  false,
  false,
  false,
  false,
  false,
  false,
  false,
  false,
  false,
  false,
  false,
  false,
  false,
  false,
  false,
  false,
  false,
  false,
  false,
  false,
  false,
  false,
  false,
  false,
  false,
  false,
  false,
  false,
  false,
  false,
  false,
  false,
  false,
  false,
  false,
  false,
  false,
  false,
  false,
  false,
  false,
  false,
  false,
  false,
  false,
  false,
  false,
  false,
  false,
  false,
  false,
  false,
  false,
  false,
  false,
  false,
  false,
  false,
  false,
  false,
  false,
  false,
  false,
  false,
  false,
  false,
  false,
  false,
  false,
  false,
  false,
  false,
  false,
  false,
  false,
  false,
  false,
  false,
  false,
  false,
  false,
  false,
  false,
  false,
  false,
  false,
  false,
  false,
  false,
  false,
  false,
  false,
  false,
  false,
  false,
  false,
  false,
  false,
  false,
  false,
  false,
  false,
  false,
  false,
  false,
  false,
  false,
  false,
  false,
  false,
  false,
  false,
  false,
  false,
  false,
  false,
  false,
  false,
  false,
  false,
  false,
  false,
  false,
  false,
  false,
  false,
  false,
  false,
  false,
  false,
  false,
  false,
  false,
  false,
  false,
  false,
  false,
  false,
  false,
  false,
  false,
  false,
  false,
  false,
  false,
  false,
  false,
  false,
  false,
  false,
  false,
  false,
  false,
  false,
  false,
  false,
  false,
  false,
  false,
  false,
  false,
  false,
  false,
  false,
  false,
  false,
  false,
  false,
  false,
  false,
  false,
  false,
  false,
  false,
  false,
  false,
  false,
  false,
  false,
  false,
  false,
  false,
  false,
  false,
  false,
  false,
  false,
  false,
  false,
  false,
  false,
  false,
  false,
  false,
  false,
  false,
  false,
  false,
  false,
  false,
  false,
  false,
  false,
  false,
  false,
  false,
  false,
  false,
  false,
  false,
  false,
  false,
  false,
  false,
  false,
  false,
  false,
  false,
  false,
  false,
  false,
  false,
  false,
  false,
  false,
  false,
  false,
  false,
  false,
  false,
  false,
  false,
  false,
  false,
  false,
  false,
  false,
  false,
  false,
  false,
  false,
  false,
  false,
  false,
  false,
  false,
  false,
  false,
  false,
  false,
  false,
  false,
  false,
  false,
  false,
  false,
  false,
  false,
  false,
  false,
  false,
  false,
  false,
  false,
  false,
  false,
  false,
  false,
  false,
  false,
  false,
  false,
  false,
  false,
  false,
  false,
  false,
  false,
  false,
  false,
  false,
  false,
  false,
  false,
  false,
  false,
  false,
  false,
  false,
  false,
  false,
  false,
  false,
  false,
  false,
  false,
  false,
  false,
  false,
  false,
  false,
  false,
  false,
  false,
  false,
  false,
  false,
  false,
  false,
  false,
  false,
  false,
  false,
  false,
  false,
  false,
  false,
  false,
  false,
  false,
  false,
  false,
  false,
  false,
  false,
  false,
  false,
  false,
  false,
  false,
  false,
  false,
  false,
  false,
  false,
  false,
  false,
  false,
  false,
  false,
  false,
  false,
  false,
  false,
  false,
  false,
  false,
  false,
  false,
  false,
  false,
  false,
  false,
  false,
  false,
  false,
  false,
  false,
  false,
  false,
  false,
  false,
  false,
  false,
  false,
  false,
  false,
  false,
  false,
  false,
  false,
  false,
  false,
  false,
  false,
  false,
  false,
  false,
  false,
  false,
  false,
  false,
  false,
  false,
  false,
  false,
  false,
  false,
  false,
  false,
  false,
  false,
  false,
  false,
  false,
  false,
  false,
  false,
  false,
  false,
  false,
  false,
  false,
  false,
  false,
  false,
  false,
  false,
  false,
  false,
  false,
  false,
  false,
  false,
  false,
  false,
  false,
  false,
  false,
  false,
  false,
  false,
  false,
  false,
  false,
  false,
  false,
  false,
  false,
  false,
  false,
  false,
  false,
  false,
  false,
  false,
  false,
  false,
  false,
  false,
  false,
  false,
  false,
  false,
  false,
  false,
  false,
  false,
  false,
  false,
  false,
  false,
  false,
  false,
  false,
  false,
  false,
  false,
  false,
  false,
  false,
  false,
  false,
  false,
  false,
  false,
  false,
  false,
  false,
  false,
  false,
  false,
  false,
  false,
  false,
  false,
  false,
  false,
  false,
  false,
  false,
  false,
  false,
  false,
  false,
  false,
  false,
  false,
  false,
  false,
  false,
  false,
  false,
  false,
  false,
  false,
  false,
  false,
  false,
  false,
  false,
  false,
  false,
  false,
  false,
  false,
  false,
  false,
  false,
  false,
  false,
  false,
  false,
  false,
  false,
  false,
  false,
  false,
  false,
  false,
  false,
  false,
  false,
  false,
  false,
  false,
  false,
  false,
  false,
  false,
  false,
  false,
  false,
  false,
  false,
  false,
  false,
  false,
  false,
  false,
  false,
  false,
  false,
  false,
  false,
  false,
  false,
  false,
  false,
  false,
  false,
  false,
  false,
  false,
  false,
  false,
  false,
  false,
  false,
  false,
  false,
  false,
  false,
  false,
  false,
  false,
  false,
  false,
  false,
  false,
  false,
  false,
  false,
  false,
  false,
  false,
  false,
  false,
  false,
  false,
  false,
  false,
  false,
  false,
  false,
  false,
  false,
  false,
  false,
  false,
  false,
  false,
  false,
  false,
  false,
  false,
  false,
  false,
  false,
  false,
  false,
  false,
  false,
  false,
  false,
  false,
  false,
  false,
  false,
  false,
  false,
  false,
  false,
  false,
  false,
  false,
  false,
  false,
  false,
  false,
  false,
  false,
  false,
  false,
  false,
  false,
  false,
  false,
  false,
  false,
  false,
  false,
  false,
  false,
  false,
  false,
  false,
  false,
  false,
  false,
  false,
  false,
  false,
  false,
  false,
  false,
  false,
  false,
  false,
  false,
  false,
  false,
  false,
  false,
  false,
  false,
  false,
  false,
  false,
  false,
  false,
  false,
  false,
  false,
  false,
  false,
  false,
  false,
  false,
  false,
  false,
  false,
  false,
  false,
  false,
  false,
  false,
  false,
  false,
  false,
  false,
  false,
  false,
  false,
  false,
  false,
  false,
  false,
  false,
  false,
  false,
  false,
  false,
  false,
  false,
  false,
  false,
  false,
  false,
  false,
  false,
  false,
  false,
  false,
  false,
  false,
  false,
  false,
  false,
  false,
  false,
  false,
  false,
  false,
  false,
  false,
  false,
  false,
  false,
  false,
  false,
  false,
  false,
  false,
  false,
  false,
  false,
  false,
  false,
  false,
  false,
  false,
  false,
  false,
  false,
  false,
  false,
  false,
  false,
  false,
  false,
  false,
  false,
  false,
  false,
  false,
  false,
  false,
  false,
  false,
  false,
  false,
  false,
  false,
  false,
  false,
  false,
  false,
  false,
  false,
  false,
  false,
  false,
  false,
  false,
  false,
  false,
  false,
  false,
  false,
  false,
  false,
  false,
  false,
  false,
  false,
  false,
  false,
  false,
  false,
  false,
  false,
  false,
  false,
  false,
  false,
  false,
  false,
  false,
  false,
  false,
  false,
  false,
  false,
  false,
  false,
  false,
  false,
  false,
  false,
  false,
  false,
  false,
  false,
  false,
  false,
  false,
  false,
  false,
  false,
  false,
  false,
  false,
  false,
  false,
  false,
  false,
  false,
  false,
  false,
  false,
  false,
  false,
  false,
  false,
  false,
  false,
  false,
  false,
  false,
  false,
  false,
  false,
  false,
  false,
  false,
  false,
  false,
  false,
  false,
  false,
  false,
  false,
  false,
  false,
  false,
  false,
  false,
  false,
  false,
  false,
  false,
  false,
  false,
  false,
  false,
  false,
  false,
  false,
  false,
  false,
  false,
  false,
  false,
  false,
  false,
  false,
  false,
  false,
  false,
  false,
  false,
  false,
  false,
  false,
  false,
  false,
  false,
  false,
  false,
  false,
  false,
  false,
  false,
  false,
  false,
  false,
  false,
  false,
  false,
  false,
  false,
  false,
  false,
  false,
  false,
  false,
  false,
  false,
  false,
  false,
  false,
  false,
  false,
  false,
  false,
  false,
  false,
  false,
  false,
  false,
  false,
  false,
  false,
  false,
  false,
  false,
  false,
  false,
  false,
  false,
  false,
  false,
  false,
  false,
  false,
  false,
  false,
  false,
  false,
  false,
  false,
  false,
  false,
  false,
  false,
  false,
  false,
  false,
  false,
  false,
  false,
  false,
  false,
  false,
  false,
  false,
  false,
  false,
  false,
  false,
  false,
  false,
  false,
  false,
  false,
  false,
  false,
  false,
  false,
  false,
  false,
  false,
  false,
  false,
  false,
  false,
  false,
  false,
  false,
  false,
  false,
  false,
  false,
  false,
  false,
  false,
  false,
  false,
  false,
  false,
  false,
  false,
  false,
  false,
  false,
  false,
  false,
  false,
  false,
  false,
  false,
  false,
  false,
  false,
  false,
  false,
  false,
  false,
  false,
  false,
  false,
  false,
  false,
  false,
  false,
  false,
  false,
  false,
  false,
  false,
  false,
  false,
  false,
  false,
  false,
  false,
  false,
  false,
  false,
  false,
  false,
  false,
  false,
  false,
  false,
  false,
  false,
  false,
  false,
  false,
  false,
  false,
  false,
  false,
  false,
  false,
  false,
  false,
  false,
  false,
  false,
  false,
  false,
  false,
  false,
  false,
  false,
  false,
  false,
  false,
  false,
  false,
  false,
  false,
  false,
  false,
  false,
  false,
  false,
  false,
  false,
  false,
  false,
  false,
  false,
  false,
  false,
  false,
  false,
  false,
  false,
  false,
  false,
  false,
  false,
  false,
  false,
  false,
  false,
  false,
  false,
  false,
  false,
  false,
  false,
  false,
  false,
  false,
  false,
  false,
  false,
  false,
  false,
  false,
  false,
  false,
  false,
  false,
  false,
  false,
  false,
  false,
  false,
  false,
  false,
  false,
  false,
  false,
  false,
  false,
  false,
  false,
  false,
  false,
  false,
  false,
  false,
  false,
  false,
  false,
  false,
  false,
  false,
  false,
  false,
  false,
  false,
  false,
  false,
  false,
  false,
  false,
  false,
  false,
  false,
  false,
  false,
  false,
  false,
  false,
  false,
  false,
  false,
  false,
  false,
  false,
  false,
  false,
  false,
  false,
  false,
  false,
  false,
  false,
  false,
  false,
  false,
  false,
  false,
  false,
  false,
  false,
  false,
  false,
  false,
  false,
  false,
  false,
  false,
  false,
  false,
  false,
  false,
  false,
  false,
  false,
  false,
  false,
  false,
  false,
  false,
  false,
  false,
  false,
  false,
  false,
  false,
  false,
  false,
  false,
  false,
  false,
  false,
  false,
  false,
  false,
  false,
  false,
  false,
  false,
  false,
  false,
  false,
  false,
  false,
  false,
  false,
  false,
  false,
  false,
  false,
  false,
  false,
  false,
  false,
  false,
  false,
  false,
  false,
  false,
  false,
  false,
  false,
  false,
  false,
  false,
  false,
  false,
  false,
  false,
  false,
  false,
  false,
  false,
  false,
  false,
  false,
  false,
  false,
  false,
  false,
  false,
  false,
  false,
  false,
  false,
  false,
  false,
  false,
  false,
  false,
  false,
  false,
  false,
  false,
  false,
  false,
  false,
  false,
  false,
  false,
  false,
  false,
  false,
  false,
  false,
  false,
  false,
  false,
  false,
  false,
  false,
  false,
  false,
  false,
  false,
  false,
  false,
  false,
  false,
  false,
  false,
  false,
  false,
  false,
  false,
  false,
  false,
  false,
  false,
  false,
  false,
  false,
  false,
  false,
  false,
  false,
  false,
  false,
  false,
  false,
  false,
  false,
  false,
  false,
  false,
  false,
  false,
  false,
  false,
  false,
  false,
  false,
  false,
  false,
  false,
  false,
  false,
  false,
  false,
  false,
  false,
  false,
  false,
  false,
  false,
  false,
  false,
  false,
  false,
  false,
  false,
  false,
  false,
  false,
  false,
  false,
  false,
  false,
  false,
  false,
  false,
  false,
  false,
  false,
  false,
  false,
  false,
  false,
  false,
  false,
  false,
  false,
  false,
  false,
  false,
  false,
  false,
  false,
  false,
  false,
  false,
  false,
  false,
  false,
  false,
  false,
  false,
  false,
  false,
  false,
  false,
  false,
  false,
  false,
  false,
  false,
  false,
  false,
  false,
  false,
  false,
  false,
  false,
  false,
  false,
  false,
  false,
  false,
  false,
  false,
  false,
  false,
  false,
  false,
  false,
  false,
  false,
  false,
  false,
  false,
  false,
  false,
  false,
  false,
  false,
  false,
  false,
  false,
  false,
  false,
  false,
  false,
  false,
  false,
  false,
  false,
  false,
  false,
  false,
  false,
  false,
  false,
  false,
  false,
  false,
  false,
  false,
  false,
  false,
  false,
  false,
  false,
  false,
  false,
  false,
  false,
  false,
  false,
  false,
  false,
  false,
  false,
  false,
  false,
  false,
  false,
  false,
  false,
  false,
  false,
  false,
  false,
  false,
  false,
  false,
  false,
  false,
  false,
  false,
  false,
  false,
  false,
  false,
  false,
  false,
  false,
  false,
  false,
  false,
  false,
  false,
  false,
  false,
  false,
  false,
  false,
  false,
  false,
  false,
  false,
  false,
  false,
  false,
  false,
  false,
  false,
  false,
  false,
  false,
  false,
  false,
  false,
  false,
  false,
  false,
  false,
  false,
  false,
  false,
  false,
  false,
  false,
  false,
  false,
  false,
  false,
  false,
  false,
  false,
  false,
  false,
  false,
  false,
  false,
  false,
  false,
  false,
  false,
  false,
  false,
  false,
  false,
  false,
  false,
  false,
  false,
  false,
  false,
  false,
  false,
  false,
  false,
  false,
  false,
  false,
  false,
  false,
  false,
  false,
  false,
  false,
  false,
  false,
  false,
  false,
  false,
  false,
  false,
  false,
  false,
  false,
  false,
  false,
  false,
  false,
  false,
  false,
  false,
  false,
  false,
  false,
  false,
  false,
  false,
  false,
  false,
  false,
  false,
  false,
  false,
  false,
  false,
  false,
  false,
  false,
  false,
  false,
  false,
  false,
  false,
  false,
  false,
  false,
  false,
  false,
  false,
  false,
  false,
  false,
  false,
  false,
  false,
  false,
  false,
  false,
  false,
  false,
  false,
  false,
  false,
  false,
  false,
  false,
  false,
  false,
  false,
  false,
  false,
  false,
  false,
  false,
  false,
  false,
  false,
  false,
  false,
  false,
  false,
  false,
  false,
  false,
  false,
  false,
  false,
  false,
  false,
  false,
  false,
  false,
  false,
  false,
  false,
  false,
  false,
  false,
  false,
  false,
  false,
  false,
  false,
  false,
  false,
  false,
  false,
  false,
  false,
  false,
  false,
  false,
  false,
  false,
  false,
  false,
  false,
  false,
  false,
  false,
  false,
  false,
  false,
  false,
  false,
  false,
  false,
  false,
  false,
  false,
  false,
  false,
  false,
  false,
  false,
  false,
  false,
  false,
  false,
  false,
  false,
  false,
  false,
  false,
  false,
  false,
  false,
  false,
  false,
  false,
  false,
  false,
  false,
  false,
  false,
  false,
  false,
  false,
  false,
  false,
  false,
  false,
  false,
  false,
  false,
  false,
  false,
  false,
  false,
  false,
  false,
  false,
  false,
  false,
  false,
  false,
  false,
  false,
  false,
  false,
  false,
  false,
  false,
  false,
  false,
  false,
  false,
  false,
  false,
  false,
  false,
  false,
  false,
  false,
  false,
  false,
  false,
  false,
  false,
  false,
  false,
  false,
  false,
  false,
  false,
  false,
  false,
  false,
  false,
  false,
  false,
  false,
  false,
  false,
  false,
  false,
  false,
  false,
  false,
  false,
  false,
  false,
  false,
  false,
  false,
  false,
  false,
  false,
  false,
  false,
  false,
  false,
  false,
  false,
  false,
  false,
  false,
  false,
  false,
  false,
  false,
  false,
  false,
  false,
  false,
  false,
  false,
  false,
  false,
  false,
  false,
  false,
  false,
  false,
  false,
  false,
  false,
  false,
  false,
  false,
  false,
  false,
  false,
  false,
  false,
  false,
  false,
  false,
  false,
  false,
  false,
  false,
  false,
  false,
  false,
  false,
  false,
  false,
  false,
  false,
  false,
  false,
  false,
  false,
  false,
  false,
  false,
  false,
  false,
  false,
  false,
  false,
  false,
  false,
  false,
  false,
  false,
  false,
  false,
  false,
  false,
  false,
  false,
  false,
  false,
  false,
  false,
  false,
  false,
  false,
  false,
  false,
  false,
  false,
  false,
  false,
  false,
  false,
  false,
  false,
  false,
  false,
  false,
  false,
  false,
  false,
  false,
  false,
  false,
  false,
  false,
  false,
  false,
  false,
  false,
  false,
  false,
  false,
  false,
  false,
  false,
  false,
  false,
  false,
  false,
  false,
  false,
  false,
  false,
  false,
  false,
  false,
  false,
  false,
  false,
  false,
  false,
  false,
  false,
  false,
  false,
  false,
  false,
  false,
  false,
  false,
  false,
  false,
  false,
  false,
  false,
  false,
  false,
  false,
  false,
  false,
  false,
  false,
  false,
  false,
  false,
  false,
  false,
  false,
  false,
  false,
  false,
  false,
  false,
  false,
  false,
  false,
  false,
  false,
  false,
  false,
  false,
  false,
  false,
  false,
  false,
  false,
  false,
  false,
  false,
  false,
  false,
  false,
  false,
  false,
  false,
  false,
  false,
  false,
  false,
  false,
  false,
  false,
  false,
  false,
  false,
  false,
  false,
  false,
  false,
  false,
  false,
  false,
  false,
  false,
  false,
  false,
  false,
  false,
  false,
  false,
  false,
  false,
  false,
  false,
  false,
  false,
  false,
  false,
  false,
  false,
  false,
  false,
  false,
  false,
  false,
  false,
  false,
  false,
  false,
  false,
  false,
  false,
  false,
  false,
  false,
  false,
  false,
  false,
  false,
  false,
  false,
  false,
  false,
  false,
  false,
  false,
  false,
  false,
  false,
  false,
  false,
  false,
  false,
  false,
  false,
  false,
  false,
  false,
  false,
  false,
  false,
  false,
  false,
  false,
  false,
  false,
  false,
  false,
  false,
  false,
  false,
  false,
  false,
  false,
  false,
  false,
  false,
  false,
  false,
  false,
  false,
  false,
  false,
  false,
  false,
  false,
  false,
  false,
  false,
  false,
  false,
  false,
  false,
  false,
  false,
  false,
  false,
  false,
  false,
  false,
  false,
  false,
  false,
  false,
  false,
  false,
  false,
  false,
  false,
  false,
  false,
  false,
  false,
  false,
  false,
  false,
  false,
  false,
  false,
  false,
  false,
  false,
  false,
  false,
  false,
  false,
  false,
  false,
  false,
  false,
  false,
  false,
  false,
  false,
  false,
  false,
  false,
  false,
  false,
  false,
  false,
  false,
  false,
  false,
  false,
  false,
  false,
  false,
  false,
  false,
  false,
  false,
  false,
  false,
  false,
  false,
  false,
  false,
  false,
  false,
  false,
  false,
  false,
  false,
  false,
  false,
  false,
  false,
  false,
  false,
  false,
  false,
  false,
  false,
  false,
  false,
  false,
  false,
  false,
  false,
  false,
  false,
  false,
  false,
  false,
  false,
  false,
  false,
  false,
  false,
  false,
  false,
  false,
  false,
  false,
  false,
  false,
  false,
  false,
  false,
  false,
  false,
  false,
  false,
  false,
  false,
  false,
  false,
  false,
  false,
  false,
  false,
  false,
  false,
  false,
  false,
  false,
  false,
  false,
  false,
  false,
  false,
  false,
  false,
  false,
  false,
  false,
  false,
  false,
  false,
  false,
  false,
  false,
  false,
  false,
  false,
  false,
  false,
  false,
  false,
  false,
  false,
  false,
  false,
  false,
  false,
  false,
  false,
  false,
  false,
  false,
  false,
  false,
  false,
  false,
  false,
  false,
  false,
  false,
  false,
  false,
  false,
  false,
  false,
  false,
  false,
  false,
  false,
  false,
  false,
  false,
  false,
  false,
  false,
  false,
  false,
  false,
  false,
  false,
  false,
  false,
  false,
  false,
  false,
  false,
  false,
  false,
  false,
  false,
  false,
  false,
  false,
  false,
  false,
  false,
  false,
  false,
  false,
  false,
  false,
  false,
  false,
  false,
  false,
  false,
  false,
  false,
  false,
  false,
  false,
  false,
  false,
  false,
  false,
  false,
  false,
  false,
  false,
  false,
  false,
  false,
  false,
  false,
  false,
  false,
  false,
  false,
  false,
  false,
  false,
  false,
  false,
  false,
  false,
  false,
  false,
  false,
  false,
  false,
  false,
  false,
  false,
  false,
  false,
  false,
  false,
  false,
  false,
  false,
  false,
  false,
  false,
  false,
  false,
  false,
  false,
  false,
  false,
  false,
  false,
  false,
  false,
  false,
  false,
  false,
  false,
  false,
  false,
  false,
  false,
  false,
  false,
  false,
  false,
  false,
  false,
  false,
  false,
  false,
  false,
  false,
  false,
  false,
  false,
  false,
  false,
  false,
  false,
  false,
  false,
  false,
  false,
  false,
  false,
  false,
  false,
  false,
  false,
  false,
  false,
  false,
  false,
  false,
  false,
  false,
  false,
  false,
  false,
  false,
  false,
  false,
  false,
  false,
  false,
  false,
  false,
  false,
  false,
  false,
  false,
  false,
  false,
  false,
  false,
  false,
  false,
  false,
  false,
  false,
  false,
  false,
  false,
  false,
  false,
  false,
  false,
  false,
  false,
  false,
  false,
  false,
  false,
  false,
  false,
  false,
  false,
  false,
  false,
  false,
  false,
  false,
  false,
  false,
  false,
  false,
  false,
  false,
  false,
  false,
  false,
  false,
  false,
  false,
  false,
  false,
  false,
  false,
  false,
  false,
  false,
  false,
  false,
  false,
  false,
  false,
  false,
  false,
  false,
  false,
  false,
  false,
  false,
  false,
  false,
  false,
  false,
  false,
  false,
  false,
  false,
  false,
  false,
  false,
  false,
  false,
  false,
  false,
  false,
  false,
  false,
  false,
  false,
  false,
  false,
  false,
  false,
  false,
  false,
  false,
  false,
  false,
  false,
  false,
  false,
  false,
  false,
  false,
  false,
  false,
  false,
  false,
  false,
  false,
  false,
  false,
  false,
  false,
  false,
  false,
  false,
  false,
  false,
  false,
  false,
  false,
  false,
  false,
  false,
  false,
  false,
  false,
  false,
  false,
  false,
  false,
  false,
  false,
  false,
  false,
  false,
  false,
  false,
  false,
  false,
  false,
  false,
  false,
  false,
  false,
  false,
  false,
  false,
  false,
  false,
  false,
  false,
  false,
  false,
  false,
  false,
  false,
  false,
  false,
  false,
  false,
  false,
  false,
  false,
  false,
  false,
  false,
  false,
  false,
  false,
  false,
  false,
  false,
  false,
  false,
  false,
  false,
  false,
  false,
  false,
  false,
  false,
  false,
  false,
  false,
  false,
  false,
  false,
  false,
  false,
  false,
  false,
  false,
  false,
  false,
  false,
  false,
  false,
  false,
  false,
  false,
  false,
  false,
  false,
  false,
  false,
  false,
  false,
  false,
  false,
  false,
  false,
  false,
  false,
  false,
  false,
  false,
  false,
  false,
  false,
  false,
  false,
  false,
  false,
  false,
  false,
  false,
  false,
  false,
  false,
  false,
  false,
  false,
  false,
  false,
  false,
  false,
  false,
  false,
  false,
  false,
  false,
  false,
  false,
  false,
  false,
  false,
  false,
  false,
  false,
  false,
  false,
  false,
  false,
  false,
  false,
  false,
  false,
  false,
  false,
  false,
  false,
  false,
  false,
  false,
  false,
  false,
  false,
  false,
  false,
  false,
  false,
  false,
  false,
  false,
  false,
  false,
  false,
  false,
  false,
  false,
  false,
  false,
  false,
  false,
  false,
  false,
  false,
  false,
  false,
  false,
  false,
  false,
  false,
  false,
  false,
  false,
  false,
  false,
  false,
  false,
  false,
  false,
  false,
  false,
  false,
  false,
  false,
  false,
  false,
  false,
  false,
  false,
  false,
  false,
  false,
  false,
  false,
  false,
  false,
  false,
  false,
  false,
  false,
  false,
  false,
  false,
  false,
  false,
  false,
  false,
  false,
  false,
  false,
  false,
  false,
  false,
  false,
  false,
  false,
  false,
  false,
  false,
  false,
  false,
  false,
  false,
  false,
  false,
  false,
  false,
  false,
  false,
  false,
  false,
  false,
  false,
  false,
  false,
  false,
  false,
  false,
  false,
  false,
  false,
  false,
  false,
  false,
  false,
  false,
  false,
  false,
  false,
  false,
  false,
  false,
  false,
  false,
  false,
  false,
  false,
  false,
  false,
  false,
  false,
  false,
  false,
  false,
  false,
  false,
  false,
  false,
  false,
  false,
  false,
  false,
  false,
  false,
  false,
  false,
  false,
  false,
  false,
  false,
  false,
  false,
  false,
  false,
  false,
  false,
  false,
  false,
  false,
  false,
  false,
  false,
  false,
  false,
  false,
  false,
  false,
  false,
  false,
  false,
  false,
  false,
  false,
  false,
  false,
  false,
  false,
  false,
  false,
  false,
  false,
  false,
  false,
  false,
  false,
  false,
  false,
  false,
  false,
  false,
  false,
  false,
  false,
  false,
  false,
  false,
  false,
  false,
  false,
  false,
  false,
  false,
  false,
  false,
  false,
  false,
  false,
  false,
  false,
  false,
  false,
  false,
  false,
  false,
  false,
  false,
  false,
  false,
  false,
  false,
  false,
  false,
  false,
  false,
  false,
  false,
  false,
  false,
  false,
  false,
  false,
  false,
  false,
  false,
  false,
  false,
  false,
  false,
  false,
  false,
  false,
  false,
  false,
  false,
  false,
  false,
  false,
  false,
  false,
  false,
  false,
  false,
  false,
  false,
  false,
  false,
  false,
  false,
  false,
  false,
  false,
  false,
  false,
  false,
  false,
  false,
  false,
  false,
  false,
  false,
  false,
  false,
  false,
  false,
  false,
  false,
  false,
  false,
  false,
  false,
  false,
  false,
  false,
  false,
  false,
  false,
  false,
  false,
  false,
  false,
  false,
  false,
  false,
  false,
  false,
  false,
  false,
  false,
  false,
  false,
  false,
  false,
  false,
  false,
  false,
  false,
  false,
  false,
  false,
  false,
  false,
  false,
  false,
  false,
  false,
  false,
  false,
  false,
  false,
  false,
  false,
  false,
  false,
  false,
  false,
  false,
  false,
  false,
  false,
  false,
  false,
  false,
  false,
  false,
  false,
  false,
  false,
  false,
  false,
  false,
  false,
  false,
  false,
  false,
  false,
  false,
  false,
  false,
  false,
  false,
  false,
  false,
  false,
  false,
  false,
  false,
  false,
  false,
  false,
  false,
  false,
  false,
  false,
  false,
  false,
  false,
  false,
  false,
  false,
  false,
  false,
  false,
  false,
  false,
  false,
  false,
  false,
  false,
  false,
  false,
  false,
  false,
  false,
  false,
  false,
  false,
  false,
  false,
  false,
  false,
  false,
  false,
  false,
  false,
  false,
  false,
  false,
  false,
  false,
  false,
  false,
  false,
  false,
  false,
  false,
  false,
  false,
  false,
  false,
  false,
  false,
  false,
  false,
  false,
  false,
  false,
  false,
  false,
  false,
  false,
  false,
  false,
  false,
  false,
  false,
  false,
  false,
  false,
  false,
  false,
  false,
  false,
  false,
  false,
  false,
  false,
  false,
  false,
  false,
  false,
  false,
  false,
  false,
  false,
  false,
  false,
  false,
  false,
  false,
  false,
  false,
  false,
  false,
  false,
  false,
  false,
  false,
  false,
  false,
  false,
  false,
  false,
  false,
  false,
  false,
  false,
  false,
  false,
  false,
  false,
  false,
  false,
  false,
  false,
  false,
  false,
  false,
  false,
  false,
  false,
  false,
  false,
  false,
  false,
  false,
  false,
  false,
  false,
  false,
  false,
  false,
  false,
  false,
  false,
  false,
  false,
  false,
  false,
  false,
  false,
  false,
  false,
  false,
  false,
  false,
  false,
  false,
  false,
  false,
  false,
  false,
  false,
  false,
  false,
  false,
  false,
  false,
  false,
  false,
  false,
  false,
  false,
  false,
  false,
  false,
  false,
  false,
  false,
  false,
  false,
  false,
  false,
  false,
  false,
  false,
  false,
  false,
  false,
  false,
  false,
  false,
  false,
  false,
  false,
  false,
  false,
  false,
  false,
  false,
  false,
  false,
  false,
  false,
  false,
  false,
  false,
  false,
  false,
  false,
  false,
  false,
  false,
  false,
  false,
  false,
  false,
  false,
  false,
  false,
  false,
  false,
  false,
  false,
  false,
  false,
  false,
  false,
  false,
  false,
  false,
  false,
  false,
  false,
  false,
  false,
  false,
  false,
  false,
  false,
  false,
  false,
  false,
  false,
  false,
  false,
  false,
  false,
  false,
  false,
  false,
  false,
  false,
  false,
  false,
  false,
  false,
  false,
  false,
  false,
  false,
  false,
  false,
  false,
  false,
  false,
  false,
  false,
  false,
  false,
  false,
  false,
  false,
  false,
  false,
  false,
  false,
  false,
  false,
  false,
  false,
  false,
  false,
  false,
  false,
  false,
  false,
  false,
  false,
  false,
  false,
  false,
  false,
  false,
  false,
  false,
  false,
  false,
  false,
  false,
  false,
  false,
  false,
  false,
  false,
  false,
  false,
  false,
  false,
  false,
  false,
  false,
  false,
  false,
  false,
  false,
  false,
  false,
  false,
  false,
  false,
  false,
  false,
  false,
  false,
  false,
  false,
  false,
  false,
  false,
  false,
  false,
  false,
  false,
  false,
  false,
  false,
  false,
  false,
  false,
  false,
  false,
  false,
  false,
  false,
  false,
  false,
  false,
  false,
  false,
  false,
  false,
  false,
  false,
  false,
  false,
  false,
  false,
  false,
  false,
  false,
  false,
  false,
  false,
  false,
  false,
  false,
  false,
  false,
  false,
  false,
  false,
  false,
  false,
  false,
  false,
  false,
  false,
  false,
  false,
  false,
  false,
  false,
  false,
  false,
  false,
  false,
  false,
  false,
  false,
  false,
  false,
  false,
  false,
  false,
  false,
  false,
  false,
  false,
  false,
  false,
  false,
  false,
  false,
  false,
  false,
  false,
  false,
  false,
  false,
  false,
  false,
  false,
  false,
  false,
  false,
  false,
  false,
  false,
  false,
  false,
  false,
  false,
  false,
  false,
  false,
  false,
  false,
  false,
  false,
  false,
  false,
  false,
  false,
  false,
  false,
  false,
  false,
  false,
  false,
  false,
  false,
  false,
  false,
  false,
  false,
  false,
  false,
  false,
  false,
  false,
  false,
  false,
  false,
  false,
  false,
  false,
  false,
  false,
  false,
  false,
  false,
  false,
  false,
  false,
  false,
  false,
  false,
  false,
  false,
  false,
  false,
  false,
  false,
  false,
  false,
  false,
  false,
  false,
  false,
  false,
  false,
  false,
  false,
  false,
  false,
  false,
  false,
  false,
  false,
  false,
  false,
  false,
  false,
  false,
  false,
  false,
  false,
  false,
  false,
  false,
  false,
  false,
  false,
  false,
  false,
  false,
  false,
  false,
  false,
  false,
  false,
  false,
  false,
  false,
  false,
  false,
  false,
  false,
  false,
  false,
  false,
  false,
  false,
  false,
  false,
  false,
  false,
  false,
  false,
  false,
  false,
  false,
  false,
  false,
  false,
  false,
  false,
  false,
  false,
  false,
  false,
  false,
  false,
  false,
  false,
  false,
  false,
  false,
  false,
  false,
  false,
  false,
  false,
  false,
  false,
  false,
  false,
  false,
  false,
  false,
  false,
  false,
  false,
  false,
  false,
  false,
  false,
  false,
  false,
  false,
  false,
  false,
  false,
  false,
  false,
  false,
  false,
  false,
  false,
  false,
  false,
  false,
  false,
  false,
  false,
  false,
  false,
  false,
  false,
  false,
  false,
  false,
  false,
  false,
  false,
  false,
  false,
  false,
  false,
  false,
  false,
  false,
  false,
  false,
  false,
  false,
  false,
  false,
  false,
  false,
  false,
  false,
  false,
  false,
  false,
  false,
  false,
  false,
  false,
  false,
  false,
  false,
  false,
  false,
  false,
  false,
  false,
  false,
  false,
  false,
  false,
  false,
  false,
  false,
  false,
  false,
  false,
  false,
  false,
  false,
  false,
  false,
  false,
  false,
  false,
  false,
  false,
  false,
  false,
  false,
  false,
  false,
  false,
  false,
  false,
  false,
  false,
  false,
  false,
  false,
  false,
  false,
  false,
  false,
  false,
  false,
  false,
  false,
  false,
  false,
  false,
  false,
  false,
  false,
  false,
  false,
  false,
  false,
  false,
  false,
  false,
  false,
  false,
  false,
  false,
  false,
  false,
  false,
  false,
  false,
  false,
  false,
  false,
  false,
  false,
  false,
  false,
  false,
  false,
  false,
  false,
  false,
  false,
  false,
  false,
  false,
  false,
  false,
  false,
  false,
  false,
  false,
  false,
  false,
  false,
  false,
  false,
  false,
  false,
  false,
  false,
  false,
  false,
  false,
  false,
  false,
  false,
  false,
  false,
  false,
  false,
  false,
  false,
  false,
  false,
  false,
  false,
  false,
  false,
  false,
  false,
  false,
  false,
  false,
  false,
  false,
  false,
  false,
  false,
  false,
  false,
  false,
  false,
  false,
  false,
  false,
  false,
  false,
  false,
  false,
  false,
  false,
  false,
  false,
  false,
  false,
  false,
  false,
  false,
  false,
  false,
  false,
  false,
  false,
  false,
  false,
  false,
  false,
  false,
  false,
  false,
  false,
  false,
  false,
  false,
  false,
  false,
  false,
  false,
  false,
  false,
  false,
  false,
  false,
  false,
  false,
  false,
  false,
  false,
  false,
  false,
  false,
  false,
  false,
  false,
  false,
  false,
  false,
  false,
  false,
  false,
  false,
  false,
  false,
  false,
  false,
  false,
  false,
  false,
  false,
  false,
  false,
  false,
  false,
  false,
  false,
  false,
  false,
  false,
  false,
  false,
  false,
  false,
  false,
  false,
  false,
  false,
  false,
  false,
  false,
  false,
  false,
  false,
  false,
  false,
  false,
  false,
  false,
  false,
  false,
  false,
  false,
  false,
  false,
  false,
  false,
  false,
  false,
  false,
  false,
  false,
  false,
  false,
  false,
  false,
  false,
  false,
  false,
  false,
  false,
  false,
  false,
  false,
  false,
  false,
  false,
  false,
  false,
  false,
  false,
  false,
  false,
  false,
  false,
  false,
  false,
  false,
  false,
  false,
  false,
  false,
  false,
  false,
  false,
  false,
  false,
  false,
  false,
  false,
  false,
  false,
  false,
  false,
  false,
  false,
  false,
  false,
  false,
  false,
  false,
  false,
  false,
  false,
  false,
  false,
  false,
  false,
  false,
  false,
  false,
  false,
  false,
  false,
  false,
  false,
  false,
  false,
  false,
  false,
  false,
  false,
  false,
  false,
  false,
  false,
  false,
  false,
  false,
  false,
  false,
  false,
  false,
  false,
  false,
  false,
  false,
  false,
  false,
  false,
  false,
  false,
  false,
  false,
  false,
  false,
  false,
  false,
  false,
  false,
  false,
  false,
  false,
  false,
  false,
  false,
  false,
  false,
  false,
  false,
  false,
  false,
  false,
  false,
  false,
  false,
  false,
  false,
  false,
  false,
  false,
  false,
  false,
  false,
  false,
  false,
  false,
  false,
  false,
  false,
  false,
  false,
  false,
  false,
  false,
  false,
  false,
  false,
  false,
  false,
  false,
  false,
  false,
  false,
  false,
  false,
  false,
  false,
  false,
  false,
  false,
  false,
  false,
  false,
  false,
  false,
  false,
  false,
  false,
  false,
  false,
  false,
  false,
  false,
  false,
  false,
  false,
  false,
  false,
  false,
  false,
  false,
  false,
  false,
  false,
  false,
  false,
  false,
  false,
  false,
  false,
  false,
  false,
]
`;

exports[`satMath.calculateSensorPos 0 1`] = `
Object {
  "gmst": 3.060036283246582,
  "lat": 41.754785,
  "lon": -70.539151,
  "x": -1213.6866533402522,
  "y": 4597.513953798109,
  "z": 4244.726864255864,
}
`;

exports[`satMath.calculateSensorPos 1 1`] = `
Object {
  "gmst": 3.060036283246582,
  "lat": 0,
  "lon": 0,
  "x": -6352.813603047286,
  "y": 519.2642149593568,
  "z": 0,
}
`;

exports[`satMath.calculateVisMag 0 1`] = `NaN`;

exports[`satMath.calculateVisMag 1 1`] = `NaN`;

exports[`satMath.calculateVisMag 2 1`] = `NaN`;

exports[`satMath.calculateVisMag 3 1`] = `NaN`;

exports[`satMath.calculateVisMag 4 1`] = `NaN`;

exports[`satMath.currentEpoch 0 1`] = `
Array [
  "N",
  "000000000NaN",
]
`;

exports[`satMath.currentEpoch 1 1`] = `
Array [
  "N",
  "000000000NaN",
]
`;

exports[`satMath.currentEpoch 2 1`] = `
Array [
  "N",
  "000000000NaN",
]
`;

exports[`satMath.currentEpoch 3 1`] = `
Array [
  "N",
  "000000000NaN",
]
`;

exports[`satMath.currentEpoch 4 1`] = `
Array [
  "N",
  "000000000NaN",
]
`;

exports[`satMath.distance 0 1`] = `"<br />Range: 0 km"`;

exports[`satMath.distance 1 1`] = `"<br />Range: 0 km"`;

exports[`satMath.eci2Rae 0 1`] = `
Object {
  "az": 282.6465158006936,
  "el": 24.087722788905875,
  "rng": 13719.763735687035,
}
`;

exports[`satMath.eci2ll 0 1`] = `
Object {
  "alt": -1779.238638500883,
  "lat": 61.02091100710635,
  "lon": -179.90855614241252,
}
`;

exports[`satMath.eci2ll 1 1`] = `
Object {
  "alt": -1279.1174864072145,
  "lat": 0,
  "lon": -142.0335724913143,
}
`;

exports[`satMath.getDops 0 1`] = `
Object {
  "gdop": 50,
  "hdop": 50,
  "pdop": 50,
  "tdop": 50,
  "vdop": 50,
}
`;

exports[`satMath.getEci 0 1`] = `
Object {
  "position": Object {
    "x": -3255.5913224559404,
    "y": 4363.784112324926,
    "z": 4085.215820748748,
  },
  "velocity": Object {
    "x": -3.024113363769604,
    "y": -5.878345310438518,
    "z": 3.8584690473918237,
  },
}
`;

exports[`satMath.getLlaTimeView 0 1`] = `
Object {
  "inView": 0,
  "lat": 22.160974038289133,
  "lon": -179.9919925719021,
  "time": "2020-01-01 05:00:00",
}
`;

exports[`satMath.getLlaTimeView 1 1`] = `
Object {
  "inView": 0,
  "lat": 22.160974038289133,
  "lon": -179.9919925719021,
  "time": "2020-01-01 05:00:00",
}
`;

exports[`satMath.getSunDirection 0 1`] = `
Array [
  994160.6817968423,
  41371.883931458935,
  99663.96534956724,
]
`;

exports[`satMath.getSunDirection 1 1`] = `
Array [
  8735.341567543164,
  -808044.7575527991,
  -589056.3331287905,
]
`;

exports[`satMath.getSunTimes 0 1`] = `undefined`;

exports[`satMath.getSunTimes 1 1`] = `undefined`;

exports[`satMath.getTEARR 0 1`] = `
Object {
  "alt": 886176327124355900000,
  "az": 259.3613738853662,
  "el": 52.712425579375065,
  "inView": false,
  "lat": 0.38678196241712925,
  "lon": -3.141452897604868,
  "rng": 886176327124355800000,
}
`;

exports[`satMath.getlookangles 0 1`] = `undefined`;

exports[`satMath.getlookangles 1 1`] = `undefined`;

exports[`satMath.getlookanglesMultiSite 0 1`] = `undefined`;

exports[`satMath.lookAngles2Ecf 0 1`] = `
Object {
  "x": 3399.2987560938654,
  "y": 6013.8733407148075,
  "z": -2379.043164190548,
}
`;

exports[`satMath.lookAngles2Ecf 1 1`] = `
Object {
  "x": 3697.567569850421,
  "y": 7959.494204847528,
  "z": 3243.7908022872425,
}
`;

exports[`satMath.map 0 1`] = `
Object {
  "inView": 0,
  "lat": 22.160974038289133,
  "lon": -179.9919925719021,
  "time": "2020-01-01 05:00:00",
}
`;

exports[`satMath.map 1 1`] = `
Object {
  "inView": 0,
  "lat": 22.160974038289133,
  "lon": -179.9919925719021,
  "time": "2020-01-01 05:00:00",
}
`;

exports[`satMath.nextNpasses 0 1`] = `
Array [
  2020-01-01T05:00:00.000Z,
  2020-01-01T05:00:00.000Z,
]
`;

exports[`satMath.nextpass 0 1`] = `"2020-01-01 05:00:00"`;

exports[`satMath.nextpass 1 1`] = `"No Passes in 2 Days"`;

exports[`satMath.nextpassList 0 1`] = `Array []`;

exports[`satMath.setTEARR 0 1`] = `undefined`;

exports[`satMath.setobs 0 1`] = `undefined`;

exports[`satMath.setobs 1 1`] = `undefined`;

exports[`satMath.setobs 2 1`] = `undefined`;

exports[`satMath.setobs 3 1`] = `undefined`;

exports[`satMath.setobs 4 1`] = `undefined`;

exports[`satMath.setobs 5 1`] = `undefined`;

exports[`satMath.setobs 6 1`] = `undefined`;

exports[`satMath.updateDopsTable 0 1`] = `undefined`;
