// Jest Snapshot v1, https://goo.gl/fbAQLP

exports[`satMath.findBestPasses 0 1`] = `undefined`;

exports[`satMath.getOrbitByLatLon 0 1`] = `
Array [
  "Error",
  "Failed to find a solution for Mean Anomaly",
]
`;

exports[`satMath.lookAngles2Ecf 0 1`] = `
Object {
  "x": 3399.2987560938654,
  "y": 6013.8733407148075,
  "z": -2379.043164190548,
}
`;

exports[`satMath.lookAngles2Ecf 1 1`] = `
Object {
  "x": 3697.567569850421,
  "y": 7959.494204847528,
  "z": 3243.7908022872425,
}
`;
