// Jest Snapshot v1, https://goo.gl/fbAQLP

exports[`satMath.calculateVisMag 0 1`] = `NaN`;

exports[`satMath.calculateVisMag 1 1`] = `NaN`;

exports[`satMath.calculateVisMag 2 1`] = `NaN`;

exports[`satMath.calculateVisMag 3 1`] = `NaN`;

exports[`satMath.calculateVisMag 4 1`] = `NaN`;

exports[`satMath.currentEpoch 0 1`] = `
Array [
  "N",
  "000000000NaN",
]
`;

exports[`satMath.currentEpoch 4 1`] = `
Array [
  "N",
  "000000000NaN",
]
`;

exports[`satMath.distance 0 1`] = `"<br />Range: 0 km"`;

exports[`satMath.distance 1 1`] = `"<br />Range: 0 km"`;

exports[`satMath.getTearData should handle isInFOV 1`] = `
Object {
  "az": 113.80780075611027,
  "el": 57.48814771937549,
  "name": "COD",
  "rng": 4439.658324055251,
  "time": "2022-01-01 00:00:00",
}
`;

exports[`satMath.getTearData should handle isInFOV and isRiseSetLookangles 1`] = `
Object {
  "az": -1,
  "el": -1,
  "name": "COD",
  "rng": -1,
  "time": "",
}
`;

exports[`satMath.getTearData should handle isInFOV and isRiseSetLookangles not previously in FOV but will be 1`] = `
Object {
  "az": 113.80780075611027,
  "el": 57.48814771937549,
  "name": "COD",
  "rng": 4439.658324055251,
  "time": "2022-01-01 00:00:00",
}
`;

exports[`satMath.getTearData should handle isInFOV and isRiseSetLookangles not previously in FOV but will be 2`] = `
Object {
  "az": -1,
  "el": -1,
  "name": "COD",
  "rng": -1,
  "time": "",
}
`;

exports[`satMath.setTEARR 0 1`] = `undefined`;

exports[`satMath.setobs 0 1`] = `undefined`;

exports[`satMath.setobs 1 1`] = `undefined`;

exports[`satMath.setobs 2 1`] = `undefined`;

exports[`satMath.setobs 3 1`] = `undefined`;

exports[`satMath.setobs 4 1`] = `undefined`;

exports[`satMath.setobs 5 1`] = `undefined`;

exports[`satMath.setobs 6 1`] = `undefined`;
