// Jest Snapshot v1, https://goo.gl/fbAQLP

exports[`satMath.createTle 0 1`] = `
Object {
  "TLE1": "1 25544U 1998-01A 20123.00000000 +.00003453 +00000-0 +71172-4 0 09991",
  "TLE2": "2 25544 010.0100 010.5000 0010000 001.0000 010.5000 15.15000000 00010",
}
`;

exports[`satMath.getlookangles 0 1`] = `Array []`;

exports[`satMath.getlookangles 1 1`] = `Array []`;

exports[`satMath.getlookangles 2 1`] = `
Array [
  Object {
    "az": 50,
    "el": 30,
    "name": "COD",
    "rng": 1000,
    "time": "2022-01-01T00:00:00.000Z",
  },
]
`;

exports[`satMath.getlookanglesMultiSite 0 1`] = `undefined`;

exports[`satMath.populateMultiSiteTable 0 1`] = `undefined`;
