// Jest Snapshot v1, https://goo.gl/fbAQLP

exports[`transforms.getDayOfYear 0 1`] = `1`;

exports[`transforms.getDayOfYear 1 1`] = `NaN`;

exports[`transforms.getDayOfYear 2 1`] = `1`;

exports[`transforms.getDayOfYear 3 1`] = `13`;

exports[`transforms.getDayOfYear 4 1`] = `NaN`;

exports[`transforms.jday 0 1`] = `1863786.3368055555`;

exports[`transforms.jday 1 1`] = `1855000.677777778`;

exports[`transforms.jday 2 1`] = `1863426.2925`;

exports[`transforms.jday 3 1`] = `1855337.5006828704`;

exports[`transforms.jday 4 1`] = `1863456.5444444444`;
