// Jest Snapshot v1, https://goo.gl/fbAQLP

exports[`transforms.dateFromJday 0 1`] = `1928-01-01T05:00:00.000Z`;

exports[`transforms.dateFromJday 1 1`] = `1915-01-28T05:00:00.000Z`;

exports[`transforms.dateFromJday 2 1`] = `1902-01-15T05:00:00.000Z`;

exports[`transforms.dateFromJday 3 1`] = `1928-01-02T05:00:00.000Z`;

exports[`transforms.dateFromJday 4 1`] = `1929-01-15T05:00:00.000Z`;

exports[`transforms.dateFromJday 5 1`] = `Date { NaN }`;

exports[`transforms.dateToLocalInIso 0 1`] = `"2020-01-13 00:00:00 GMT-05"`;

exports[`transforms.dateToLocalInIso 1 1`] = `"2030-01-01 00:00:00 GMT-05"`;

exports[`transforms.dateToLocalInIso 2 1`] = `"2020-01-01 00:00:00 GMT-05"`;

exports[`transforms.getDayOfYear 0 1`] = `1`;

exports[`transforms.getDayOfYear 1 1`] = `NaN`;

exports[`transforms.getDayOfYear 2 1`] = `1`;

exports[`transforms.getDayOfYear 3 1`] = `13`;

exports[`transforms.getDayOfYear 4 1`] = `NaN`;

exports[`transforms.jday 0 1`] = `1863786.3368055555`;

exports[`transforms.jday 1 1`] = `1855000.677777778`;

exports[`transforms.jday 2 1`] = `1863426.2925`;

exports[`transforms.jday 3 1`] = `1855337.5006828704`;

exports[`transforms.jday 4 1`] = `1863456.5444444444`;

exports[`transforms.jday 5 1`] = `-431999033`;

exports[`transforms.localToZulu 0 1`] = `2030-01-01T05:00:00.000Z`;

exports[`transforms.localToZulu 1 1`] = `2020-01-01T05:00:00.000Z`;

exports[`transforms.localToZulu 2 1`] = `2020-01-13T05:00:00.000Z`;

exports[`transforms.localToZulu 3 1`] = `Date { NaN }`;
