// Jest Snapshot v1, https://goo.gl/fbAQLP

exports[`stereoMap.bottomMenuClick 0 1`] = `undefined`;

exports[`stereoMap.bottomMenuClick 1 1`] = `undefined`;

exports[`stereoMap.bottomMenuClick 2 1`] = `undefined`;

exports[`stereoMap.bottomMenuClick 5 1`] = `undefined`;

exports[`stereoMap.hideSideMenus 0 1`] = `undefined`;

exports[`stereoMap.mapMenuClick 0 1`] = `undefined`;

exports[`stereoMap.onCruncherMessage 0 1`] = `undefined`;

exports[`stereoMap.uiManagerInit 0 1`] = `undefined`;

exports[`stereoMap.updateMap 0 1`] = `Promise {}`;

exports[`stereoMap.updateMap 1 1`] = `Promise {}`;
