// Jest Snapshot v1, https://goo.gl/fbAQLP

exports[`gamepad.gamepadConnected 0 1`] = `undefined`;

exports[`gamepad.getController 0 1`] = `undefined`;

exports[`gamepad.getController 1 1`] = `undefined`;

exports[`gamepad.getController 2 1`] = `undefined`;

exports[`gamepad.getController 3 1`] = `undefined`;

exports[`gamepad.getController 4 1`] = `
Object {
  "buttons": Array [
    Object {
      "pressed": true,
      "value": 0.5,
    },
  ],
  "id": "Gamepad 1",
}
`;

exports[`gamepad.getController 5 1`] = `undefined`;

exports[`gamepad.updateButtons 0 1`] = `undefined`;

exports[`gamepad.updateLeftStick 0 1`] = `undefined`;

exports[`gamepad.updateLeftStick 1 1`] = `undefined`;

exports[`gamepad.updateLeftStick 2 1`] = `undefined`;

exports[`gamepad.updateLeftStick 3 1`] = `undefined`;

exports[`gamepad.updateLeftStick 4 1`] = `undefined`;

exports[`gamepad.updateLeftStick 5 1`] = `undefined`;

exports[`gamepad.updateRightStick 0 1`] = `undefined`;

exports[`gamepad.updateRightStick 1 1`] = `undefined`;

exports[`gamepad.updateRightStick 2 1`] = `undefined`;

exports[`gamepad.updateRightStick 3 1`] = `undefined`;

exports[`gamepad.updateRightStick 4 1`] = `undefined`;

exports[`gamepad.updateRightStick 5 1`] = `undefined`;

exports[`gamepad.updateZoom 0 1`] = `undefined`;

exports[`gamepad.updateZoom 1 1`] = `undefined`;

exports[`gamepad.updateZoom 2 1`] = `undefined`;

exports[`gamepad.updateZoom 3 1`] = `undefined`;

exports[`gamepad.updateZoom 4 1`] = `undefined`;

exports[`gamepad.updateZoom 5 1`] = `undefined`;
