// Jest Snapshot v1, https://goo.gl/fbAQLP

exports[`updateUrl should handle a search query 1`] = `"http://localhost/?search=query&rate=0"`;

exports[`updateUrl should handle a time offset 1`] = `"http://localhost/?search=query&rate=0&date=3000"`;

exports[`updateUrl should handle selectedSat 1`] = `"http://localhost/?sat=00005&rate=0"`;

exports[`updateUrl should handle trusatMode 1`] = `"http://localhost/?trusat&rate=0"`;

exports[`updateUrl should update url 1`] = `"http://localhost/?rate=0"`;
