// Jest Snapshot v1, https://goo.gl/fbAQLP

exports[`adviceManager.clearAdvice 0 1`] = `undefined`;

exports[`adviceManager.isEnabled 0 1`] = `true`;

exports[`adviceManager.isEnabled 1 1`] = `false`;

exports[`adviceManager.off 0 1`] = `undefined`;

exports[`adviceManager.on 0 1`] = `undefined`;

exports[`adviceManager.showAdvice 0 1`] = `undefined`;
