// Jest Snapshot v1, https://goo.gl/fbAQLP

exports[`orbitManager.addInViewOrbit 0 1`] = `undefined`;

exports[`orbitManager.addInViewOrbit 1 1`] = `undefined`;

exports[`orbitManager.addInViewOrbit 2 1`] = `undefined`;

exports[`orbitManager.addInViewOrbit 4 1`] = `undefined`;

exports[`orbitManager.addInViewOrbit 5 1`] = `undefined`;

exports[`orbitManager.allocateBuffer 0 1`] = `
Object {
  "data": Object {},
  "layout": Object {},
  "numItems": 0,
}
`;

exports[`orbitManager.clearHoverOrbit 0 1`] = `undefined`;

exports[`orbitManager.clearHoverOrbit 1 1`] = `undefined`;

exports[`orbitManager.clearInViewOrbit 0 1`] = `undefined`;

exports[`orbitManager.clearSelectOrbit 0 1`] = `undefined`;

exports[`orbitManager.draw 0 1`] = `true`;

exports[`orbitManager.draw 1 1`] = `true`;

exports[`orbitManager.removeInViewOrbit 0 1`] = `undefined`;

exports[`orbitManager.removeInViewOrbit 2 1`] = `undefined`;

exports[`orbitManager.removeInViewOrbit 4 1`] = `undefined`;

exports[`orbitManager.removeInViewOrbit 5 1`] = `undefined`;

exports[`orbitManager.setHoverOrbit 2 1`] = `undefined`;

exports[`orbitManager.setHoverOrbit 3 1`] = `undefined`;

exports[`orbitManager.setHoverOrbit 4 1`] = `undefined`;

exports[`orbitManager.setHoverOrbit 5 1`] = `undefined`;

exports[`orbitManager.setSelectOrbit 1 1`] = `undefined`;

exports[`orbitManager.setSelectOrbit 2 1`] = `undefined`;

exports[`orbitManager.setSelectOrbit 3 1`] = `undefined`;

exports[`orbitManager.workerOnMessage 1 1`] = `undefined`;

exports[`orbitManager.workerOnMessage 3 1`] = `undefined`;

exports[`orbitManager.workerOnMessage 4 1`] = `undefined`;

exports[`orbitManager.workerOnMessage 5 1`] = `undefined`;
