// Jest Snapshot v1, https://goo.gl/fbAQLP

exports[`satLinkManager.idToSatnum 0 1`] = `[Function]`;

exports[`satLinkManager.init 0 1`] = `[Function]`;

exports[`satLinkManager.showlinks 0 1`] = `undefined`;

exports[`satLinkManager.showlinks 1 1`] = `undefined`;

exports[`satLinkManager.showlinks 2 1`] = `undefined`;

exports[`satLinkManager.showlinks 3 1`] = `undefined`;

exports[`satLinkManager.showlinks 4 1`] = `undefined`;

exports[`satLinkManager.showlinks 5 1`] = `undefined`;

exports[`satLinkManager.showlinks 6 1`] = `undefined`;
