// Jest Snapshot v1, https://goo.gl/fbAQLP

exports[`satMath.calculateDops 0 1`] = `
Object {
  "gdop": "2.21",
  "hdop": "1.06",
  "pdop": "2.00",
  "tdop": "0.92",
  "vdop": "1.70",
}
`;

exports[`satMath.calculateDops 1 1`] = `
Object {
  "gdop": 50,
  "hdop": 50,
  "pdop": 50,
  "tdop": 50,
  "vdop": 50,
}
`;

exports[`satMath.getDops 0 1`] = `
Object {
  "gdop": 50,
  "hdop": 50,
  "pdop": 50,
  "tdop": 50,
  "vdop": 50,
}
`;

exports[`satMath.updateDopsTable 0 1`] = `undefined`;
