// Jest Snapshot v1, https://goo.gl/fbAQLP

exports[`satMath.getTearData should handle isInFOV 1`] = `
Object {
  "az": 317.7990031021689,
  "el": -54.456166472750695,
  "name": "COD",
  "rng": 10894.8559063594,
  "time": "2022-01-01 00:00:00",
}
`;

exports[`satMath.getTearData should handle isInFOV and isRiseSetLookangles 1`] = `
Object {
  "az": 317.7990031021689,
  "el": -54.456166472750695,
  "name": "COD",
  "rng": 10894.8559063594,
  "time": "2022-01-01 00:00:00",
}
`;

exports[`satMath.getTearData should handle isInFOV and isRiseSetLookangles not previously in FOV but will be 1`] = `
Object {
  "az": 317.7990031021689,
  "el": -54.456166472750695,
  "name": "COD",
  "rng": 10894.8559063594,
  "time": "2022-01-01 00:00:00",
}
`;

exports[`satMath.getTearData should handle isInFOV and isRiseSetLookangles not previously in FOV but will be 2`] = `
Object {
  "az": 317.7990031021689,
  "el": -54.456166472750695,
  "name": "COD",
  "rng": 10894.8559063594,
  "time": "2022-01-01 00:00:00",
}
`;

exports[`satMath.setTEARR 0 1`] = `undefined`;

exports[`satMath.setobs 0 1`] = `undefined`;

exports[`satMath.setobs 1 1`] = `undefined`;

exports[`satMath.setobs 2 1`] = `undefined`;

exports[`satMath.setobs 3 1`] = `undefined`;

exports[`satMath.setobs 4 1`] = `undefined`;

exports[`satMath.setobs 5 1`] = `undefined`;

exports[`satMath.setobs 6 1`] = `undefined`;
