// Jest Snapshot v1, https://goo.gl/fbAQLP

exports[`SensorTimeline Weather Integration should correctly calculate passes and integrate weather data 1`] = `
[
  [
    {
      "passes": [],
      "sensor": RfSensor {
        "active": true,
        "alt": 0.112,
        "beamwidth": 2,
        "boresightAz": [
          186,
          306,
        ],
        "boresightEl": [
          20,
          20,
        ],
        "commLinks": [
          "AEHF",
          "WGS",
        ],
        "country": "United States",
        "dwellTime": 1000,
        "faces": 2,
        "freqBand": "UHF",
        "id": 0,
        "isVolumetric": undefined,
        "lat": 39.136064,
        "lon": -121.351237,
        "maxAz": 6,
        "maxAz2": undefined,
        "maxEl": 85,
        "maxEl2": undefined,
        "maxRng": 5556,
        "maxRng2": undefined,
        "minAz": 126,
        "minAz2": undefined,
        "minEl": 3,
        "minEl2": undefined,
        "minRng": 200,
        "minRng2": undefined,
        "name": "Beale AFB, California",
        "objName": "BLEAFB",
        "operator": "USSF",
        "position": {
          "x": 0,
          "y": 0,
          "z": 0,
        },
        "sensorId": undefined,
        "shortName": "BLE",
        "system": "PAVE PAWS UEWR",
        "totalVelocity": 0,
        "type": 23,
        "uiName": "Beale AFB",
        "url": undefined,
        "velocity": {
          "x": 0,
          "y": 0,
          "z": 0,
        },
        "zoom": 0.45,
      },
      "type": "can Observe",
    },
    {
      "passes": [],
      "sensor": RfSensor {
        "active": true,
        "alt": 0.060966,
        "beamwidth": 2,
        "boresightAz": [
          47,
          227,
        ],
        "boresightEl": [
          20,
          20,
        ],
        "commLinks": [
          "AEHF",
          "WGS",
        ],
        "country": "United States",
        "dwellTime": 1000,
        "faces": 2,
        "freqBand": "UHF",
        "id": 0,
        "isVolumetric": undefined,
        "lat": 41.754785,
        "lon": -70.539151,
        "maxAz": 227,
        "maxAz2": undefined,
        "maxEl": 85,
        "maxEl2": undefined,
        "maxRng": 5556,
        "maxRng2": undefined,
        "minAz": 347,
        "minAz2": undefined,
        "minEl": 3,
        "minEl2": undefined,
        "minRng": 200,
        "minRng2": undefined,
        "name": "Cape Cod SFS, Massachusetts",
        "objName": "CODSFS",
        "operator": "USSF",
        "position": {
          "x": 0,
          "y": 0,
          "z": 0,
        },
        "sensorId": 0,
        "shortName": "COD",
        "system": "PAVE PAWS UEWR",
        "totalVelocity": 0,
        "type": 23,
        "uiName": "Cape Cod SFS",
        "url": "https://www.radartutorial.eu/19.kartei/01.oth/karte004.en.html",
        "velocity": {
          "x": 0,
          "y": 0,
          "z": 0,
        },
        "zoom": 0.45,
      },
      "type": "can Observe",
    },
    {
      "passes": [],
      "sensor": RfSensor {
        "active": true,
        "alt": 0.352,
        "beamwidth": 1.2,
        "boresightAz": [
          8,
        ],
        "boresightEl": [
          25,
        ],
        "commLinks": [
          "AEHF",
        ],
        "country": "United States",
        "dwellTime": 1000,
        "faces": 1,
        "freqBand": undefined,
        "id": 0,
        "isVolumetric": true,
        "lat": 48.724567,
        "lon": -97.899755,
        "maxAz": 78,
        "maxAz2": undefined,
        "maxEl": 90,
        "maxEl2": undefined,
        "maxRng": 3300,
        "maxRng2": undefined,
        "minAz": 298,
        "minAz2": undefined,
        "minEl": 1.9,
        "minEl2": undefined,
        "minRng": 200,
        "minRng2": undefined,
        "name": "Cavalier SFS, North Dakota",
        "objName": "CAVSFS",
        "operator": "USSF",
        "position": {
          "x": 0,
          "y": 0,
          "z": 0,
        },
        "sensorId": undefined,
        "shortName": "CAV",
        "system": "PARCS",
        "totalVelocity": 0,
        "type": 23,
        "uiName": "Cavalier SFS",
        "url": "https://mostlymissiledefense.com/2012/04/12/parcs-cavalier-radar-april-12-2012/",
        "velocity": {
          "x": 0,
          "y": 0,
          "z": 0,
        },
        "zoom": 0.45,
      },
      "type": "can Observe",
    },
    {
      "passes": [],
      "sensor": RfSensor {
        "active": true,
        "alt": 0.175,
        "beamwidth": 2,
        "boresightAz": [
          244,
          4,
        ],
        "boresightEl": [
          20,
          20,
        ],
        "commLinks": [
          "AEHF",
          "WGS",
        ],
        "country": "United States",
        "dwellTime": 1000,
        "faces": 2,
        "freqBand": "UHF",
        "id": 0,
        "isVolumetric": undefined,
        "lat": 64.290556,
        "lon": -149.186944,
        "maxAz": 64,
        "maxAz2": undefined,
        "maxEl": 85,
        "maxEl2": undefined,
        "maxRng": 5556,
        "maxRng2": undefined,
        "minAz": 184,
        "minAz2": undefined,
        "minEl": 3,
        "minEl2": undefined,
        "minRng": 200,
        "minRng2": undefined,
        "name": "Clear SFS, Alaska",
        "objName": "CLRSFS",
        "operator": "USSF",
        "position": {
          "x": 0,
          "y": 0,
          "z": 0,
        },
        "sensorId": undefined,
        "shortName": "CLR",
        "system": "PAVE PAWS UEWR",
        "totalVelocity": 0,
        "type": 23,
        "uiName": "Clear SFS (UEWR)",
        "url": undefined,
        "velocity": {
          "x": 0,
          "y": 0,
          "z": 0,
        },
        "zoom": 0.45,
      },
      "type": "can Observe",
    },
    {
      "passes": [],
      "sensor": RfSensor {
        "active": true,
        "alt": 0.26,
        "beamwidth": 2,
        "boresightAz": [
          0,
        ],
        "boresightEl": [
          20,
        ],
        "commLinks": [
          "AEHF",
          "WGS",
        ],
        "country": "United Kingdom",
        "dwellTime": 1000,
        "faces": 1,
        "freqBand": "UHF",
        "id": 0,
        "isVolumetric": undefined,
        "lat": 54.361758,
        "lon": -0.670051,
        "maxAz": 360,
        "maxAz2": undefined,
        "maxEl": 85,
        "maxEl2": undefined,
        "maxRng": 5556,
        "maxRng2": undefined,
        "minAz": 0,
        "minAz2": undefined,
        "minEl": 3,
        "minEl2": undefined,
        "minRng": 200,
        "minRng2": undefined,
        "name": "RAF Fylingdales, United Kingdom",
        "objName": "RAFFYL",
        "operator": "RAF",
        "position": {
          "x": 0,
          "y": 0,
          "z": 0,
        },
        "sensorId": undefined,
        "shortName": "FYL",
        "system": "BMEWS UEWR",
        "totalVelocity": 0,
        "type": 23,
        "uiName": "RAF Fylingdales",
        "url": undefined,
        "velocity": {
          "x": 0,
          "y": 0,
          "z": 0,
        },
        "zoom": 0.45,
      },
      "type": "can Observe",
    },
    {
      "passes": [],
      "sensor": RfSensor {
        "active": true,
        "alt": 0.392,
        "beamwidth": 2,
        "boresightAz": [
          357,
          117,
        ],
        "boresightEl": [
          20,
          20,
        ],
        "commLinks": [
          "AEHF",
          "WGS",
        ],
        "country": "United States",
        "dwellTime": 1000,
        "faces": 2,
        "freqBand": "UHF",
        "id": 0,
        "isVolumetric": undefined,
        "lat": 76.570322,
        "lon": -68.299211,
        "maxAz": 177,
        "maxAz2": undefined,
        "maxEl": 85,
        "maxEl2": undefined,
        "maxRng": 5556,
        "maxRng2": undefined,
        "minAz": 297,
        "minAz2": undefined,
        "minEl": 3,
        "minEl2": undefined,
        "minRng": 200,
        "minRng2": undefined,
        "name": "Pituffik SB, Greenland",
        "objName": "PITSB",
        "operator": "USSF",
        "position": {
          "x": 0,
          "y": 0,
          "z": 0,
        },
        "sensorId": undefined,
        "shortName": "THL",
        "system": "BMEWS UEWR",
        "totalVelocity": 0,
        "type": 23,
        "uiName": "Pituffik SB",
        "url": "https://www.radartutorial.eu/19.kartei/01.oth/karte004.en.html",
        "velocity": {
          "x": 0,
          "y": 0,
          "z": 0,
        },
        "zoom": 0.45,
      },
      "type": "can Observe",
    },
    {
      "passes": [],
      "sensor": DetailedSensor {
        "active": true,
        "alt": 0,
        "commLinks": [],
        "country": "United States",
        "dwellTime": undefined,
        "freqBand": undefined,
        "id": 37959,
        "isVolumetric": undefined,
        "lat": -7.29648,
        "lon": 72.390153,
        "maxAz": 360,
        "maxAz2": undefined,
        "maxEl": 90,
        "maxEl2": undefined,
        "maxRng": 200000,
        "maxRng2": undefined,
        "minAz": 0,
        "minAz2": undefined,
        "minEl": 20,
        "minEl2": undefined,
        "minRng": 0,
        "minRng2": undefined,
        "name": "Diego Garcia",
        "objName": "GEODDSDGC",
        "operator": "USSF",
        "position": {
          "x": 4281.79312666609,
          "y": -4647.717897274467,
          "z": -809.141411493596,
        },
        "sensorId": 15,
        "shortName": undefined,
        "system": "GEODSS",
        "totalVelocity": 0,
        "type": 21,
        "uiName": "Diego Garcia",
        "url": "https://mostlymissiledefense.com/2012/08/20/space-surveillance-sensors-geodss-ground-based-electro-optical-deep-space-surveillance-system-august-20-2012/",
        "velocity": {
          "x": 0,
          "y": 0,
          "z": 0,
        },
        "zoom": 0.82,
      },
      "type": "can Observe",
    },
    {
      "passes": [],
      "sensor": DetailedSensor {
        "active": true,
        "alt": 3,
        "commLinks": [],
        "country": "United States",
        "dwellTime": undefined,
        "freqBand": undefined,
        "id": 37960,
        "isVolumetric": undefined,
        "lat": 20.70835,
        "lon": -156.257595,
        "maxAz": 360,
        "maxAz2": undefined,
        "maxEl": 90,
        "maxEl2": undefined,
        "maxRng": 200000,
        "maxRng2": undefined,
        "minAz": 0,
        "minAz2": undefined,
        "minEl": 20,
        "minEl2": undefined,
        "minRng": 0,
        "minRng2": undefined,
        "name": "Maui, Hawaii",
        "objName": "GEODDSMAU",
        "operator": "USSF",
        "position": {
          "x": 622.6372795908738,
          "y": 5929.599008877658,
          "z": 2253.9204325836745,
        },
        "sensorId": 16,
        "shortName": undefined,
        "system": "GEODSS",
        "totalVelocity": 0,
        "type": 21,
        "uiName": "Maui",
        "url": "https://mostlymissiledefense.com/2012/08/20/space-surveillance-sensors-geodss-ground-based-electro-optical-deep-space-surveillance-system-august-20-2012/",
        "velocity": {
          "x": 0,
          "y": 0,
          "z": 0,
        },
        "zoom": 0.82,
      },
      "type": "can Observe",
    },
    {
      "passes": [
        {
          "end": 2025-04-21T03:25:30.000Z,
          "start": 2025-04-21T01:40:30.000Z,
        },
        {
          "end": 2025-04-21T11:53:00.000Z,
          "start": 2025-04-21T09:03:00.000Z,
        },
      ],
      "sensor": DetailedSensor {
        "active": true,
        "alt": 1.24,
        "commLinks": [],
        "country": "United States",
        "dwellTime": undefined,
        "freqBand": undefined,
        "id": 37961,
        "isVolumetric": undefined,
        "lat": 33.817233,
        "lon": -106.659961,
        "maxAz": 360,
        "maxAz2": undefined,
        "maxEl": 90,
        "maxEl2": undefined,
        "maxRng": 200000,
        "maxRng2": undefined,
        "minAz": 0,
        "minAz2": undefined,
        "minEl": 20,
        "minEl2": undefined,
        "minRng": 0,
        "minRng2": undefined,
        "name": "Socorro, New Mexico",
        "objName": "GEODDSSOC",
        "operator": "USSF",
        "position": {
          "x": -3651.1831436440775,
          "y": 3833.683181705651,
          "z": 3546.446165882101,
        },
        "sensorId": 17,
        "shortName": undefined,
        "system": "GEODSS",
        "totalVelocity": 0,
        "type": 21,
        "uiName": "Socorro",
        "url": "https://mostlymissiledefense.com/2012/08/20/space-surveillance-sensors-geodss-ground-based-electro-optical-deep-space-surveillance-system-august-20-2012/",
        "velocity": {
          "x": 0,
          "y": 0,
          "z": 0,
        },
        "zoom": 0.82,
      },
      "type": "can Observe",
    },
    {
      "passes": [],
      "sensor": DetailedSensor {
        "active": true,
        "alt": 0,
        "commLinks": [],
        "country": "Switzerland",
        "dwellTime": undefined,
        "freqBand": undefined,
        "id": 37985,
        "isVolumetric": undefined,
        "lat": 46.877225,
        "lon": 7.465225,
        "maxAz": 360,
        "maxAz2": undefined,
        "maxEl": 90,
        "maxEl2": undefined,
        "maxRng": 200000,
        "maxRng2": undefined,
        "minAz": 0,
        "minAz2": undefined,
        "minEl": 10,
        "minEl2": undefined,
        "minRng": 15000,
        "minRng2": undefined,
        "name": "Zimmerwald Observatory, Switzerland",
        "objName": "ZimLAT",
        "operator": "ESA",
        "position": {
          "x": -1650.527686146805,
          "y": -4030.1004066670494,
          "z": 4650.139022163657,
        },
        "sensorId": 41,
        "shortName": undefined,
        "system": "ZimLAT",
        "totalVelocity": 0,
        "type": 21,
        "uiName": "Zimmerwald",
        "url": "",
        "velocity": {
          "x": 0,
          "y": 0,
          "z": 0,
        },
        "zoom": 0.82,
      },
      "type": "can Observe",
    },
    {
      "passes": [
        {
          "end": 2025-04-21T23:21:00.000Z,
          "start": 2025-04-21T22:33:30.000Z,
        },
      ],
      "sensor": DetailedSensor {
        "active": true,
        "alt": 0,
        "commLinks": [],
        "country": "United Kingdom",
        "dwellTime": undefined,
        "freqBand": undefined,
        "id": 37983,
        "isVolumetric": undefined,
        "lat": 34.912778,
        "lon": 32.883889,
        "maxAz": 360,
        "maxAz2": undefined,
        "maxEl": 90,
        "maxEl2": undefined,
        "maxRng": 200000,
        "maxRng2": undefined,
        "minAz": 0,
        "minAz2": undefined,
        "minEl": 3,
        "minEl2": undefined,
        "minRng": 15000,
        "minRng2": undefined,
        "name": "Royal Air Force Troödos, Cyprus",
        "objName": "TRO",
        "operator": "UKSA",
        "position": {
          "x": 286.817584730809,
          "y": -5216.502099685054,
          "z": 3646.311200799352,
        },
        "sensorId": 39,
        "shortName": undefined,
        "system": "Starbrook",
        "totalVelocity": 0,
        "type": 21,
        "uiName": "Royal Air Force Troödos",
        "url": "",
        "velocity": {
          "x": 0,
          "y": 0,
          "z": 0,
        },
        "zoom": 0.82,
      },
      "type": "can Observe",
    },
  ],
  [
    {
      "passes": [
        {
          "end": 2025-04-21T22:12:30.000Z,
          "start": 2025-04-21T14:05:30.000Z,
        },
      ],
      "sensor": DetailedSensor {
        "active": true,
        "alt": 0,
        "commLinks": [],
        "country": "United States",
        "dwellTime": undefined,
        "freqBand": undefined,
        "id": 37959,
        "isVolumetric": undefined,
        "lat": -7.29648,
        "lon": 72.390153,
        "maxAz": 360,
        "maxAz2": undefined,
        "maxEl": 90,
        "maxEl2": undefined,
        "maxRng": 200000,
        "maxRng2": undefined,
        "minAz": 0,
        "minAz2": undefined,
        "minEl": 20,
        "minEl2": undefined,
        "minRng": 0,
        "minRng2": undefined,
        "name": "Diego Garcia",
        "objName": "GEODDSDGC",
        "operator": "USSF",
        "position": {
          "x": 4281.79312666609,
          "y": -4647.717897274467,
          "z": -809.141411493596,
        },
        "sensorId": 15,
        "shortName": undefined,
        "system": "GEODSS",
        "totalVelocity": 0,
        "type": 21,
        "uiName": "Diego Garcia",
        "url": "https://mostlymissiledefense.com/2012/08/20/space-surveillance-sensors-geodss-ground-based-electro-optical-deep-space-surveillance-system-august-20-2012/",
        "velocity": {
          "x": 0,
          "y": 0,
          "z": 0,
        },
        "zoom": 0.82,
      },
      "type": "In Field of View",
    },
    {
      "passes": [
        {
          "end": 2025-04-21T04:45:00.000Z,
          "start": 2025-04-21T01:00:00.000Z,
        },
        {
          "end": 2025-04-22T01:59:30.000Z,
          "start": 2025-04-21T23:31:30.000Z,
        },
      ],
      "sensor": DetailedSensor {
        "active": true,
        "alt": 3,
        "commLinks": [],
        "country": "United States",
        "dwellTime": undefined,
        "freqBand": undefined,
        "id": 37960,
        "isVolumetric": undefined,
        "lat": 20.70835,
        "lon": -156.257595,
        "maxAz": 360,
        "maxAz2": undefined,
        "maxEl": 90,
        "maxEl2": undefined,
        "maxRng": 200000,
        "maxRng2": undefined,
        "minAz": 0,
        "minAz2": undefined,
        "minEl": 20,
        "minEl2": undefined,
        "minRng": 0,
        "minRng2": undefined,
        "name": "Maui, Hawaii",
        "objName": "GEODDSMAU",
        "operator": "USSF",
        "position": {
          "x": 622.6372795908738,
          "y": 5929.599008877658,
          "z": 2253.9204325836745,
        },
        "sensorId": 16,
        "shortName": undefined,
        "system": "GEODSS",
        "totalVelocity": 0,
        "type": 21,
        "uiName": "Maui",
        "url": "https://mostlymissiledefense.com/2012/08/20/space-surveillance-sensors-geodss-ground-based-electro-optical-deep-space-surveillance-system-august-20-2012/",
        "velocity": {
          "x": 0,
          "y": 0,
          "z": 0,
        },
        "zoom": 0.82,
      },
      "type": "In Field of View",
    },
    {
      "passes": [
        {
          "end": 2025-04-21T03:25:30.000Z,
          "start": 2025-04-21T01:00:00.000Z,
        },
        {
          "end": 2025-04-21T11:53:00.000Z,
          "start": 2025-04-21T09:03:00.000Z,
        },
        {
          "end": 2025-04-22T01:59:30.000Z,
          "start": 2025-04-22T00:28:00.000Z,
        },
      ],
      "sensor": DetailedSensor {
        "active": true,
        "alt": 1.24,
        "commLinks": [],
        "country": "United States",
        "dwellTime": undefined,
        "freqBand": undefined,
        "id": 37961,
        "isVolumetric": undefined,
        "lat": 33.817233,
        "lon": -106.659961,
        "maxAz": 360,
        "maxAz2": undefined,
        "maxEl": 90,
        "maxEl2": undefined,
        "maxRng": 200000,
        "maxRng2": undefined,
        "minAz": 0,
        "minAz2": undefined,
        "minEl": 20,
        "minEl2": undefined,
        "minRng": 0,
        "minRng2": undefined,
        "name": "Socorro, New Mexico",
        "objName": "GEODDSSOC",
        "operator": "USSF",
        "position": {
          "x": -3651.1831436440775,
          "y": 3833.683181705651,
          "z": 3546.446165882101,
        },
        "sensorId": 17,
        "shortName": undefined,
        "system": "GEODSS",
        "totalVelocity": 0,
        "type": 21,
        "uiName": "Socorro",
        "url": "https://mostlymissiledefense.com/2012/08/20/space-surveillance-sensors-geodss-ground-based-electro-optical-deep-space-surveillance-system-august-20-2012/",
        "velocity": {
          "x": 0,
          "y": 0,
          "z": 0,
        },
        "zoom": 0.82,
      },
      "type": "In Field of View",
    },
    {
      "passes": [
        {
          "end": 2025-04-21T15:52:00.000Z,
          "start": 2025-04-21T09:47:00.000Z,
        },
      ],
      "sensor": DetailedSensor {
        "active": true,
        "alt": 0,
        "commLinks": [],
        "country": "Switzerland",
        "dwellTime": undefined,
        "freqBand": undefined,
        "id": 37985,
        "isVolumetric": undefined,
        "lat": 46.877225,
        "lon": 7.465225,
        "maxAz": 360,
        "maxAz2": undefined,
        "maxEl": 90,
        "maxEl2": undefined,
        "maxRng": 200000,
        "maxRng2": undefined,
        "minAz": 0,
        "minAz2": undefined,
        "minEl": 10,
        "minEl2": undefined,
        "minRng": 15000,
        "minRng2": undefined,
        "name": "Zimmerwald Observatory, Switzerland",
        "objName": "ZimLAT",
        "operator": "ESA",
        "position": {
          "x": -1650.527686146805,
          "y": -4030.1004066670494,
          "z": 4650.139022163657,
        },
        "sensorId": 41,
        "shortName": undefined,
        "system": "ZimLAT",
        "totalVelocity": 0,
        "type": 21,
        "uiName": "Zimmerwald",
        "url": "",
        "velocity": {
          "x": 0,
          "y": 0,
          "z": 0,
        },
        "zoom": 0.82,
      },
      "type": "In Field of View",
    },
    {
      "passes": [
        {
          "end": 2025-04-21T16:51:30.000Z,
          "start": 2025-04-21T10:31:30.000Z,
        },
        {
          "end": 2025-04-21T23:21:00.000Z,
          "start": 2025-04-21T22:33:30.000Z,
        },
      ],
      "sensor": DetailedSensor {
        "active": true,
        "alt": 0,
        "commLinks": [],
        "country": "United Kingdom",
        "dwellTime": undefined,
        "freqBand": undefined,
        "id": 37983,
        "isVolumetric": undefined,
        "lat": 34.912778,
        "lon": 32.883889,
        "maxAz": 360,
        "maxAz2": undefined,
        "maxEl": 90,
        "maxEl2": undefined,
        "maxRng": 200000,
        "maxRng2": undefined,
        "minAz": 0,
        "minAz2": undefined,
        "minEl": 3,
        "minEl2": undefined,
        "minRng": 15000,
        "minRng2": undefined,
        "name": "Royal Air Force Troödos, Cyprus",
        "objName": "TRO",
        "operator": "UKSA",
        "position": {
          "x": 286.817584730809,
          "y": -5216.502099685054,
          "z": 3646.311200799352,
        },
        "sensorId": 39,
        "shortName": undefined,
        "system": "Starbrook",
        "totalVelocity": 0,
        "type": 21,
        "uiName": "Royal Air Force Troödos",
        "url": "",
        "velocity": {
          "x": 0,
          "y": 0,
          "z": 0,
        },
        "zoom": 0.82,
      },
      "type": "In Field of View",
    },
  ],
  [
    {
      "passes": [
        {
          "end": 2025-04-22T01:59:30.000Z,
          "start": 2025-04-21T01:00:00.000Z,
        },
      ],
      "sensor": DetailedSensor {
        "active": true,
        "alt": 0,
        "commLinks": [],
        "country": "United States",
        "dwellTime": undefined,
        "freqBand": undefined,
        "id": 37959,
        "isVolumetric": undefined,
        "lat": -7.29648,
        "lon": 72.390153,
        "maxAz": 360,
        "maxAz2": undefined,
        "maxEl": 90,
        "maxEl2": undefined,
        "maxRng": 200000,
        "maxRng2": undefined,
        "minAz": 0,
        "minAz2": undefined,
        "minEl": 20,
        "minEl2": undefined,
        "minRng": 0,
        "minRng2": undefined,
        "name": "Diego Garcia",
        "objName": "GEODDSDGC",
        "operator": "USSF",
        "position": {
          "x": 4281.79312666609,
          "y": -4647.717897274467,
          "z": -809.141411493596,
        },
        "sensorId": 15,
        "shortName": undefined,
        "system": "GEODSS",
        "totalVelocity": 0,
        "type": 21,
        "uiName": "Diego Garcia",
        "url": "https://mostlymissiledefense.com/2012/08/20/space-surveillance-sensors-geodss-ground-based-electro-optical-deep-space-surveillance-system-august-20-2012/",
        "velocity": {
          "x": 0,
          "y": 0,
          "z": 0,
        },
        "zoom": 0.82,
      },
      "type": "Satellite in Sunlight",
    },
    {
      "passes": [
        {
          "end": 2025-04-22T01:59:30.000Z,
          "start": 2025-04-21T01:00:00.000Z,
        },
      ],
      "sensor": DetailedSensor {
        "active": true,
        "alt": 3,
        "commLinks": [],
        "country": "United States",
        "dwellTime": undefined,
        "freqBand": undefined,
        "id": 37960,
        "isVolumetric": undefined,
        "lat": 20.70835,
        "lon": -156.257595,
        "maxAz": 360,
        "maxAz2": undefined,
        "maxEl": 90,
        "maxEl2": undefined,
        "maxRng": 200000,
        "maxRng2": undefined,
        "minAz": 0,
        "minAz2": undefined,
        "minEl": 20,
        "minEl2": undefined,
        "minRng": 0,
        "minRng2": undefined,
        "name": "Maui, Hawaii",
        "objName": "GEODDSMAU",
        "operator": "USSF",
        "position": {
          "x": 622.6372795908738,
          "y": 5929.599008877658,
          "z": 2253.9204325836745,
        },
        "sensorId": 16,
        "shortName": undefined,
        "system": "GEODSS",
        "totalVelocity": 0,
        "type": 21,
        "uiName": "Maui",
        "url": "https://mostlymissiledefense.com/2012/08/20/space-surveillance-sensors-geodss-ground-based-electro-optical-deep-space-surveillance-system-august-20-2012/",
        "velocity": {
          "x": 0,
          "y": 0,
          "z": 0,
        },
        "zoom": 0.82,
      },
      "type": "Satellite in Sunlight",
    },
    {
      "passes": [
        {
          "end": 2025-04-22T01:59:30.000Z,
          "start": 2025-04-21T01:00:00.000Z,
        },
      ],
      "sensor": DetailedSensor {
        "active": true,
        "alt": 1.24,
        "commLinks": [],
        "country": "United States",
        "dwellTime": undefined,
        "freqBand": undefined,
        "id": 37961,
        "isVolumetric": undefined,
        "lat": 33.817233,
        "lon": -106.659961,
        "maxAz": 360,
        "maxAz2": undefined,
        "maxEl": 90,
        "maxEl2": undefined,
        "maxRng": 200000,
        "maxRng2": undefined,
        "minAz": 0,
        "minAz2": undefined,
        "minEl": 20,
        "minEl2": undefined,
        "minRng": 0,
        "minRng2": undefined,
        "name": "Socorro, New Mexico",
        "objName": "GEODDSSOC",
        "operator": "USSF",
        "position": {
          "x": -3651.1831436440775,
          "y": 3833.683181705651,
          "z": 3546.446165882101,
        },
        "sensorId": 17,
        "shortName": undefined,
        "system": "GEODSS",
        "totalVelocity": 0,
        "type": 21,
        "uiName": "Socorro",
        "url": "https://mostlymissiledefense.com/2012/08/20/space-surveillance-sensors-geodss-ground-based-electro-optical-deep-space-surveillance-system-august-20-2012/",
        "velocity": {
          "x": 0,
          "y": 0,
          "z": 0,
        },
        "zoom": 0.82,
      },
      "type": "Satellite in Sunlight",
    },
    {
      "passes": [
        {
          "end": 2025-04-22T01:59:30.000Z,
          "start": 2025-04-21T01:00:00.000Z,
        },
      ],
      "sensor": DetailedSensor {
        "active": true,
        "alt": 0,
        "commLinks": [],
        "country": "Switzerland",
        "dwellTime": undefined,
        "freqBand": undefined,
        "id": 37985,
        "isVolumetric": undefined,
        "lat": 46.877225,
        "lon": 7.465225,
        "maxAz": 360,
        "maxAz2": undefined,
        "maxEl": 90,
        "maxEl2": undefined,
        "maxRng": 200000,
        "maxRng2": undefined,
        "minAz": 0,
        "minAz2": undefined,
        "minEl": 10,
        "minEl2": undefined,
        "minRng": 15000,
        "minRng2": undefined,
        "name": "Zimmerwald Observatory, Switzerland",
        "objName": "ZimLAT",
        "operator": "ESA",
        "position": {
          "x": -1650.527686146805,
          "y": -4030.1004066670494,
          "z": 4650.139022163657,
        },
        "sensorId": 41,
        "shortName": undefined,
        "system": "ZimLAT",
        "totalVelocity": 0,
        "type": 21,
        "uiName": "Zimmerwald",
        "url": "",
        "velocity": {
          "x": 0,
          "y": 0,
          "z": 0,
        },
        "zoom": 0.82,
      },
      "type": "Satellite in Sunlight",
    },
    {
      "passes": [
        {
          "end": 2025-04-22T01:59:30.000Z,
          "start": 2025-04-21T01:00:00.000Z,
        },
      ],
      "sensor": DetailedSensor {
        "active": true,
        "alt": 0,
        "commLinks": [],
        "country": "United Kingdom",
        "dwellTime": undefined,
        "freqBand": undefined,
        "id": 37983,
        "isVolumetric": undefined,
        "lat": 34.912778,
        "lon": 32.883889,
        "maxAz": 360,
        "maxAz2": undefined,
        "maxEl": 90,
        "maxEl2": undefined,
        "maxRng": 200000,
        "maxRng2": undefined,
        "minAz": 0,
        "minAz2": undefined,
        "minEl": 3,
        "minEl2": undefined,
        "minRng": 15000,
        "minRng2": undefined,
        "name": "Royal Air Force Troödos, Cyprus",
        "objName": "TRO",
        "operator": "UKSA",
        "position": {
          "x": 286.817584730809,
          "y": -5216.502099685054,
          "z": 3646.311200799352,
        },
        "sensorId": 39,
        "shortName": undefined,
        "system": "Starbrook",
        "totalVelocity": 0,
        "type": 21,
        "uiName": "Royal Air Force Troödos",
        "url": "",
        "velocity": {
          "x": 0,
          "y": 0,
          "z": 0,
        },
        "zoom": 0.82,
      },
      "type": "Satellite in Sunlight",
    },
  ],
  [
    {
      "passes": [
        {
          "end": 2025-04-21T01:15:00.000Z,
          "start": 2025-04-21T01:00:00.000Z,
        },
        {
          "end": 2025-04-22T01:15:00.000Z,
          "start": 2025-04-21T13:01:00.000Z,
        },
      ],
      "sensor": DetailedSensor {
        "active": true,
        "alt": 0,
        "commLinks": [],
        "country": "United States",
        "dwellTime": undefined,
        "freqBand": undefined,
        "id": 37959,
        "isVolumetric": undefined,
        "lat": -7.29648,
        "lon": 72.390153,
        "maxAz": 360,
        "maxAz2": undefined,
        "maxEl": 90,
        "maxEl2": undefined,
        "maxRng": 200000,
        "maxRng2": undefined,
        "minAz": 0,
        "minAz2": undefined,
        "minEl": 20,
        "minEl2": undefined,
        "minRng": 0,
        "minRng2": undefined,
        "name": "Diego Garcia",
        "objName": "GEODDSDGC",
        "operator": "USSF",
        "position": {
          "x": 4281.79312666609,
          "y": -4647.717897274467,
          "z": -809.141411493596,
        },
        "sensorId": 15,
        "shortName": undefined,
        "system": "GEODSS",
        "totalVelocity": 0,
        "type": 21,
        "uiName": "Diego Garcia",
        "url": "https://mostlymissiledefense.com/2012/08/20/space-surveillance-sensors-geodss-ground-based-electro-optical-deep-space-surveillance-system-august-20-2012/",
        "velocity": {
          "x": 0,
          "y": 0,
          "z": 0,
        },
        "zoom": 0.82,
      },
      "type": "Station in Eclipse",
    },
    {
      "passes": [
        {
          "end": 2025-04-21T15:57:30.000Z,
          "start": 2025-04-21T04:47:30.000Z,
        },
      ],
      "sensor": DetailedSensor {
        "active": true,
        "alt": 3,
        "commLinks": [],
        "country": "United States",
        "dwellTime": undefined,
        "freqBand": undefined,
        "id": 37960,
        "isVolumetric": undefined,
        "lat": 20.70835,
        "lon": -156.257595,
        "maxAz": 360,
        "maxAz2": undefined,
        "maxEl": 90,
        "maxEl2": undefined,
        "maxRng": 200000,
        "maxRng2": undefined,
        "minAz": 0,
        "minAz2": undefined,
        "minEl": 20,
        "minEl2": undefined,
        "minRng": 0,
        "minRng2": undefined,
        "name": "Maui, Hawaii",
        "objName": "GEODDSMAU",
        "operator": "USSF",
        "position": {
          "x": 622.6372795908738,
          "y": 5929.599008877658,
          "z": 2253.9204325836745,
        },
        "sensorId": 16,
        "shortName": undefined,
        "system": "GEODSS",
        "totalVelocity": 0,
        "type": 21,
        "uiName": "Maui",
        "url": "https://mostlymissiledefense.com/2012/08/20/space-surveillance-sensors-geodss-ground-based-electro-optical-deep-space-surveillance-system-august-20-2012/",
        "velocity": {
          "x": 0,
          "y": 0,
          "z": 0,
        },
        "zoom": 0.82,
      },
      "type": "Station in Eclipse",
    },
    {
      "passes": [
        {
          "end": 2025-04-21T12:27:30.000Z,
          "start": 2025-04-21T01:40:30.000Z,
        },
        {
          "end": 2025-04-22T01:59:30.000Z,
          "start": 2025-04-22T01:41:30.000Z,
        },
      ],
      "sensor": DetailedSensor {
        "active": true,
        "alt": 1.24,
        "commLinks": [],
        "country": "United States",
        "dwellTime": undefined,
        "freqBand": undefined,
        "id": 37961,
        "isVolumetric": undefined,
        "lat": 33.817233,
        "lon": -106.659961,
        "maxAz": 360,
        "maxAz2": undefined,
        "maxEl": 90,
        "maxEl2": undefined,
        "maxRng": 200000,
        "maxRng2": undefined,
        "minAz": 0,
        "minAz2": undefined,
        "minEl": 20,
        "minEl2": undefined,
        "minRng": 0,
        "minRng2": undefined,
        "name": "Socorro, New Mexico",
        "objName": "GEODDSSOC",
        "operator": "USSF",
        "position": {
          "x": -3651.1831436440775,
          "y": 3833.683181705651,
          "z": 3546.446165882101,
        },
        "sensorId": 17,
        "shortName": undefined,
        "system": "GEODSS",
        "totalVelocity": 0,
        "type": 21,
        "uiName": "Socorro",
        "url": "https://mostlymissiledefense.com/2012/08/20/space-surveillance-sensors-geodss-ground-based-electro-optical-deep-space-surveillance-system-august-20-2012/",
        "velocity": {
          "x": 0,
          "y": 0,
          "z": 0,
        },
        "zoom": 0.82,
      },
      "type": "Station in Eclipse",
    },
    {
      "passes": [
        {
          "end": 2025-04-21T04:37:00.000Z,
          "start": 2025-04-21T01:00:00.000Z,
        },
        {
          "end": 2025-04-22T01:59:30.000Z,
          "start": 2025-04-21T18:19:00.000Z,
        },
      ],
      "sensor": DetailedSensor {
        "active": true,
        "alt": 0,
        "commLinks": [],
        "country": "Switzerland",
        "dwellTime": undefined,
        "freqBand": undefined,
        "id": 37985,
        "isVolumetric": undefined,
        "lat": 46.877225,
        "lon": 7.465225,
        "maxAz": 360,
        "maxAz2": undefined,
        "maxEl": 90,
        "maxEl2": undefined,
        "maxRng": 200000,
        "maxRng2": undefined,
        "minAz": 0,
        "minAz2": undefined,
        "minEl": 10,
        "minEl2": undefined,
        "minRng": 15000,
        "minRng2": undefined,
        "name": "Zimmerwald Observatory, Switzerland",
        "objName": "ZimLAT",
        "operator": "ESA",
        "position": {
          "x": -1650.527686146805,
          "y": -4030.1004066670494,
          "z": 4650.139022163657,
        },
        "sensorId": 41,
        "shortName": undefined,
        "system": "ZimLAT",
        "totalVelocity": 0,
        "type": 21,
        "uiName": "Zimmerwald",
        "url": "",
        "velocity": {
          "x": 0,
          "y": 0,
          "z": 0,
        },
        "zoom": 0.82,
      },
      "type": "Station in Eclipse",
    },
    {
      "passes": [
        {
          "end": 2025-04-21T03:13:30.000Z,
          "start": 2025-04-21T01:00:00.000Z,
        },
        {
          "end": 2025-04-22T01:59:30.000Z,
          "start": 2025-04-21T16:19:00.000Z,
        },
      ],
      "sensor": DetailedSensor {
        "active": true,
        "alt": 0,
        "commLinks": [],
        "country": "United Kingdom",
        "dwellTime": undefined,
        "freqBand": undefined,
        "id": 37983,
        "isVolumetric": undefined,
        "lat": 34.912778,
        "lon": 32.883889,
        "maxAz": 360,
        "maxAz2": undefined,
        "maxEl": 90,
        "maxEl2": undefined,
        "maxRng": 200000,
        "maxRng2": undefined,
        "minAz": 0,
        "minAz2": undefined,
        "minEl": 3,
        "minEl2": undefined,
        "minRng": 15000,
        "minRng2": undefined,
        "name": "Royal Air Force Troödos, Cyprus",
        "objName": "TRO",
        "operator": "UKSA",
        "position": {
          "x": 286.817584730809,
          "y": -5216.502099685054,
          "z": 3646.311200799352,
        },
        "sensorId": 39,
        "shortName": undefined,
        "system": "Starbrook",
        "totalVelocity": 0,
        "type": 21,
        "uiName": "Royal Air Force Troödos",
        "url": "",
        "velocity": {
          "x": 0,
          "y": 0,
          "z": 0,
        },
        "zoom": 0.82,
      },
      "type": "Station in Eclipse",
    },
  ],
  [
    {
      "passes": [],
      "sensor": DetailedSensor {
        "active": true,
        "alt": 0,
        "commLinks": [],
        "country": "United States",
        "dwellTime": undefined,
        "freqBand": undefined,
        "id": 37959,
        "isVolumetric": undefined,
        "lat": -7.29648,
        "lon": 72.390153,
        "maxAz": 360,
        "maxAz2": undefined,
        "maxEl": 90,
        "maxEl2": undefined,
        "maxRng": 200000,
        "maxRng2": undefined,
        "minAz": 0,
        "minAz2": undefined,
        "minEl": 20,
        "minEl2": undefined,
        "minRng": 0,
        "minRng2": undefined,
        "name": "Diego Garcia",
        "objName": "GEODDSDGC",
        "operator": "USSF",
        "position": {
          "x": 4281.79312666609,
          "y": -4647.717897274467,
          "z": -809.141411493596,
        },
        "sensorId": 15,
        "shortName": undefined,
        "system": "GEODSS",
        "totalVelocity": 0,
        "type": 21,
        "uiName": "Diego Garcia",
        "url": "https://mostlymissiledefense.com/2012/08/20/space-surveillance-sensors-geodss-ground-based-electro-optical-deep-space-surveillance-system-august-20-2012/",
        "velocity": {
          "x": 0,
          "y": 0,
          "z": 0,
        },
        "zoom": 0.82,
      },
      "type": "Clear Skies",
    },
    {
      "passes": [],
      "sensor": DetailedSensor {
        "active": true,
        "alt": 3,
        "commLinks": [],
        "country": "United States",
        "dwellTime": undefined,
        "freqBand": undefined,
        "id": 37960,
        "isVolumetric": undefined,
        "lat": 20.70835,
        "lon": -156.257595,
        "maxAz": 360,
        "maxAz2": undefined,
        "maxEl": 90,
        "maxEl2": undefined,
        "maxRng": 200000,
        "maxRng2": undefined,
        "minAz": 0,
        "minAz2": undefined,
        "minEl": 20,
        "minEl2": undefined,
        "minRng": 0,
        "minRng2": undefined,
        "name": "Maui, Hawaii",
        "objName": "GEODDSMAU",
        "operator": "USSF",
        "position": {
          "x": 622.6372795908738,
          "y": 5929.599008877658,
          "z": 2253.9204325836745,
        },
        "sensorId": 16,
        "shortName": undefined,
        "system": "GEODSS",
        "totalVelocity": 0,
        "type": 21,
        "uiName": "Maui",
        "url": "https://mostlymissiledefense.com/2012/08/20/space-surveillance-sensors-geodss-ground-based-electro-optical-deep-space-surveillance-system-august-20-2012/",
        "velocity": {
          "x": 0,
          "y": 0,
          "z": 0,
        },
        "zoom": 0.82,
      },
      "type": "Clear Skies",
    },
    {
      "passes": [
        {
          "end": 2025-04-21T03:25:30.000Z,
          "start": 2025-04-21T01:00:00.000Z,
        },
        {
          "end": 2025-04-21T11:53:00.000Z,
          "start": 2025-04-21T09:03:00.000Z,
        },
      ],
      "sensor": DetailedSensor {
        "active": true,
        "alt": 1.24,
        "commLinks": [],
        "country": "United States",
        "dwellTime": undefined,
        "freqBand": undefined,
        "id": 37961,
        "isVolumetric": undefined,
        "lat": 33.817233,
        "lon": -106.659961,
        "maxAz": 360,
        "maxAz2": undefined,
        "maxEl": 90,
        "maxEl2": undefined,
        "maxRng": 200000,
        "maxRng2": undefined,
        "minAz": 0,
        "minAz2": undefined,
        "minEl": 20,
        "minEl2": undefined,
        "minRng": 0,
        "minRng2": undefined,
        "name": "Socorro, New Mexico",
        "objName": "GEODDSSOC",
        "operator": "USSF",
        "position": {
          "x": -3651.1831436440775,
          "y": 3833.683181705651,
          "z": 3546.446165882101,
        },
        "sensorId": 17,
        "shortName": undefined,
        "system": "GEODSS",
        "totalVelocity": 0,
        "type": 21,
        "uiName": "Socorro",
        "url": "https://mostlymissiledefense.com/2012/08/20/space-surveillance-sensors-geodss-ground-based-electro-optical-deep-space-surveillance-system-august-20-2012/",
        "velocity": {
          "x": 0,
          "y": 0,
          "z": 0,
        },
        "zoom": 0.82,
      },
      "type": "Clear Skies",
    },
    {
      "passes": [],
      "sensor": DetailedSensor {
        "active": true,
        "alt": 0,
        "commLinks": [],
        "country": "Switzerland",
        "dwellTime": undefined,
        "freqBand": undefined,
        "id": 37985,
        "isVolumetric": undefined,
        "lat": 46.877225,
        "lon": 7.465225,
        "maxAz": 360,
        "maxAz2": undefined,
        "maxEl": 90,
        "maxEl2": undefined,
        "maxRng": 200000,
        "maxRng2": undefined,
        "minAz": 0,
        "minAz2": undefined,
        "minEl": 10,
        "minEl2": undefined,
        "minRng": 15000,
        "minRng2": undefined,
        "name": "Zimmerwald Observatory, Switzerland",
        "objName": "ZimLAT",
        "operator": "ESA",
        "position": {
          "x": -1650.527686146805,
          "y": -4030.1004066670494,
          "z": 4650.139022163657,
        },
        "sensorId": 41,
        "shortName": undefined,
        "system": "ZimLAT",
        "totalVelocity": 0,
        "type": 21,
        "uiName": "Zimmerwald",
        "url": "",
        "velocity": {
          "x": 0,
          "y": 0,
          "z": 0,
        },
        "zoom": 0.82,
      },
      "type": "Clear Skies",
    },
    {
      "passes": [
        {
          "end": 2025-04-21T12:30:30.000Z,
          "start": 2025-04-21T11:30:30.000Z,
        },
        {
          "end": 2025-04-21T23:21:00.000Z,
          "start": 2025-04-21T22:33:30.000Z,
        },
      ],
      "sensor": DetailedSensor {
        "active": true,
        "alt": 0,
        "commLinks": [],
        "country": "United Kingdom",
        "dwellTime": undefined,
        "freqBand": undefined,
        "id": 37983,
        "isVolumetric": undefined,
        "lat": 34.912778,
        "lon": 32.883889,
        "maxAz": 360,
        "maxAz2": undefined,
        "maxEl": 90,
        "maxEl2": undefined,
        "maxRng": 200000,
        "maxRng2": undefined,
        "minAz": 0,
        "minAz2": undefined,
        "minEl": 3,
        "minEl2": undefined,
        "minRng": 15000,
        "minRng2": undefined,
        "name": "Royal Air Force Troödos, Cyprus",
        "objName": "TRO",
        "operator": "UKSA",
        "position": {
          "x": 286.817584730809,
          "y": -5216.502099685054,
          "z": 3646.311200799352,
        },
        "sensorId": 39,
        "shortName": undefined,
        "system": "Starbrook",
        "totalVelocity": 0,
        "type": 21,
        "uiName": "Royal Air Force Troödos",
        "url": "",
        "velocity": {
          "x": 0,
          "y": 0,
          "z": 0,
        },
        "zoom": 0.82,
      },
      "type": "Clear Skies",
    },
  ],
]
`;
