// Jest Snapshot v1, https://goo.gl/fbAQLP

exports[`SensorTimeline Weather Integration should correctly calculate passes and integrate weather data 1`] = `
[
  [
    {
      "passes": [],
      "sensor": RfSensor {
        "active": true,
        "alt": 0.112,
        "beamwidth": 2,
        "boresightAz": [
          186,
          306,
        ],
        "boresightEl": [
          20,
          20,
        ],
        "changeObjectInterval": 1000,
        "commDevices": [],
        "commLinks": [
          "AEHF",
          "WGS",
        ],
        "country": "United States",
        "freqBand": "UHF",
        "history_": null,
        "id": 0,
        "isVolumetric": undefined,
        "lat": 39.136064,
        "lon": -121.351237,
        "maxAz": 6,
        "maxAz2": undefined,
        "maxEl": 85,
        "maxEl2": undefined,
        "maxRng": 5556,
        "maxRng2": undefined,
        "metadata": undefined,
        "minAz": 126,
        "minAz2": undefined,
        "minEl": 3,
        "minEl2": undefined,
        "minRng": 200,
        "minRng2": undefined,
        "name": "Beale AFB, California",
        "objName": "BLEAFB",
        "operator": "USSF",
        "sensorId": 0,
        "sensor_": PhasedArrayRadar {
          "beamwidth": 2,
          "boresightAz": [
            186,
            306,
          ],
          "boresightEl": [
            20,
            20,
          ],
          "country": "United States",
          "dwellTime": undefined,
          "faceCount": 2,
          "faceFovs": [
            FieldOfView {
              "boresightAz": 186,
              "boresightEl": 20,
              "boresightFrame_": {
                "b": Vector3D {
                  "x": -0.09822462559470488,
                  "y": -0.9345448862875817,
                  "z": 0.3420201433256687,
                },
                "u": Vector3D {
                  "x": 0.03575083998841475,
                  "y": 0.34014652119437255,
                  "z": 0.9396926207859084,
                },
                "v": Vector3D {
                  "x": 0.9945218953682734,
                  "y": -0.10452846326765351,
                  "z": 0,
                },
              },
              "elevationMasks": [],
              "frame": "TOPOCENTRIC",
              "halfAngle": 90,
              "halfAngleRad_": 1.5707963267948966,
              "maxRange": 5556,
              "minElevation": 3,
              "minRange": 200,
              "minorHalfAngle": 90,
              "minorHalfAngleRad_": 1.5707963267948966,
              "rollAngle": 0,
              "shape": "ELLIPTICAL_CONE",
            },
            FieldOfView {
              "boresightAz": 306,
              "boresightEl": 20,
              "boresightFrame_": {
                "b": Vector3D {
                  "x": -0.7602272997045331,
                  "y": 0.5523374641860203,
                  "z": 0.3420201433256687,
                },
                "u": Vector3D {
                  "x": 0.2767001083690213,
                  "y": -0.20103439623378594,
                  "z": 0.9396926207859085,
                },
                "v": Vector3D {
                  "x": -0.5877852522924729,
                  "y": -0.8090169943749477,
                  "z": 0,
                },
              },
              "elevationMasks": [],
              "frame": "TOPOCENTRIC",
              "halfAngle": 90,
              "halfAngleRad_": 1.5707963267948966,
              "maxRange": 5556,
              "minElevation": 3,
              "minRange": 200,
              "minorHalfAngle": 90,
              "minorHalfAngleRad_": 1.5707963267948966,
              "rollAngle": 0,
              "shape": "ELLIPTICAL_CONE",
            },
          ],
          "fieldOfView": FieldOfView {
            "boresightAz": 0,
            "boresightEl": 90,
            "boresightFrame_": {
              "b": Vector3D {
                "x": 0,
                "y": 6.123233995736766e-17,
                "z": 1,
              },
              "u": Vector3D {
                "x": 0,
                "y": 1,
                "z": 0,
              },
              "v": Vector3D {
                "x": 1,
                "y": -0,
                "z": 0,
              },
            },
            "elevationMasks": [],
            "frame": "TOPOCENTRIC",
            "halfAngle": 90,
            "halfAngleRad_": 1.5707963267948966,
            "maxRange": 5556,
            "minElevation": 3,
            "minRange": 200,
            "minorHalfAngle": 90,
            "minorHalfAngleRad_": 1.5707963267948966,
            "rollAngle": 0,
            "shape": "ELLIPTICAL_CONE",
          },
          "freqBand": "UHF",
          "frequency": undefined,
          "id": 0,
          "isVolumetric": undefined,
          "metadata": undefined,
          "name": "Beale AFB, California",
          "operator": "USSF",
          "parent_": [Circular],
          "peakPower": undefined,
          "sensorType": "PHASED_ARRAY_RADAR",
          "shortName": "BLE",
          "system": "PAVE PAWS UEWR",
          "url": undefined,
        },
        "sensors": [
          PhasedArrayRadar {
            "beamwidth": 2,
            "boresightAz": [
              186,
              306,
            ],
            "boresightEl": [
              20,
              20,
            ],
            "country": "United States",
            "dwellTime": undefined,
            "faceCount": 2,
            "faceFovs": [
              FieldOfView {
                "boresightAz": 186,
                "boresightEl": 20,
                "boresightFrame_": {
                  "b": Vector3D {
                    "x": -0.09822462559470488,
                    "y": -0.9345448862875817,
                    "z": 0.3420201433256687,
                  },
                  "u": Vector3D {
                    "x": 0.03575083998841475,
                    "y": 0.34014652119437255,
                    "z": 0.9396926207859084,
                  },
                  "v": Vector3D {
                    "x": 0.9945218953682734,
                    "y": -0.10452846326765351,
                    "z": 0,
                  },
                },
                "elevationMasks": [],
                "frame": "TOPOCENTRIC",
                "halfAngle": 90,
                "halfAngleRad_": 1.5707963267948966,
                "maxRange": 5556,
                "minElevation": 3,
                "minRange": 200,
                "minorHalfAngle": 90,
                "minorHalfAngleRad_": 1.5707963267948966,
                "rollAngle": 0,
                "shape": "ELLIPTICAL_CONE",
              },
              FieldOfView {
                "boresightAz": 306,
                "boresightEl": 20,
                "boresightFrame_": {
                  "b": Vector3D {
                    "x": -0.7602272997045331,
                    "y": 0.5523374641860203,
                    "z": 0.3420201433256687,
                  },
                  "u": Vector3D {
                    "x": 0.2767001083690213,
                    "y": -0.20103439623378594,
                    "z": 0.9396926207859085,
                  },
                  "v": Vector3D {
                    "x": -0.5877852522924729,
                    "y": -0.8090169943749477,
                    "z": 0,
                  },
                },
                "elevationMasks": [],
                "frame": "TOPOCENTRIC",
                "halfAngle": 90,
                "halfAngleRad_": 1.5707963267948966,
                "maxRange": 5556,
                "minElevation": 3,
                "minRange": 200,
                "minorHalfAngle": 90,
                "minorHalfAngleRad_": 1.5707963267948966,
                "rollAngle": 0,
                "shape": "ELLIPTICAL_CONE",
              },
            ],
            "fieldOfView": FieldOfView {
              "boresightAz": 0,
              "boresightEl": 90,
              "boresightFrame_": {
                "b": Vector3D {
                  "x": 0,
                  "y": 6.123233995736766e-17,
                  "z": 1,
                },
                "u": Vector3D {
                  "x": 0,
                  "y": 1,
                  "z": 0,
                },
                "v": Vector3D {
                  "x": 1,
                  "y": -0,
                  "z": 0,
                },
              },
              "elevationMasks": [],
              "frame": "TOPOCENTRIC",
              "halfAngle": 90,
              "halfAngleRad_": 1.5707963267948966,
              "maxRange": 5556,
              "minElevation": 3,
              "minRange": 200,
              "minorHalfAngle": 90,
              "minorHalfAngleRad_": 1.5707963267948966,
              "rollAngle": 0,
              "shape": "ELLIPTICAL_CONE",
            },
            "freqBand": "UHF",
            "frequency": undefined,
            "id": 0,
            "isVolumetric": undefined,
            "metadata": undefined,
            "name": "Beale AFB, California",
            "operator": "USSF",
            "parent_": [Circular],
            "peakPower": undefined,
            "sensorType": "PHASED_ARRAY_RADAR",
            "shortName": "BLE",
            "system": "PAVE PAWS UEWR",
            "url": undefined,
          },
        ],
        "shortName": "BLE",
        "system": "PAVE PAWS UEWR",
        "type": 23,
        "uiName": "Beale AFB",
        "url": undefined,
        "volume": undefined,
        "zoom": 0.45,
      },
      "type": "can Observe",
    },
    {
      "passes": [],
      "sensor": RfSensor {
        "active": true,
        "alt": 0.060966,
        "beamwidth": 2,
        "boresightAz": [
          47,
          227,
        ],
        "boresightEl": [
          20,
          20,
        ],
        "changeObjectInterval": 1000,
        "commDevices": [],
        "commLinks": [
          "AEHF",
          "WGS",
        ],
        "country": "United States",
        "freqBand": "UHF",
        "history_": null,
        "id": 0,
        "isVolumetric": undefined,
        "lat": 41.754785,
        "lon": -70.539151,
        "maxAz": 227,
        "maxAz2": undefined,
        "maxEl": 85,
        "maxEl2": undefined,
        "maxRng": 5556,
        "maxRng2": undefined,
        "metadata": undefined,
        "minAz": 347,
        "minAz2": undefined,
        "minEl": 3,
        "minEl2": undefined,
        "minRng": 200,
        "minRng2": undefined,
        "name": "Cape Cod SFS, Massachusetts",
        "objName": "CODSFS",
        "operator": "USSF",
        "sensorId": 0,
        "sensor_": PhasedArrayRadar {
          "beamwidth": 2,
          "boresightAz": [
            47,
            227,
          ],
          "boresightEl": [
            20,
            20,
          ],
          "country": "United States",
          "dwellTime": undefined,
          "faceCount": 2,
          "faceFovs": [
            FieldOfView {
              "boresightAz": 47,
              "boresightEl": 20,
              "boresightFrame_": {
                "b": Vector3D {
                  "x": 0.6872476765959936,
                  "y": 0.6408688263388208,
                  "z": 0.3420201433256687,
                },
                "u": Vector3D {
                  "x": -0.25013769784954704,
                  "y": -0.23325717685644676,
                  "z": 0.9396926207859084,
                },
                "v": Vector3D {
                  "x": -0.6819983600624985,
                  "y": 0.7313537016191705,
                  "z": 0,
                },
              },
              "elevationMasks": [],
              "frame": "TOPOCENTRIC",
              "halfAngle": 90,
              "halfAngleRad_": 1.5707963267948966,
              "maxRange": 5556,
              "minElevation": 3,
              "minRange": 200,
              "minorHalfAngle": 90,
              "minorHalfAngleRad_": 1.5707963267948966,
              "rollAngle": 0,
              "shape": "ELLIPTICAL_CONE",
            },
            FieldOfView {
              "boresightAz": 227,
              "boresightEl": 20,
              "boresightFrame_": {
                "b": Vector3D {
                  "x": -0.6872476765959936,
                  "y": -0.6408688263388209,
                  "z": 0.3420201433256687,
                },
                "u": Vector3D {
                  "x": 0.25013769784954704,
                  "y": 0.23325717685644679,
                  "z": 0.9396926207859085,
                },
                "v": Vector3D {
                  "x": 0.6819983600624986,
                  "y": -0.7313537016191705,
                  "z": 0,
                },
              },
              "elevationMasks": [],
              "frame": "TOPOCENTRIC",
              "halfAngle": 90,
              "halfAngleRad_": 1.5707963267948966,
              "maxRange": 5556,
              "minElevation": 3,
              "minRange": 200,
              "minorHalfAngle": 90,
              "minorHalfAngleRad_": 1.5707963267948966,
              "rollAngle": 0,
              "shape": "ELLIPTICAL_CONE",
            },
          ],
          "fieldOfView": FieldOfView {
            "boresightAz": 0,
            "boresightEl": 90,
            "boresightFrame_": {
              "b": Vector3D {
                "x": 0,
                "y": 6.123233995736766e-17,
                "z": 1,
              },
              "u": Vector3D {
                "x": 0,
                "y": 1,
                "z": 0,
              },
              "v": Vector3D {
                "x": 1,
                "y": -0,
                "z": 0,
              },
            },
            "elevationMasks": [],
            "frame": "TOPOCENTRIC",
            "halfAngle": 90,
            "halfAngleRad_": 1.5707963267948966,
            "maxRange": 5556,
            "minElevation": 3,
            "minRange": 200,
            "minorHalfAngle": 90,
            "minorHalfAngleRad_": 1.5707963267948966,
            "rollAngle": 0,
            "shape": "ELLIPTICAL_CONE",
          },
          "freqBand": "UHF",
          "frequency": undefined,
          "id": 0,
          "isVolumetric": undefined,
          "metadata": undefined,
          "name": "Cape Cod SFS, Massachusetts",
          "operator": "USSF",
          "parent_": [Circular],
          "peakPower": undefined,
          "sensorType": "PHASED_ARRAY_RADAR",
          "shortName": "COD",
          "system": "PAVE PAWS UEWR",
          "url": "https://www.radartutorial.eu/19.kartei/01.oth/karte004.en.html",
        },
        "sensors": [
          PhasedArrayRadar {
            "beamwidth": 2,
            "boresightAz": [
              47,
              227,
            ],
            "boresightEl": [
              20,
              20,
            ],
            "country": "United States",
            "dwellTime": undefined,
            "faceCount": 2,
            "faceFovs": [
              FieldOfView {
                "boresightAz": 47,
                "boresightEl": 20,
                "boresightFrame_": {
                  "b": Vector3D {
                    "x": 0.6872476765959936,
                    "y": 0.6408688263388208,
                    "z": 0.3420201433256687,
                  },
                  "u": Vector3D {
                    "x": -0.25013769784954704,
                    "y": -0.23325717685644676,
                    "z": 0.9396926207859084,
                  },
                  "v": Vector3D {
                    "x": -0.6819983600624985,
                    "y": 0.7313537016191705,
                    "z": 0,
                  },
                },
                "elevationMasks": [],
                "frame": "TOPOCENTRIC",
                "halfAngle": 90,
                "halfAngleRad_": 1.5707963267948966,
                "maxRange": 5556,
                "minElevation": 3,
                "minRange": 200,
                "minorHalfAngle": 90,
                "minorHalfAngleRad_": 1.5707963267948966,
                "rollAngle": 0,
                "shape": "ELLIPTICAL_CONE",
              },
              FieldOfView {
                "boresightAz": 227,
                "boresightEl": 20,
                "boresightFrame_": {
                  "b": Vector3D {
                    "x": -0.6872476765959936,
                    "y": -0.6408688263388209,
                    "z": 0.3420201433256687,
                  },
                  "u": Vector3D {
                    "x": 0.25013769784954704,
                    "y": 0.23325717685644679,
                    "z": 0.9396926207859085,
                  },
                  "v": Vector3D {
                    "x": 0.6819983600624986,
                    "y": -0.7313537016191705,
                    "z": 0,
                  },
                },
                "elevationMasks": [],
                "frame": "TOPOCENTRIC",
                "halfAngle": 90,
                "halfAngleRad_": 1.5707963267948966,
                "maxRange": 5556,
                "minElevation": 3,
                "minRange": 200,
                "minorHalfAngle": 90,
                "minorHalfAngleRad_": 1.5707963267948966,
                "rollAngle": 0,
                "shape": "ELLIPTICAL_CONE",
              },
            ],
            "fieldOfView": FieldOfView {
              "boresightAz": 0,
              "boresightEl": 90,
              "boresightFrame_": {
                "b": Vector3D {
                  "x": 0,
                  "y": 6.123233995736766e-17,
                  "z": 1,
                },
                "u": Vector3D {
                  "x": 0,
                  "y": 1,
                  "z": 0,
                },
                "v": Vector3D {
                  "x": 1,
                  "y": -0,
                  "z": 0,
                },
              },
              "elevationMasks": [],
              "frame": "TOPOCENTRIC",
              "halfAngle": 90,
              "halfAngleRad_": 1.5707963267948966,
              "maxRange": 5556,
              "minElevation": 3,
              "minRange": 200,
              "minorHalfAngle": 90,
              "minorHalfAngleRad_": 1.5707963267948966,
              "rollAngle": 0,
              "shape": "ELLIPTICAL_CONE",
            },
            "freqBand": "UHF",
            "frequency": undefined,
            "id": 0,
            "isVolumetric": undefined,
            "metadata": undefined,
            "name": "Cape Cod SFS, Massachusetts",
            "operator": "USSF",
            "parent_": [Circular],
            "peakPower": undefined,
            "sensorType": "PHASED_ARRAY_RADAR",
            "shortName": "COD",
            "system": "PAVE PAWS UEWR",
            "url": "https://www.radartutorial.eu/19.kartei/01.oth/karte004.en.html",
          },
        ],
        "shortName": "COD",
        "system": "PAVE PAWS UEWR",
        "type": 23,
        "uiName": "Cape Cod SFS",
        "url": "https://www.radartutorial.eu/19.kartei/01.oth/karte004.en.html",
        "volume": undefined,
        "zoom": 0.45,
      },
      "type": "can Observe",
    },
    {
      "passes": [],
      "sensor": RfSensor {
        "active": true,
        "alt": 0.352,
        "beamwidth": 1.2,
        "boresightAz": [
          8,
        ],
        "boresightEl": [
          25,
        ],
        "changeObjectInterval": 1000,
        "commDevices": [],
        "commLinks": [
          "AEHF",
        ],
        "country": "United States",
        "freqBand": undefined,
        "history_": null,
        "id": 0,
        "isVolumetric": undefined,
        "lat": 48.724567,
        "lon": -97.899755,
        "maxAz": 78,
        "maxAz2": undefined,
        "maxEl": 90,
        "maxEl2": undefined,
        "maxRng": 3300,
        "maxRng2": undefined,
        "metadata": undefined,
        "minAz": 298,
        "minAz2": undefined,
        "minEl": 1.9,
        "minEl2": undefined,
        "minRng": 200,
        "minRng2": undefined,
        "name": "Cavalier SFS, North Dakota",
        "objName": "CAVSFS",
        "operator": "USSF",
        "sensorId": 0,
        "sensor_": PhasedArrayRadar {
          "beamwidth": 1.2,
          "boresightAz": [
            8,
          ],
          "boresightEl": [
            25,
          ],
          "country": "United States",
          "dwellTime": undefined,
          "faceCount": 1,
          "faceFovs": [
            FieldOfView {
              "boresightAz": 8,
              "boresightEl": 25,
              "boresightFrame_": {
                "b": Vector3D {
                  "x": 0.12613366514614516,
                  "y": 0.8974876619542298,
                  "z": 0.42261826174069944,
                },
                "u": Vector3D {
                  "x": -0.05881709400880572,
                  "y": -0.4185053698688819,
                  "z": 0.90630778703665,
                },
                "v": Vector3D {
                  "x": -0.9902680687415703,
                  "y": 0.1391731009600654,
                  "z": 0,
                },
              },
              "elevationMasks": [],
              "frame": "TOPOCENTRIC",
              "halfAngle": 90,
              "halfAngleRad_": 1.5707963267948966,
              "maxRange": 3300,
              "minElevation": 1.9,
              "minRange": 200,
              "minorHalfAngle": 90,
              "minorHalfAngleRad_": 1.5707963267948966,
              "rollAngle": 0,
              "shape": "ELLIPTICAL_CONE",
            },
          ],
          "fieldOfView": FieldOfView {
            "boresightAz": 0,
            "boresightEl": 90,
            "boresightFrame_": {
              "b": Vector3D {
                "x": 0,
                "y": 6.123233995736766e-17,
                "z": 1,
              },
              "u": Vector3D {
                "x": 0,
                "y": 1,
                "z": 0,
              },
              "v": Vector3D {
                "x": 1,
                "y": -0,
                "z": 0,
              },
            },
            "elevationMasks": [],
            "frame": "TOPOCENTRIC",
            "halfAngle": 90,
            "halfAngleRad_": 1.5707963267948966,
            "maxRange": 3300,
            "minElevation": 1.9,
            "minRange": 200,
            "minorHalfAngle": 90,
            "minorHalfAngleRad_": 1.5707963267948966,
            "rollAngle": 0,
            "shape": "ELLIPTICAL_CONE",
          },
          "freqBand": undefined,
          "frequency": undefined,
          "id": 0,
          "isVolumetric": undefined,
          "metadata": undefined,
          "name": "Cavalier SFS, North Dakota",
          "operator": "USSF",
          "parent_": [Circular],
          "peakPower": undefined,
          "sensorType": "PHASED_ARRAY_RADAR",
          "shortName": "CAV",
          "system": "PARCS",
          "url": "https://mostlymissiledefense.com/2012/04/12/parcs-cavalier-radar-april-12-2012/",
        },
        "sensors": [
          PhasedArrayRadar {
            "beamwidth": 1.2,
            "boresightAz": [
              8,
            ],
            "boresightEl": [
              25,
            ],
            "country": "United States",
            "dwellTime": undefined,
            "faceCount": 1,
            "faceFovs": [
              FieldOfView {
                "boresightAz": 8,
                "boresightEl": 25,
                "boresightFrame_": {
                  "b": Vector3D {
                    "x": 0.12613366514614516,
                    "y": 0.8974876619542298,
                    "z": 0.42261826174069944,
                  },
                  "u": Vector3D {
                    "x": -0.05881709400880572,
                    "y": -0.4185053698688819,
                    "z": 0.90630778703665,
                  },
                  "v": Vector3D {
                    "x": -0.9902680687415703,
                    "y": 0.1391731009600654,
                    "z": 0,
                  },
                },
                "elevationMasks": [],
                "frame": "TOPOCENTRIC",
                "halfAngle": 90,
                "halfAngleRad_": 1.5707963267948966,
                "maxRange": 3300,
                "minElevation": 1.9,
                "minRange": 200,
                "minorHalfAngle": 90,
                "minorHalfAngleRad_": 1.5707963267948966,
                "rollAngle": 0,
                "shape": "ELLIPTICAL_CONE",
              },
            ],
            "fieldOfView": FieldOfView {
              "boresightAz": 0,
              "boresightEl": 90,
              "boresightFrame_": {
                "b": Vector3D {
                  "x": 0,
                  "y": 6.123233995736766e-17,
                  "z": 1,
                },
                "u": Vector3D {
                  "x": 0,
                  "y": 1,
                  "z": 0,
                },
                "v": Vector3D {
                  "x": 1,
                  "y": -0,
                  "z": 0,
                },
              },
              "elevationMasks": [],
              "frame": "TOPOCENTRIC",
              "halfAngle": 90,
              "halfAngleRad_": 1.5707963267948966,
              "maxRange": 3300,
              "minElevation": 1.9,
              "minRange": 200,
              "minorHalfAngle": 90,
              "minorHalfAngleRad_": 1.5707963267948966,
              "rollAngle": 0,
              "shape": "ELLIPTICAL_CONE",
            },
            "freqBand": undefined,
            "frequency": undefined,
            "id": 0,
            "isVolumetric": undefined,
            "metadata": undefined,
            "name": "Cavalier SFS, North Dakota",
            "operator": "USSF",
            "parent_": [Circular],
            "peakPower": undefined,
            "sensorType": "PHASED_ARRAY_RADAR",
            "shortName": "CAV",
            "system": "PARCS",
            "url": "https://mostlymissiledefense.com/2012/04/12/parcs-cavalier-radar-april-12-2012/",
          },
        ],
        "shortName": "CAV",
        "system": "PARCS",
        "type": 23,
        "uiName": "Cavalier SFS",
        "url": "https://mostlymissiledefense.com/2012/04/12/parcs-cavalier-radar-april-12-2012/",
        "volume": true,
        "zoom": 0.45,
      },
      "type": "can Observe",
    },
    {
      "passes": [],
      "sensor": RfSensor {
        "active": true,
        "alt": 0.175,
        "beamwidth": 2,
        "boresightAz": [
          244,
          4,
        ],
        "boresightEl": [
          20,
          20,
        ],
        "changeObjectInterval": 1000,
        "commDevices": [],
        "commLinks": [
          "AEHF",
          "WGS",
        ],
        "country": "United States",
        "freqBand": "UHF",
        "history_": null,
        "id": 0,
        "isVolumetric": undefined,
        "lat": 64.290556,
        "lon": -149.186944,
        "maxAz": 64,
        "maxAz2": undefined,
        "maxEl": 85,
        "maxEl2": undefined,
        "maxRng": 5556,
        "maxRng2": undefined,
        "metadata": undefined,
        "minAz": 184,
        "minAz2": undefined,
        "minEl": 3,
        "minEl2": undefined,
        "minRng": 200,
        "minRng2": undefined,
        "name": "Clear SFS, Alaska",
        "objName": "CLRSFS",
        "operator": "USSF",
        "sensorId": 0,
        "sensor_": PhasedArrayRadar {
          "beamwidth": 2,
          "boresightAz": [
            244,
            4,
          ],
          "boresightEl": [
            20,
            20,
          ],
          "country": "United States",
          "dwellTime": undefined,
          "faceCount": 2,
          "faceFovs": [
            FieldOfView {
              "boresightAz": 244,
              "boresightEl": 20,
              "boresightFrame_": {
                "b": Vector3D {
                  "x": -0.8445901329136352,
                  "y": -0.41193413180315264,
                  "z": 0.3420201433256687,
                },
                "u": Vector3D {
                  "x": 0.30740566853549883,
                  "y": 0.14993176245463816,
                  "z": 0.9396926207859084,
                },
                "v": Vector3D {
                  "x": 0.43837114678907774,
                  "y": -0.8987940462991668,
                  "z": 0,
                },
              },
              "elevationMasks": [],
              "frame": "TOPOCENTRIC",
              "halfAngle": 90,
              "halfAngleRad_": 1.5707963267948966,
              "maxRange": 5556,
              "minElevation": 3,
              "minRange": 200,
              "minorHalfAngle": 90,
              "minorHalfAngleRad_": 1.5707963267948966,
              "rollAngle": 0,
              "shape": "ELLIPTICAL_CONE",
            },
            FieldOfView {
              "boresightAz": 4,
              "boresightEl": 20,
              "boresightFrame_": {
                "b": Vector3D {
                  "x": 0.06554964362940052,
                  "y": 0.9374035767904598,
                  "z": 0.3420201433256687,
                },
                "u": Vector3D {
                  "x": -0.023858119147858986,
                  "y": -0.3411869994463997,
                  "z": 0.9396926207859084,
                },
                "v": Vector3D {
                  "x": -0.9975640502598243,
                  "y": 0.06975647374412532,
                  "z": 0,
                },
              },
              "elevationMasks": [],
              "frame": "TOPOCENTRIC",
              "halfAngle": 90,
              "halfAngleRad_": 1.5707963267948966,
              "maxRange": 5556,
              "minElevation": 3,
              "minRange": 200,
              "minorHalfAngle": 90,
              "minorHalfAngleRad_": 1.5707963267948966,
              "rollAngle": 0,
              "shape": "ELLIPTICAL_CONE",
            },
          ],
          "fieldOfView": FieldOfView {
            "boresightAz": 0,
            "boresightEl": 90,
            "boresightFrame_": {
              "b": Vector3D {
                "x": 0,
                "y": 6.123233995736766e-17,
                "z": 1,
              },
              "u": Vector3D {
                "x": 0,
                "y": 1,
                "z": 0,
              },
              "v": Vector3D {
                "x": 1,
                "y": -0,
                "z": 0,
              },
            },
            "elevationMasks": [],
            "frame": "TOPOCENTRIC",
            "halfAngle": 90,
            "halfAngleRad_": 1.5707963267948966,
            "maxRange": 5556,
            "minElevation": 3,
            "minRange": 200,
            "minorHalfAngle": 90,
            "minorHalfAngleRad_": 1.5707963267948966,
            "rollAngle": 0,
            "shape": "ELLIPTICAL_CONE",
          },
          "freqBand": "UHF",
          "frequency": undefined,
          "id": 0,
          "isVolumetric": undefined,
          "metadata": undefined,
          "name": "Clear SFS, Alaska",
          "operator": "USSF",
          "parent_": [Circular],
          "peakPower": undefined,
          "sensorType": "PHASED_ARRAY_RADAR",
          "shortName": "CLR",
          "system": "PAVE PAWS UEWR",
          "url": undefined,
        },
        "sensors": [
          PhasedArrayRadar {
            "beamwidth": 2,
            "boresightAz": [
              244,
              4,
            ],
            "boresightEl": [
              20,
              20,
            ],
            "country": "United States",
            "dwellTime": undefined,
            "faceCount": 2,
            "faceFovs": [
              FieldOfView {
                "boresightAz": 244,
                "boresightEl": 20,
                "boresightFrame_": {
                  "b": Vector3D {
                    "x": -0.8445901329136352,
                    "y": -0.41193413180315264,
                    "z": 0.3420201433256687,
                  },
                  "u": Vector3D {
                    "x": 0.30740566853549883,
                    "y": 0.14993176245463816,
                    "z": 0.9396926207859084,
                  },
                  "v": Vector3D {
                    "x": 0.43837114678907774,
                    "y": -0.8987940462991668,
                    "z": 0,
                  },
                },
                "elevationMasks": [],
                "frame": "TOPOCENTRIC",
                "halfAngle": 90,
                "halfAngleRad_": 1.5707963267948966,
                "maxRange": 5556,
                "minElevation": 3,
                "minRange": 200,
                "minorHalfAngle": 90,
                "minorHalfAngleRad_": 1.5707963267948966,
                "rollAngle": 0,
                "shape": "ELLIPTICAL_CONE",
              },
              FieldOfView {
                "boresightAz": 4,
                "boresightEl": 20,
                "boresightFrame_": {
                  "b": Vector3D {
                    "x": 0.06554964362940052,
                    "y": 0.9374035767904598,
                    "z": 0.3420201433256687,
                  },
                  "u": Vector3D {
                    "x": -0.023858119147858986,
                    "y": -0.3411869994463997,
                    "z": 0.9396926207859084,
                  },
                  "v": Vector3D {
                    "x": -0.9975640502598243,
                    "y": 0.06975647374412532,
                    "z": 0,
                  },
                },
                "elevationMasks": [],
                "frame": "TOPOCENTRIC",
                "halfAngle": 90,
                "halfAngleRad_": 1.5707963267948966,
                "maxRange": 5556,
                "minElevation": 3,
                "minRange": 200,
                "minorHalfAngle": 90,
                "minorHalfAngleRad_": 1.5707963267948966,
                "rollAngle": 0,
                "shape": "ELLIPTICAL_CONE",
              },
            ],
            "fieldOfView": FieldOfView {
              "boresightAz": 0,
              "boresightEl": 90,
              "boresightFrame_": {
                "b": Vector3D {
                  "x": 0,
                  "y": 6.123233995736766e-17,
                  "z": 1,
                },
                "u": Vector3D {
                  "x": 0,
                  "y": 1,
                  "z": 0,
                },
                "v": Vector3D {
                  "x": 1,
                  "y": -0,
                  "z": 0,
                },
              },
              "elevationMasks": [],
              "frame": "TOPOCENTRIC",
              "halfAngle": 90,
              "halfAngleRad_": 1.5707963267948966,
              "maxRange": 5556,
              "minElevation": 3,
              "minRange": 200,
              "minorHalfAngle": 90,
              "minorHalfAngleRad_": 1.5707963267948966,
              "rollAngle": 0,
              "shape": "ELLIPTICAL_CONE",
            },
            "freqBand": "UHF",
            "frequency": undefined,
            "id": 0,
            "isVolumetric": undefined,
            "metadata": undefined,
            "name": "Clear SFS, Alaska",
            "operator": "USSF",
            "parent_": [Circular],
            "peakPower": undefined,
            "sensorType": "PHASED_ARRAY_RADAR",
            "shortName": "CLR",
            "system": "PAVE PAWS UEWR",
            "url": undefined,
          },
        ],
        "shortName": "CLR",
        "system": "PAVE PAWS UEWR",
        "type": 23,
        "uiName": "Clear SFS (UEWR)",
        "url": undefined,
        "volume": undefined,
        "zoom": 0.45,
      },
      "type": "can Observe",
    },
    {
      "passes": [],
      "sensor": RfSensor {
        "active": true,
        "alt": 0.26,
        "beamwidth": 2,
        "boresightAz": [
          0,
        ],
        "boresightEl": [
          20,
        ],
        "changeObjectInterval": 1000,
        "commDevices": [],
        "commLinks": [
          "AEHF",
          "WGS",
        ],
        "country": "United Kingdom",
        "freqBand": "UHF",
        "history_": null,
        "id": 0,
        "isVolumetric": undefined,
        "lat": 54.361758,
        "lon": -0.670051,
        "maxAz": 360,
        "maxAz2": undefined,
        "maxEl": 85,
        "maxEl2": undefined,
        "maxRng": 5556,
        "maxRng2": undefined,
        "metadata": undefined,
        "minAz": 0,
        "minAz2": undefined,
        "minEl": 3,
        "minEl2": undefined,
        "minRng": 200,
        "minRng2": undefined,
        "name": "RAF Fylingdales, United Kingdom",
        "objName": "RAFFYL",
        "operator": "RAF",
        "sensorId": 0,
        "sensor_": PhasedArrayRadar {
          "beamwidth": 2,
          "boresightAz": [
            0,
          ],
          "boresightEl": [
            20,
          ],
          "country": "United Kingdom",
          "dwellTime": undefined,
          "faceCount": 1,
          "faceFovs": [
            FieldOfView {
              "boresightAz": 0,
              "boresightEl": 20,
              "boresightFrame_": {
                "b": Vector3D {
                  "x": 0,
                  "y": 0.9396926207859084,
                  "z": 0.3420201433256687,
                },
                "u": Vector3D {
                  "x": 0,
                  "y": -0.3420201433256687,
                  "z": 0.9396926207859084,
                },
                "v": Vector3D {
                  "x": -1,
                  "y": 0,
                  "z": 0,
                },
              },
              "elevationMasks": [],
              "frame": "TOPOCENTRIC",
              "halfAngle": 90,
              "halfAngleRad_": 1.5707963267948966,
              "maxRange": 5556,
              "minElevation": 3,
              "minRange": 200,
              "minorHalfAngle": 90,
              "minorHalfAngleRad_": 1.5707963267948966,
              "rollAngle": 0,
              "shape": "ELLIPTICAL_CONE",
            },
          ],
          "fieldOfView": FieldOfView {
            "boresightAz": 0,
            "boresightEl": 90,
            "boresightFrame_": {
              "b": Vector3D {
                "x": 0,
                "y": 6.123233995736766e-17,
                "z": 1,
              },
              "u": Vector3D {
                "x": 0,
                "y": 1,
                "z": 0,
              },
              "v": Vector3D {
                "x": 1,
                "y": -0,
                "z": 0,
              },
            },
            "elevationMasks": [],
            "frame": "TOPOCENTRIC",
            "halfAngle": 90,
            "halfAngleRad_": 1.5707963267948966,
            "maxRange": 5556,
            "minElevation": 3,
            "minRange": 200,
            "minorHalfAngle": 90,
            "minorHalfAngleRad_": 1.5707963267948966,
            "rollAngle": 0,
            "shape": "ELLIPTICAL_CONE",
          },
          "freqBand": "UHF",
          "frequency": undefined,
          "id": 0,
          "isVolumetric": undefined,
          "metadata": undefined,
          "name": "RAF Fylingdales, United Kingdom",
          "operator": "RAF",
          "parent_": [Circular],
          "peakPower": undefined,
          "sensorType": "PHASED_ARRAY_RADAR",
          "shortName": "FYL",
          "system": "BMEWS UEWR",
          "url": undefined,
        },
        "sensors": [
          PhasedArrayRadar {
            "beamwidth": 2,
            "boresightAz": [
              0,
            ],
            "boresightEl": [
              20,
            ],
            "country": "United Kingdom",
            "dwellTime": undefined,
            "faceCount": 1,
            "faceFovs": [
              FieldOfView {
                "boresightAz": 0,
                "boresightEl": 20,
                "boresightFrame_": {
                  "b": Vector3D {
                    "x": 0,
                    "y": 0.9396926207859084,
                    "z": 0.3420201433256687,
                  },
                  "u": Vector3D {
                    "x": 0,
                    "y": -0.3420201433256687,
                    "z": 0.9396926207859084,
                  },
                  "v": Vector3D {
                    "x": -1,
                    "y": 0,
                    "z": 0,
                  },
                },
                "elevationMasks": [],
                "frame": "TOPOCENTRIC",
                "halfAngle": 90,
                "halfAngleRad_": 1.5707963267948966,
                "maxRange": 5556,
                "minElevation": 3,
                "minRange": 200,
                "minorHalfAngle": 90,
                "minorHalfAngleRad_": 1.5707963267948966,
                "rollAngle": 0,
                "shape": "ELLIPTICAL_CONE",
              },
            ],
            "fieldOfView": FieldOfView {
              "boresightAz": 0,
              "boresightEl": 90,
              "boresightFrame_": {
                "b": Vector3D {
                  "x": 0,
                  "y": 6.123233995736766e-17,
                  "z": 1,
                },
                "u": Vector3D {
                  "x": 0,
                  "y": 1,
                  "z": 0,
                },
                "v": Vector3D {
                  "x": 1,
                  "y": -0,
                  "z": 0,
                },
              },
              "elevationMasks": [],
              "frame": "TOPOCENTRIC",
              "halfAngle": 90,
              "halfAngleRad_": 1.5707963267948966,
              "maxRange": 5556,
              "minElevation": 3,
              "minRange": 200,
              "minorHalfAngle": 90,
              "minorHalfAngleRad_": 1.5707963267948966,
              "rollAngle": 0,
              "shape": "ELLIPTICAL_CONE",
            },
            "freqBand": "UHF",
            "frequency": undefined,
            "id": 0,
            "isVolumetric": undefined,
            "metadata": undefined,
            "name": "RAF Fylingdales, United Kingdom",
            "operator": "RAF",
            "parent_": [Circular],
            "peakPower": undefined,
            "sensorType": "PHASED_ARRAY_RADAR",
            "shortName": "FYL",
            "system": "BMEWS UEWR",
            "url": undefined,
          },
        ],
        "shortName": "FYL",
        "system": "BMEWS UEWR",
        "type": 23,
        "uiName": "RAF Fylingdales",
        "url": undefined,
        "volume": undefined,
        "zoom": 0.45,
      },
      "type": "can Observe",
    },
    {
      "passes": [],
      "sensor": RfSensor {
        "active": true,
        "alt": 0.392,
        "beamwidth": 2,
        "boresightAz": [
          357,
          117,
        ],
        "boresightEl": [
          20,
          20,
        ],
        "changeObjectInterval": 1000,
        "commDevices": [],
        "commLinks": [
          "AEHF",
          "WGS",
        ],
        "country": "United States",
        "freqBand": "UHF",
        "history_": null,
        "id": 0,
        "isVolumetric": undefined,
        "lat": 76.570322,
        "lon": -68.299211,
        "maxAz": 177,
        "maxAz2": undefined,
        "maxEl": 85,
        "maxEl2": undefined,
        "maxRng": 5556,
        "maxRng2": undefined,
        "metadata": undefined,
        "minAz": 297,
        "minAz2": undefined,
        "minEl": 3,
        "minEl2": undefined,
        "minRng": 200,
        "minRng2": undefined,
        "name": "Pituffik SB, Greenland",
        "objName": "PITSB",
        "operator": "USSF",
        "sensorId": 0,
        "sensor_": PhasedArrayRadar {
          "beamwidth": 2,
          "boresightAz": [
            357,
            117,
          ],
          "boresightEl": [
            20,
            20,
          ],
          "country": "United States",
          "dwellTime": undefined,
          "faceCount": 2,
          "faceFovs": [
            FieldOfView {
              "boresightAz": 357,
              "boresightEl": 20,
              "boresightFrame_": {
                "b": Vector3D {
                  "x": -0.04917971188326902,
                  "y": 0.9384048047077379,
                  "z": 0.3420201433256687,
                },
                "u": Vector3D {
                  "x": 0.01789995125529776,
                  "y": -0.3415514166060052,
                  "z": 0.9396926207859084,
                },
                "v": Vector3D {
                  "x": -0.9986295347545738,
                  "y": -0.05233595624294437,
                  "z": 0,
                },
              },
              "elevationMasks": [],
              "frame": "TOPOCENTRIC",
              "halfAngle": 90,
              "halfAngleRad_": 1.5707963267948966,
              "maxRange": 5556,
              "minElevation": 3,
              "minRange": 200,
              "minorHalfAngle": 90,
              "minorHalfAngleRad_": 1.5707963267948966,
              "rollAngle": 0,
              "shape": "ELLIPTICAL_CONE",
            },
            FieldOfView {
              "boresightAz": 117,
              "boresightEl": 20,
              "boresightFrame_": {
                "b": Vector3D {
                  "x": 0.8372722558519103,
                  "y": -0.42661152251215895,
                  "z": 0.3420201433256687,
                },
                "u": Vector3D {
                  "x": -0.3047421791070115,
                  "y": 0.15527389578941175,
                  "z": 0.9396926207859084,
                },
                "v": Vector3D {
                  "x": 0.45399049973954675,
                  "y": 0.8910065241883679,
                  "z": -0,
                },
              },
              "elevationMasks": [],
              "frame": "TOPOCENTRIC",
              "halfAngle": 90,
              "halfAngleRad_": 1.5707963267948966,
              "maxRange": 5556,
              "minElevation": 3,
              "minRange": 200,
              "minorHalfAngle": 90,
              "minorHalfAngleRad_": 1.5707963267948966,
              "rollAngle": 0,
              "shape": "ELLIPTICAL_CONE",
            },
          ],
          "fieldOfView": FieldOfView {
            "boresightAz": 0,
            "boresightEl": 90,
            "boresightFrame_": {
              "b": Vector3D {
                "x": 0,
                "y": 6.123233995736766e-17,
                "z": 1,
              },
              "u": Vector3D {
                "x": 0,
                "y": 1,
                "z": 0,
              },
              "v": Vector3D {
                "x": 1,
                "y": -0,
                "z": 0,
              },
            },
            "elevationMasks": [],
            "frame": "TOPOCENTRIC",
            "halfAngle": 90,
            "halfAngleRad_": 1.5707963267948966,
            "maxRange": 5556,
            "minElevation": 3,
            "minRange": 200,
            "minorHalfAngle": 90,
            "minorHalfAngleRad_": 1.5707963267948966,
            "rollAngle": 0,
            "shape": "ELLIPTICAL_CONE",
          },
          "freqBand": "UHF",
          "frequency": undefined,
          "id": 0,
          "isVolumetric": undefined,
          "metadata": undefined,
          "name": "Pituffik SB, Greenland",
          "operator": "USSF",
          "parent_": [Circular],
          "peakPower": undefined,
          "sensorType": "PHASED_ARRAY_RADAR",
          "shortName": "THL",
          "system": "BMEWS UEWR",
          "url": "https://www.radartutorial.eu/19.kartei/01.oth/karte004.en.html",
        },
        "sensors": [
          PhasedArrayRadar {
            "beamwidth": 2,
            "boresightAz": [
              357,
              117,
            ],
            "boresightEl": [
              20,
              20,
            ],
            "country": "United States",
            "dwellTime": undefined,
            "faceCount": 2,
            "faceFovs": [
              FieldOfView {
                "boresightAz": 357,
                "boresightEl": 20,
                "boresightFrame_": {
                  "b": Vector3D {
                    "x": -0.04917971188326902,
                    "y": 0.9384048047077379,
                    "z": 0.3420201433256687,
                  },
                  "u": Vector3D {
                    "x": 0.01789995125529776,
                    "y": -0.3415514166060052,
                    "z": 0.9396926207859084,
                  },
                  "v": Vector3D {
                    "x": -0.9986295347545738,
                    "y": -0.05233595624294437,
                    "z": 0,
                  },
                },
                "elevationMasks": [],
                "frame": "TOPOCENTRIC",
                "halfAngle": 90,
                "halfAngleRad_": 1.5707963267948966,
                "maxRange": 5556,
                "minElevation": 3,
                "minRange": 200,
                "minorHalfAngle": 90,
                "minorHalfAngleRad_": 1.5707963267948966,
                "rollAngle": 0,
                "shape": "ELLIPTICAL_CONE",
              },
              FieldOfView {
                "boresightAz": 117,
                "boresightEl": 20,
                "boresightFrame_": {
                  "b": Vector3D {
                    "x": 0.8372722558519103,
                    "y": -0.42661152251215895,
                    "z": 0.3420201433256687,
                  },
                  "u": Vector3D {
                    "x": -0.3047421791070115,
                    "y": 0.15527389578941175,
                    "z": 0.9396926207859084,
                  },
                  "v": Vector3D {
                    "x": 0.45399049973954675,
                    "y": 0.8910065241883679,
                    "z": -0,
                  },
                },
                "elevationMasks": [],
                "frame": "TOPOCENTRIC",
                "halfAngle": 90,
                "halfAngleRad_": 1.5707963267948966,
                "maxRange": 5556,
                "minElevation": 3,
                "minRange": 200,
                "minorHalfAngle": 90,
                "minorHalfAngleRad_": 1.5707963267948966,
                "rollAngle": 0,
                "shape": "ELLIPTICAL_CONE",
              },
            ],
            "fieldOfView": FieldOfView {
              "boresightAz": 0,
              "boresightEl": 90,
              "boresightFrame_": {
                "b": Vector3D {
                  "x": 0,
                  "y": 6.123233995736766e-17,
                  "z": 1,
                },
                "u": Vector3D {
                  "x": 0,
                  "y": 1,
                  "z": 0,
                },
                "v": Vector3D {
                  "x": 1,
                  "y": -0,
                  "z": 0,
                },
              },
              "elevationMasks": [],
              "frame": "TOPOCENTRIC",
              "halfAngle": 90,
              "halfAngleRad_": 1.5707963267948966,
              "maxRange": 5556,
              "minElevation": 3,
              "minRange": 200,
              "minorHalfAngle": 90,
              "minorHalfAngleRad_": 1.5707963267948966,
              "rollAngle": 0,
              "shape": "ELLIPTICAL_CONE",
            },
            "freqBand": "UHF",
            "frequency": undefined,
            "id": 0,
            "isVolumetric": undefined,
            "metadata": undefined,
            "name": "Pituffik SB, Greenland",
            "operator": "USSF",
            "parent_": [Circular],
            "peakPower": undefined,
            "sensorType": "PHASED_ARRAY_RADAR",
            "shortName": "THL",
            "system": "BMEWS UEWR",
            "url": "https://www.radartutorial.eu/19.kartei/01.oth/karte004.en.html",
          },
        ],
        "shortName": "THL",
        "system": "BMEWS UEWR",
        "type": 23,
        "uiName": "Pituffik SB",
        "url": "https://www.radartutorial.eu/19.kartei/01.oth/karte004.en.html",
        "volume": undefined,
        "zoom": 0.45,
      },
      "type": "can Observe",
    },
    {
      "passes": [],
      "sensor": DetailedSensor {
        "active": true,
        "alt": 0,
        "beamwidth": undefined,
        "boresightAz": undefined,
        "boresightEl": undefined,
        "changeObjectInterval": undefined,
        "commDevices": [],
        "commLinks": [],
        "country": "United States",
        "freqBand": undefined,
        "history_": null,
        "id": 37959,
        "isVolumetric": undefined,
        "lat": -7.29648,
        "lon": 72.390153,
        "maxAz": 360,
        "maxAz2": undefined,
        "maxEl": 90,
        "maxEl2": undefined,
        "maxRng": 200000,
        "maxRng2": undefined,
        "metadata": undefined,
        "minAz": 0,
        "minAz2": undefined,
        "minEl": 20,
        "minEl2": undefined,
        "minRng": 0,
        "minRng2": undefined,
        "name": "Diego Garcia",
        "objName": "GEODDSDGC",
        "operator": "USSF",
        "position": {
          "x": 4281.79312666609,
          "y": -4647.717897274467,
          "z": -809.141411493596,
        },
        "sensorId": 15,
        "sensors": [],
        "shortName": undefined,
        "system": "GEODSS",
        "type": 21,
        "uiName": "Diego Garcia",
        "url": "https://mostlymissiledefense.com/2012/08/20/space-surveillance-sensors-geodss-ground-based-electro-optical-deep-space-surveillance-system-august-20-2012/",
        "volume": undefined,
        "zoom": 0.82,
      },
      "type": "can Observe",
    },
    {
      "passes": [],
      "sensor": DetailedSensor {
        "active": true,
        "alt": 3,
        "beamwidth": undefined,
        "boresightAz": undefined,
        "boresightEl": undefined,
        "changeObjectInterval": undefined,
        "commDevices": [],
        "commLinks": [],
        "country": "United States",
        "freqBand": undefined,
        "history_": null,
        "id": 37960,
        "isVolumetric": undefined,
        "lat": 20.70835,
        "lon": -156.257595,
        "maxAz": 360,
        "maxAz2": undefined,
        "maxEl": 90,
        "maxEl2": undefined,
        "maxRng": 200000,
        "maxRng2": undefined,
        "metadata": undefined,
        "minAz": 0,
        "minAz2": undefined,
        "minEl": 20,
        "minEl2": undefined,
        "minRng": 0,
        "minRng2": undefined,
        "name": "Maui, Hawaii",
        "objName": "GEODDSMAU",
        "operator": "USSF",
        "position": {
          "x": 622.6372795908738,
          "y": 5929.599008877658,
          "z": 2253.9204325836745,
        },
        "sensorId": 16,
        "sensors": [],
        "shortName": undefined,
        "system": "GEODSS",
        "type": 21,
        "uiName": "Maui",
        "url": "https://mostlymissiledefense.com/2012/08/20/space-surveillance-sensors-geodss-ground-based-electro-optical-deep-space-surveillance-system-august-20-2012/",
        "volume": undefined,
        "zoom": 0.82,
      },
      "type": "can Observe",
    },
    {
      "passes": [],
      "sensor": DetailedSensor {
        "active": true,
        "alt": 1.24,
        "beamwidth": undefined,
        "boresightAz": undefined,
        "boresightEl": undefined,
        "changeObjectInterval": undefined,
        "commDevices": [],
        "commLinks": [],
        "country": "United States",
        "freqBand": undefined,
        "history_": null,
        "id": 37961,
        "isVolumetric": undefined,
        "lat": 33.817233,
        "lon": -106.659961,
        "maxAz": 360,
        "maxAz2": undefined,
        "maxEl": 90,
        "maxEl2": undefined,
        "maxRng": 200000,
        "maxRng2": undefined,
        "metadata": undefined,
        "minAz": 0,
        "minAz2": undefined,
        "minEl": 20,
        "minEl2": undefined,
        "minRng": 0,
        "minRng2": undefined,
        "name": "Socorro, New Mexico",
        "objName": "GEODDSSOC",
        "operator": "USSF",
        "position": {
          "x": -3651.1831436440775,
          "y": 3833.683181705651,
          "z": 3546.446165882101,
        },
        "sensorId": 17,
        "sensors": [],
        "shortName": undefined,
        "system": "GEODSS",
        "type": 21,
        "uiName": "Socorro",
        "url": "https://mostlymissiledefense.com/2012/08/20/space-surveillance-sensors-geodss-ground-based-electro-optical-deep-space-surveillance-system-august-20-2012/",
        "volume": undefined,
        "zoom": 0.82,
      },
      "type": "can Observe",
    },
    {
      "passes": [],
      "sensor": DetailedSensor {
        "active": true,
        "alt": 0,
        "beamwidth": undefined,
        "boresightAz": undefined,
        "boresightEl": undefined,
        "changeObjectInterval": undefined,
        "commDevices": [],
        "commLinks": [],
        "country": "Switzerland",
        "freqBand": undefined,
        "history_": null,
        "id": 37985,
        "isVolumetric": undefined,
        "lat": 46.877225,
        "lon": 7.465225,
        "maxAz": 360,
        "maxAz2": undefined,
        "maxEl": 90,
        "maxEl2": undefined,
        "maxRng": 200000,
        "maxRng2": undefined,
        "metadata": undefined,
        "minAz": 0,
        "minAz2": undefined,
        "minEl": 10,
        "minEl2": undefined,
        "minRng": 15000,
        "minRng2": undefined,
        "name": "Zimmerwald Observatory, Switzerland",
        "objName": "ZimLAT",
        "operator": "ESA",
        "position": {
          "x": -1650.527686146805,
          "y": -4030.1004066670494,
          "z": 4650.139022163657,
        },
        "sensorId": 41,
        "sensors": [],
        "shortName": undefined,
        "system": "ZimLAT",
        "type": 21,
        "uiName": "Zimmerwald",
        "url": "",
        "volume": undefined,
        "zoom": 0.82,
      },
      "type": "can Observe",
    },
    {
      "passes": [],
      "sensor": DetailedSensor {
        "active": true,
        "alt": 0,
        "beamwidth": undefined,
        "boresightAz": undefined,
        "boresightEl": undefined,
        "changeObjectInterval": undefined,
        "commDevices": [],
        "commLinks": [],
        "country": "United Kingdom",
        "freqBand": undefined,
        "history_": null,
        "id": 37983,
        "isVolumetric": undefined,
        "lat": 34.912778,
        "lon": 32.883889,
        "maxAz": 360,
        "maxAz2": undefined,
        "maxEl": 90,
        "maxEl2": undefined,
        "maxRng": 200000,
        "maxRng2": undefined,
        "metadata": undefined,
        "minAz": 0,
        "minAz2": undefined,
        "minEl": 3,
        "minEl2": undefined,
        "minRng": 15000,
        "minRng2": undefined,
        "name": "Royal Air Force Troödos, Cyprus",
        "objName": "TRO",
        "operator": "UKSA",
        "position": {
          "x": 286.817584730809,
          "y": -5216.502099685054,
          "z": 3646.311200799352,
        },
        "sensorId": 39,
        "sensors": [],
        "shortName": undefined,
        "system": "Starbrook",
        "type": 21,
        "uiName": "Royal Air Force Troödos",
        "url": "",
        "volume": undefined,
        "zoom": 0.82,
      },
      "type": "can Observe",
    },
  ],
  [
    {
      "passes": [
        {
          "end": 2025-04-21T22:12:30.000Z,
          "start": 2025-04-21T14:05:30.000Z,
        },
      ],
      "sensor": DetailedSensor {
        "active": true,
        "alt": 0,
        "beamwidth": undefined,
        "boresightAz": undefined,
        "boresightEl": undefined,
        "changeObjectInterval": undefined,
        "commDevices": [],
        "commLinks": [],
        "country": "United States",
        "freqBand": undefined,
        "history_": null,
        "id": 37959,
        "isVolumetric": undefined,
        "lat": -7.29648,
        "lon": 72.390153,
        "maxAz": 360,
        "maxAz2": undefined,
        "maxEl": 90,
        "maxEl2": undefined,
        "maxRng": 200000,
        "maxRng2": undefined,
        "metadata": undefined,
        "minAz": 0,
        "minAz2": undefined,
        "minEl": 20,
        "minEl2": undefined,
        "minRng": 0,
        "minRng2": undefined,
        "name": "Diego Garcia",
        "objName": "GEODDSDGC",
        "operator": "USSF",
        "position": {
          "x": 4281.79312666609,
          "y": -4647.717897274467,
          "z": -809.141411493596,
        },
        "sensorId": 15,
        "sensors": [],
        "shortName": undefined,
        "system": "GEODSS",
        "type": 21,
        "uiName": "Diego Garcia",
        "url": "https://mostlymissiledefense.com/2012/08/20/space-surveillance-sensors-geodss-ground-based-electro-optical-deep-space-surveillance-system-august-20-2012/",
        "volume": undefined,
        "zoom": 0.82,
      },
      "type": "In Field of View",
    },
    {
      "passes": [
        {
          "end": 2025-04-21T04:45:00.000Z,
          "start": 2025-04-21T01:00:00.000Z,
        },
        {
          "end": 2025-04-22T01:59:30.000Z,
          "start": 2025-04-21T23:31:30.000Z,
        },
      ],
      "sensor": DetailedSensor {
        "active": true,
        "alt": 3,
        "beamwidth": undefined,
        "boresightAz": undefined,
        "boresightEl": undefined,
        "changeObjectInterval": undefined,
        "commDevices": [],
        "commLinks": [],
        "country": "United States",
        "freqBand": undefined,
        "history_": null,
        "id": 37960,
        "isVolumetric": undefined,
        "lat": 20.70835,
        "lon": -156.257595,
        "maxAz": 360,
        "maxAz2": undefined,
        "maxEl": 90,
        "maxEl2": undefined,
        "maxRng": 200000,
        "maxRng2": undefined,
        "metadata": undefined,
        "minAz": 0,
        "minAz2": undefined,
        "minEl": 20,
        "minEl2": undefined,
        "minRng": 0,
        "minRng2": undefined,
        "name": "Maui, Hawaii",
        "objName": "GEODDSMAU",
        "operator": "USSF",
        "position": {
          "x": 622.6372795908738,
          "y": 5929.599008877658,
          "z": 2253.9204325836745,
        },
        "sensorId": 16,
        "sensors": [],
        "shortName": undefined,
        "system": "GEODSS",
        "type": 21,
        "uiName": "Maui",
        "url": "https://mostlymissiledefense.com/2012/08/20/space-surveillance-sensors-geodss-ground-based-electro-optical-deep-space-surveillance-system-august-20-2012/",
        "volume": undefined,
        "zoom": 0.82,
      },
      "type": "In Field of View",
    },
    {
      "passes": [
        {
          "end": 2025-04-21T03:25:30.000Z,
          "start": 2025-04-21T01:00:00.000Z,
        },
        {
          "end": 2025-04-21T11:53:00.000Z,
          "start": 2025-04-21T09:03:00.000Z,
        },
        {
          "end": 2025-04-22T01:59:30.000Z,
          "start": 2025-04-22T00:28:00.000Z,
        },
      ],
      "sensor": DetailedSensor {
        "active": true,
        "alt": 1.24,
        "beamwidth": undefined,
        "boresightAz": undefined,
        "boresightEl": undefined,
        "changeObjectInterval": undefined,
        "commDevices": [],
        "commLinks": [],
        "country": "United States",
        "freqBand": undefined,
        "history_": null,
        "id": 37961,
        "isVolumetric": undefined,
        "lat": 33.817233,
        "lon": -106.659961,
        "maxAz": 360,
        "maxAz2": undefined,
        "maxEl": 90,
        "maxEl2": undefined,
        "maxRng": 200000,
        "maxRng2": undefined,
        "metadata": undefined,
        "minAz": 0,
        "minAz2": undefined,
        "minEl": 20,
        "minEl2": undefined,
        "minRng": 0,
        "minRng2": undefined,
        "name": "Socorro, New Mexico",
        "objName": "GEODDSSOC",
        "operator": "USSF",
        "position": {
          "x": -3651.1831436440775,
          "y": 3833.683181705651,
          "z": 3546.446165882101,
        },
        "sensorId": 17,
        "sensors": [],
        "shortName": undefined,
        "system": "GEODSS",
        "type": 21,
        "uiName": "Socorro",
        "url": "https://mostlymissiledefense.com/2012/08/20/space-surveillance-sensors-geodss-ground-based-electro-optical-deep-space-surveillance-system-august-20-2012/",
        "volume": undefined,
        "zoom": 0.82,
      },
      "type": "In Field of View",
    },
    {
      "passes": [
        {
          "end": 2025-04-21T15:52:00.000Z,
          "start": 2025-04-21T09:47:00.000Z,
        },
      ],
      "sensor": DetailedSensor {
        "active": true,
        "alt": 0,
        "beamwidth": undefined,
        "boresightAz": undefined,
        "boresightEl": undefined,
        "changeObjectInterval": undefined,
        "commDevices": [],
        "commLinks": [],
        "country": "Switzerland",
        "freqBand": undefined,
        "history_": null,
        "id": 37985,
        "isVolumetric": undefined,
        "lat": 46.877225,
        "lon": 7.465225,
        "maxAz": 360,
        "maxAz2": undefined,
        "maxEl": 90,
        "maxEl2": undefined,
        "maxRng": 200000,
        "maxRng2": undefined,
        "metadata": undefined,
        "minAz": 0,
        "minAz2": undefined,
        "minEl": 10,
        "minEl2": undefined,
        "minRng": 15000,
        "minRng2": undefined,
        "name": "Zimmerwald Observatory, Switzerland",
        "objName": "ZimLAT",
        "operator": "ESA",
        "position": {
          "x": -1650.527686146805,
          "y": -4030.1004066670494,
          "z": 4650.139022163657,
        },
        "sensorId": 41,
        "sensors": [],
        "shortName": undefined,
        "system": "ZimLAT",
        "type": 21,
        "uiName": "Zimmerwald",
        "url": "",
        "volume": undefined,
        "zoom": 0.82,
      },
      "type": "In Field of View",
    },
    {
      "passes": [
        {
          "end": 2025-04-21T16:51:30.000Z,
          "start": 2025-04-21T10:31:30.000Z,
        },
        {
          "end": 2025-04-21T23:21:00.000Z,
          "start": 2025-04-21T22:33:30.000Z,
        },
      ],
      "sensor": DetailedSensor {
        "active": true,
        "alt": 0,
        "beamwidth": undefined,
        "boresightAz": undefined,
        "boresightEl": undefined,
        "changeObjectInterval": undefined,
        "commDevices": [],
        "commLinks": [],
        "country": "United Kingdom",
        "freqBand": undefined,
        "history_": null,
        "id": 37983,
        "isVolumetric": undefined,
        "lat": 34.912778,
        "lon": 32.883889,
        "maxAz": 360,
        "maxAz2": undefined,
        "maxEl": 90,
        "maxEl2": undefined,
        "maxRng": 200000,
        "maxRng2": undefined,
        "metadata": undefined,
        "minAz": 0,
        "minAz2": undefined,
        "minEl": 3,
        "minEl2": undefined,
        "minRng": 15000,
        "minRng2": undefined,
        "name": "Royal Air Force Troödos, Cyprus",
        "objName": "TRO",
        "operator": "UKSA",
        "position": {
          "x": 286.817584730809,
          "y": -5216.502099685054,
          "z": 3646.311200799352,
        },
        "sensorId": 39,
        "sensors": [],
        "shortName": undefined,
        "system": "Starbrook",
        "type": 21,
        "uiName": "Royal Air Force Troödos",
        "url": "",
        "volume": undefined,
        "zoom": 0.82,
      },
      "type": "In Field of View",
    },
  ],
  [
    {
      "passes": [
        {
          "end": 2025-04-22T01:59:30.000Z,
          "start": 2025-04-21T01:00:00.000Z,
        },
      ],
      "sensor": DetailedSensor {
        "active": true,
        "alt": 0,
        "beamwidth": undefined,
        "boresightAz": undefined,
        "boresightEl": undefined,
        "changeObjectInterval": undefined,
        "commDevices": [],
        "commLinks": [],
        "country": "United States",
        "freqBand": undefined,
        "history_": null,
        "id": 37959,
        "isVolumetric": undefined,
        "lat": -7.29648,
        "lon": 72.390153,
        "maxAz": 360,
        "maxAz2": undefined,
        "maxEl": 90,
        "maxEl2": undefined,
        "maxRng": 200000,
        "maxRng2": undefined,
        "metadata": undefined,
        "minAz": 0,
        "minAz2": undefined,
        "minEl": 20,
        "minEl2": undefined,
        "minRng": 0,
        "minRng2": undefined,
        "name": "Diego Garcia",
        "objName": "GEODDSDGC",
        "operator": "USSF",
        "position": {
          "x": 4281.79312666609,
          "y": -4647.717897274467,
          "z": -809.141411493596,
        },
        "sensorId": 15,
        "sensors": [],
        "shortName": undefined,
        "system": "GEODSS",
        "type": 21,
        "uiName": "Diego Garcia",
        "url": "https://mostlymissiledefense.com/2012/08/20/space-surveillance-sensors-geodss-ground-based-electro-optical-deep-space-surveillance-system-august-20-2012/",
        "volume": undefined,
        "zoom": 0.82,
      },
      "type": "Satellite in Sunlight",
    },
    {
      "passes": [
        {
          "end": 2025-04-22T01:59:30.000Z,
          "start": 2025-04-21T01:00:00.000Z,
        },
      ],
      "sensor": DetailedSensor {
        "active": true,
        "alt": 3,
        "beamwidth": undefined,
        "boresightAz": undefined,
        "boresightEl": undefined,
        "changeObjectInterval": undefined,
        "commDevices": [],
        "commLinks": [],
        "country": "United States",
        "freqBand": undefined,
        "history_": null,
        "id": 37960,
        "isVolumetric": undefined,
        "lat": 20.70835,
        "lon": -156.257595,
        "maxAz": 360,
        "maxAz2": undefined,
        "maxEl": 90,
        "maxEl2": undefined,
        "maxRng": 200000,
        "maxRng2": undefined,
        "metadata": undefined,
        "minAz": 0,
        "minAz2": undefined,
        "minEl": 20,
        "minEl2": undefined,
        "minRng": 0,
        "minRng2": undefined,
        "name": "Maui, Hawaii",
        "objName": "GEODDSMAU",
        "operator": "USSF",
        "position": {
          "x": 622.6372795908738,
          "y": 5929.599008877658,
          "z": 2253.9204325836745,
        },
        "sensorId": 16,
        "sensors": [],
        "shortName": undefined,
        "system": "GEODSS",
        "type": 21,
        "uiName": "Maui",
        "url": "https://mostlymissiledefense.com/2012/08/20/space-surveillance-sensors-geodss-ground-based-electro-optical-deep-space-surveillance-system-august-20-2012/",
        "volume": undefined,
        "zoom": 0.82,
      },
      "type": "Satellite in Sunlight",
    },
    {
      "passes": [
        {
          "end": 2025-04-22T01:59:30.000Z,
          "start": 2025-04-21T01:00:00.000Z,
        },
      ],
      "sensor": DetailedSensor {
        "active": true,
        "alt": 1.24,
        "beamwidth": undefined,
        "boresightAz": undefined,
        "boresightEl": undefined,
        "changeObjectInterval": undefined,
        "commDevices": [],
        "commLinks": [],
        "country": "United States",
        "freqBand": undefined,
        "history_": null,
        "id": 37961,
        "isVolumetric": undefined,
        "lat": 33.817233,
        "lon": -106.659961,
        "maxAz": 360,
        "maxAz2": undefined,
        "maxEl": 90,
        "maxEl2": undefined,
        "maxRng": 200000,
        "maxRng2": undefined,
        "metadata": undefined,
        "minAz": 0,
        "minAz2": undefined,
        "minEl": 20,
        "minEl2": undefined,
        "minRng": 0,
        "minRng2": undefined,
        "name": "Socorro, New Mexico",
        "objName": "GEODDSSOC",
        "operator": "USSF",
        "position": {
          "x": -3651.1831436440775,
          "y": 3833.683181705651,
          "z": 3546.446165882101,
        },
        "sensorId": 17,
        "sensors": [],
        "shortName": undefined,
        "system": "GEODSS",
        "type": 21,
        "uiName": "Socorro",
        "url": "https://mostlymissiledefense.com/2012/08/20/space-surveillance-sensors-geodss-ground-based-electro-optical-deep-space-surveillance-system-august-20-2012/",
        "volume": undefined,
        "zoom": 0.82,
      },
      "type": "Satellite in Sunlight",
    },
    {
      "passes": [
        {
          "end": 2025-04-22T01:59:30.000Z,
          "start": 2025-04-21T01:00:00.000Z,
        },
      ],
      "sensor": DetailedSensor {
        "active": true,
        "alt": 0,
        "beamwidth": undefined,
        "boresightAz": undefined,
        "boresightEl": undefined,
        "changeObjectInterval": undefined,
        "commDevices": [],
        "commLinks": [],
        "country": "Switzerland",
        "freqBand": undefined,
        "history_": null,
        "id": 37985,
        "isVolumetric": undefined,
        "lat": 46.877225,
        "lon": 7.465225,
        "maxAz": 360,
        "maxAz2": undefined,
        "maxEl": 90,
        "maxEl2": undefined,
        "maxRng": 200000,
        "maxRng2": undefined,
        "metadata": undefined,
        "minAz": 0,
        "minAz2": undefined,
        "minEl": 10,
        "minEl2": undefined,
        "minRng": 15000,
        "minRng2": undefined,
        "name": "Zimmerwald Observatory, Switzerland",
        "objName": "ZimLAT",
        "operator": "ESA",
        "position": {
          "x": -1650.527686146805,
          "y": -4030.1004066670494,
          "z": 4650.139022163657,
        },
        "sensorId": 41,
        "sensors": [],
        "shortName": undefined,
        "system": "ZimLAT",
        "type": 21,
        "uiName": "Zimmerwald",
        "url": "",
        "volume": undefined,
        "zoom": 0.82,
      },
      "type": "Satellite in Sunlight",
    },
    {
      "passes": [
        {
          "end": 2025-04-22T01:59:30.000Z,
          "start": 2025-04-21T01:00:00.000Z,
        },
      ],
      "sensor": DetailedSensor {
        "active": true,
        "alt": 0,
        "beamwidth": undefined,
        "boresightAz": undefined,
        "boresightEl": undefined,
        "changeObjectInterval": undefined,
        "commDevices": [],
        "commLinks": [],
        "country": "United Kingdom",
        "freqBand": undefined,
        "history_": null,
        "id": 37983,
        "isVolumetric": undefined,
        "lat": 34.912778,
        "lon": 32.883889,
        "maxAz": 360,
        "maxAz2": undefined,
        "maxEl": 90,
        "maxEl2": undefined,
        "maxRng": 200000,
        "maxRng2": undefined,
        "metadata": undefined,
        "minAz": 0,
        "minAz2": undefined,
        "minEl": 3,
        "minEl2": undefined,
        "minRng": 15000,
        "minRng2": undefined,
        "name": "Royal Air Force Troödos, Cyprus",
        "objName": "TRO",
        "operator": "UKSA",
        "position": {
          "x": 286.817584730809,
          "y": -5216.502099685054,
          "z": 3646.311200799352,
        },
        "sensorId": 39,
        "sensors": [],
        "shortName": undefined,
        "system": "Starbrook",
        "type": 21,
        "uiName": "Royal Air Force Troödos",
        "url": "",
        "volume": undefined,
        "zoom": 0.82,
      },
      "type": "Satellite in Sunlight",
    },
  ],
  [
    {
      "passes": [],
      "sensor": DetailedSensor {
        "active": true,
        "alt": 0,
        "beamwidth": undefined,
        "boresightAz": undefined,
        "boresightEl": undefined,
        "changeObjectInterval": undefined,
        "commDevices": [],
        "commLinks": [],
        "country": "United States",
        "freqBand": undefined,
        "history_": null,
        "id": 37959,
        "isVolumetric": undefined,
        "lat": -7.29648,
        "lon": 72.390153,
        "maxAz": 360,
        "maxAz2": undefined,
        "maxEl": 90,
        "maxEl2": undefined,
        "maxRng": 200000,
        "maxRng2": undefined,
        "metadata": undefined,
        "minAz": 0,
        "minAz2": undefined,
        "minEl": 20,
        "minEl2": undefined,
        "minRng": 0,
        "minRng2": undefined,
        "name": "Diego Garcia",
        "objName": "GEODDSDGC",
        "operator": "USSF",
        "position": {
          "x": 4281.79312666609,
          "y": -4647.717897274467,
          "z": -809.141411493596,
        },
        "sensorId": 15,
        "sensors": [],
        "shortName": undefined,
        "system": "GEODSS",
        "type": 21,
        "uiName": "Diego Garcia",
        "url": "https://mostlymissiledefense.com/2012/08/20/space-surveillance-sensors-geodss-ground-based-electro-optical-deep-space-surveillance-system-august-20-2012/",
        "volume": undefined,
        "zoom": 0.82,
      },
      "type": "Station in Eclipse",
    },
    {
      "passes": [],
      "sensor": DetailedSensor {
        "active": true,
        "alt": 3,
        "beamwidth": undefined,
        "boresightAz": undefined,
        "boresightEl": undefined,
        "changeObjectInterval": undefined,
        "commDevices": [],
        "commLinks": [],
        "country": "United States",
        "freqBand": undefined,
        "history_": null,
        "id": 37960,
        "isVolumetric": undefined,
        "lat": 20.70835,
        "lon": -156.257595,
        "maxAz": 360,
        "maxAz2": undefined,
        "maxEl": 90,
        "maxEl2": undefined,
        "maxRng": 200000,
        "maxRng2": undefined,
        "metadata": undefined,
        "minAz": 0,
        "minAz2": undefined,
        "minEl": 20,
        "minEl2": undefined,
        "minRng": 0,
        "minRng2": undefined,
        "name": "Maui, Hawaii",
        "objName": "GEODDSMAU",
        "operator": "USSF",
        "position": {
          "x": 622.6372795908738,
          "y": 5929.599008877658,
          "z": 2253.9204325836745,
        },
        "sensorId": 16,
        "sensors": [],
        "shortName": undefined,
        "system": "GEODSS",
        "type": 21,
        "uiName": "Maui",
        "url": "https://mostlymissiledefense.com/2012/08/20/space-surveillance-sensors-geodss-ground-based-electro-optical-deep-space-surveillance-system-august-20-2012/",
        "volume": undefined,
        "zoom": 0.82,
      },
      "type": "Station in Eclipse",
    },
    {
      "passes": [],
      "sensor": DetailedSensor {
        "active": true,
        "alt": 1.24,
        "beamwidth": undefined,
        "boresightAz": undefined,
        "boresightEl": undefined,
        "changeObjectInterval": undefined,
        "commDevices": [],
        "commLinks": [],
        "country": "United States",
        "freqBand": undefined,
        "history_": null,
        "id": 37961,
        "isVolumetric": undefined,
        "lat": 33.817233,
        "lon": -106.659961,
        "maxAz": 360,
        "maxAz2": undefined,
        "maxEl": 90,
        "maxEl2": undefined,
        "maxRng": 200000,
        "maxRng2": undefined,
        "metadata": undefined,
        "minAz": 0,
        "minAz2": undefined,
        "minEl": 20,
        "minEl2": undefined,
        "minRng": 0,
        "minRng2": undefined,
        "name": "Socorro, New Mexico",
        "objName": "GEODDSSOC",
        "operator": "USSF",
        "position": {
          "x": -3651.1831436440775,
          "y": 3833.683181705651,
          "z": 3546.446165882101,
        },
        "sensorId": 17,
        "sensors": [],
        "shortName": undefined,
        "system": "GEODSS",
        "type": 21,
        "uiName": "Socorro",
        "url": "https://mostlymissiledefense.com/2012/08/20/space-surveillance-sensors-geodss-ground-based-electro-optical-deep-space-surveillance-system-august-20-2012/",
        "volume": undefined,
        "zoom": 0.82,
      },
      "type": "Station in Eclipse",
    },
    {
      "passes": [],
      "sensor": DetailedSensor {
        "active": true,
        "alt": 0,
        "beamwidth": undefined,
        "boresightAz": undefined,
        "boresightEl": undefined,
        "changeObjectInterval": undefined,
        "commDevices": [],
        "commLinks": [],
        "country": "Switzerland",
        "freqBand": undefined,
        "history_": null,
        "id": 37985,
        "isVolumetric": undefined,
        "lat": 46.877225,
        "lon": 7.465225,
        "maxAz": 360,
        "maxAz2": undefined,
        "maxEl": 90,
        "maxEl2": undefined,
        "maxRng": 200000,
        "maxRng2": undefined,
        "metadata": undefined,
        "minAz": 0,
        "minAz2": undefined,
        "minEl": 10,
        "minEl2": undefined,
        "minRng": 15000,
        "minRng2": undefined,
        "name": "Zimmerwald Observatory, Switzerland",
        "objName": "ZimLAT",
        "operator": "ESA",
        "position": {
          "x": -1650.527686146805,
          "y": -4030.1004066670494,
          "z": 4650.139022163657,
        },
        "sensorId": 41,
        "sensors": [],
        "shortName": undefined,
        "system": "ZimLAT",
        "type": 21,
        "uiName": "Zimmerwald",
        "url": "",
        "volume": undefined,
        "zoom": 0.82,
      },
      "type": "Station in Eclipse",
    },
    {
      "passes": [],
      "sensor": DetailedSensor {
        "active": true,
        "alt": 0,
        "beamwidth": undefined,
        "boresightAz": undefined,
        "boresightEl": undefined,
        "changeObjectInterval": undefined,
        "commDevices": [],
        "commLinks": [],
        "country": "United Kingdom",
        "freqBand": undefined,
        "history_": null,
        "id": 37983,
        "isVolumetric": undefined,
        "lat": 34.912778,
        "lon": 32.883889,
        "maxAz": 360,
        "maxAz2": undefined,
        "maxEl": 90,
        "maxEl2": undefined,
        "maxRng": 200000,
        "maxRng2": undefined,
        "metadata": undefined,
        "minAz": 0,
        "minAz2": undefined,
        "minEl": 3,
        "minEl2": undefined,
        "minRng": 15000,
        "minRng2": undefined,
        "name": "Royal Air Force Troödos, Cyprus",
        "objName": "TRO",
        "operator": "UKSA",
        "position": {
          "x": 286.817584730809,
          "y": -5216.502099685054,
          "z": 3646.311200799352,
        },
        "sensorId": 39,
        "sensors": [],
        "shortName": undefined,
        "system": "Starbrook",
        "type": 21,
        "uiName": "Royal Air Force Troödos",
        "url": "",
        "volume": undefined,
        "zoom": 0.82,
      },
      "type": "Station in Eclipse",
    },
  ],
  [
    {
      "passes": [],
      "sensor": DetailedSensor {
        "active": true,
        "alt": 0,
        "beamwidth": undefined,
        "boresightAz": undefined,
        "boresightEl": undefined,
        "changeObjectInterval": undefined,
        "commDevices": [],
        "commLinks": [],
        "country": "United States",
        "freqBand": undefined,
        "history_": null,
        "id": 37959,
        "isVolumetric": undefined,
        "lat": -7.29648,
        "lon": 72.390153,
        "maxAz": 360,
        "maxAz2": undefined,
        "maxEl": 90,
        "maxEl2": undefined,
        "maxRng": 200000,
        "maxRng2": undefined,
        "metadata": undefined,
        "minAz": 0,
        "minAz2": undefined,
        "minEl": 20,
        "minEl2": undefined,
        "minRng": 0,
        "minRng2": undefined,
        "name": "Diego Garcia",
        "objName": "GEODDSDGC",
        "operator": "USSF",
        "position": {
          "x": 4281.79312666609,
          "y": -4647.717897274467,
          "z": -809.141411493596,
        },
        "sensorId": 15,
        "sensors": [],
        "shortName": undefined,
        "system": "GEODSS",
        "type": 21,
        "uiName": "Diego Garcia",
        "url": "https://mostlymissiledefense.com/2012/08/20/space-surveillance-sensors-geodss-ground-based-electro-optical-deep-space-surveillance-system-august-20-2012/",
        "volume": undefined,
        "zoom": 0.82,
      },
      "type": "Clear Skies",
    },
    {
      "passes": [],
      "sensor": DetailedSensor {
        "active": true,
        "alt": 3,
        "beamwidth": undefined,
        "boresightAz": undefined,
        "boresightEl": undefined,
        "changeObjectInterval": undefined,
        "commDevices": [],
        "commLinks": [],
        "country": "United States",
        "freqBand": undefined,
        "history_": null,
        "id": 37960,
        "isVolumetric": undefined,
        "lat": 20.70835,
        "lon": -156.257595,
        "maxAz": 360,
        "maxAz2": undefined,
        "maxEl": 90,
        "maxEl2": undefined,
        "maxRng": 200000,
        "maxRng2": undefined,
        "metadata": undefined,
        "minAz": 0,
        "minAz2": undefined,
        "minEl": 20,
        "minEl2": undefined,
        "minRng": 0,
        "minRng2": undefined,
        "name": "Maui, Hawaii",
        "objName": "GEODDSMAU",
        "operator": "USSF",
        "position": {
          "x": 622.6372795908738,
          "y": 5929.599008877658,
          "z": 2253.9204325836745,
        },
        "sensorId": 16,
        "sensors": [],
        "shortName": undefined,
        "system": "GEODSS",
        "type": 21,
        "uiName": "Maui",
        "url": "https://mostlymissiledefense.com/2012/08/20/space-surveillance-sensors-geodss-ground-based-electro-optical-deep-space-surveillance-system-august-20-2012/",
        "volume": undefined,
        "zoom": 0.82,
      },
      "type": "Clear Skies",
    },
    {
      "passes": [
        {
          "end": 2025-04-21T03:25:30.000Z,
          "start": 2025-04-21T01:00:00.000Z,
        },
        {
          "end": 2025-04-21T11:53:00.000Z,
          "start": 2025-04-21T09:03:00.000Z,
        },
      ],
      "sensor": DetailedSensor {
        "active": true,
        "alt": 1.24,
        "beamwidth": undefined,
        "boresightAz": undefined,
        "boresightEl": undefined,
        "changeObjectInterval": undefined,
        "commDevices": [],
        "commLinks": [],
        "country": "United States",
        "freqBand": undefined,
        "history_": null,
        "id": 37961,
        "isVolumetric": undefined,
        "lat": 33.817233,
        "lon": -106.659961,
        "maxAz": 360,
        "maxAz2": undefined,
        "maxEl": 90,
        "maxEl2": undefined,
        "maxRng": 200000,
        "maxRng2": undefined,
        "metadata": undefined,
        "minAz": 0,
        "minAz2": undefined,
        "minEl": 20,
        "minEl2": undefined,
        "minRng": 0,
        "minRng2": undefined,
        "name": "Socorro, New Mexico",
        "objName": "GEODDSSOC",
        "operator": "USSF",
        "position": {
          "x": -3651.1831436440775,
          "y": 3833.683181705651,
          "z": 3546.446165882101,
        },
        "sensorId": 17,
        "sensors": [],
        "shortName": undefined,
        "system": "GEODSS",
        "type": 21,
        "uiName": "Socorro",
        "url": "https://mostlymissiledefense.com/2012/08/20/space-surveillance-sensors-geodss-ground-based-electro-optical-deep-space-surveillance-system-august-20-2012/",
        "volume": undefined,
        "zoom": 0.82,
      },
      "type": "Clear Skies",
    },
    {
      "passes": [],
      "sensor": DetailedSensor {
        "active": true,
        "alt": 0,
        "beamwidth": undefined,
        "boresightAz": undefined,
        "boresightEl": undefined,
        "changeObjectInterval": undefined,
        "commDevices": [],
        "commLinks": [],
        "country": "Switzerland",
        "freqBand": undefined,
        "history_": null,
        "id": 37985,
        "isVolumetric": undefined,
        "lat": 46.877225,
        "lon": 7.465225,
        "maxAz": 360,
        "maxAz2": undefined,
        "maxEl": 90,
        "maxEl2": undefined,
        "maxRng": 200000,
        "maxRng2": undefined,
        "metadata": undefined,
        "minAz": 0,
        "minAz2": undefined,
        "minEl": 10,
        "minEl2": undefined,
        "minRng": 15000,
        "minRng2": undefined,
        "name": "Zimmerwald Observatory, Switzerland",
        "objName": "ZimLAT",
        "operator": "ESA",
        "position": {
          "x": -1650.527686146805,
          "y": -4030.1004066670494,
          "z": 4650.139022163657,
        },
        "sensorId": 41,
        "sensors": [],
        "shortName": undefined,
        "system": "ZimLAT",
        "type": 21,
        "uiName": "Zimmerwald",
        "url": "",
        "volume": undefined,
        "zoom": 0.82,
      },
      "type": "Clear Skies",
    },
    {
      "passes": [
        {
          "end": 2025-04-21T12:30:30.000Z,
          "start": 2025-04-21T11:30:30.000Z,
        },
        {
          "end": 2025-04-21T23:21:00.000Z,
          "start": 2025-04-21T22:33:30.000Z,
        },
      ],
      "sensor": DetailedSensor {
        "active": true,
        "alt": 0,
        "beamwidth": undefined,
        "boresightAz": undefined,
        "boresightEl": undefined,
        "changeObjectInterval": undefined,
        "commDevices": [],
        "commLinks": [],
        "country": "United Kingdom",
        "freqBand": undefined,
        "history_": null,
        "id": 37983,
        "isVolumetric": undefined,
        "lat": 34.912778,
        "lon": 32.883889,
        "maxAz": 360,
        "maxAz2": undefined,
        "maxEl": 90,
        "maxEl2": undefined,
        "maxRng": 200000,
        "maxRng2": undefined,
        "metadata": undefined,
        "minAz": 0,
        "minAz2": undefined,
        "minEl": 3,
        "minEl2": undefined,
        "minRng": 15000,
        "minRng2": undefined,
        "name": "Royal Air Force Troödos, Cyprus",
        "objName": "TRO",
        "operator": "UKSA",
        "position": {
          "x": 286.817584730809,
          "y": -5216.502099685054,
          "z": 3646.311200799352,
        },
        "sensorId": 39,
        "sensors": [],
        "shortName": undefined,
        "system": "Starbrook",
        "type": 21,
        "uiName": "Royal Air Force Troödos",
        "url": "",
        "volume": undefined,
        "zoom": 0.82,
      },
      "type": "Clear Skies",
    },
  ],
]
`;
