// Jest Snapshot v1, https://goo.gl/fbAQLP

exports[`satChanges.bottomMenuClick 0 1`] = `undefined`;

exports[`satChanges.bottomMenuClick 1 1`] = `undefined`;

exports[`satChanges.bottomMenuClick 2 1`] = `[Function]`;

exports[`satChanges.hideSideMenus 0 1`] = `undefined`;

exports[`satChanges.satChng 0 1`] = `undefined`;

exports[`satChanges.satChng 1 1`] = `undefined`;

exports[`satChanges.satChng 2 1`] = `[Function]`;

exports[`satChanges.uiManagerInit 0 1`] = `undefined`;
