// Jest Snapshot v1, https://goo.gl/fbAQLP

exports[`httpsOnly.updateSettingsManager should update the settingsManager 1`] = `
Object {
  "alt": 0,
  "lat": 41,
  "lon": -71,
  "maxaz": 360,
  "maxel": 90,
  "maxrange": 100000,
  "minaz": 0,
  "minel": 30,
  "minrange": 0,
}
`;

exports[`httpsOnly.updateUi should match the snapshot 1`] = `"41"`;

exports[`httpsOnly.updateUi should match the snapshot 2`] = `"-71"`;

exports[`httpsOnly.updateUi should match the snapshot 3`] = `"1"`;
