// Jest Snapshot v1, https://goo.gl/fbAQLP

exports[`uiValidation.allowPeriod 0 1`] = `undefined`;

exports[`uiValidation.allowPeriod 1 1`] = `undefined`;

exports[`uiValidation.allowPeriod 2 1`] = `undefined`;

exports[`uiValidation.esArgPe360 0 1`] = `undefined`;

exports[`uiValidation.esArgPe360 1 1`] = `undefined`;

exports[`uiValidation.esArgPe360 2 1`] = `undefined`;

exports[`uiValidation.esDay366 0 1`] = `undefined`;

exports[`uiValidation.esDay366 1 1`] = `undefined`;

exports[`uiValidation.esDay366 2 1`] = `undefined`;

exports[`uiValidation.esInc180 0 1`] = `undefined`;

exports[`uiValidation.esInc180 1 1`] = `undefined`;

exports[`uiValidation.esInc180 2 1`] = `undefined`;

exports[`uiValidation.esMeana360 0 1`] = `undefined`;

exports[`uiValidation.esMeana360 1 1`] = `undefined`;

exports[`uiValidation.esMeana360 2 1`] = `undefined`;

exports[`uiValidation.esMeanmo18 0 1`] = `undefined`;

exports[`uiValidation.esMeanmo18 1 1`] = `undefined`;

exports[`uiValidation.esMeanmo18 2 1`] = `undefined`;

exports[`uiValidation.esRasc360 0 1`] = `undefined`;

exports[`uiValidation.esRasc360 1 1`] = `undefined`;

exports[`uiValidation.esRasc360 2 1`] = `undefined`;

exports[`uiValidation.initUiValidation 0 1`] = `undefined`;

exports[`uiValidation.msLat90 0 1`] = `undefined`;

exports[`uiValidation.msLat90 1 1`] = `undefined`;

exports[`uiValidation.msLat90 2 1`] = `undefined`;

exports[`uiValidation.msLon180 0 1`] = `undefined`;

exports[`uiValidation.msLon180 1 1`] = `undefined`;

exports[`uiValidation.msLon180 2 1`] = `undefined`;

exports[`uiValidation.validateNumOnly 0 1`] = `undefined`;

exports[`uiValidation.validateNumOnly 1 1`] = `undefined`;

exports[`uiValidation.validateNumOnly 2 1`] = `undefined`;

exports[`uiValidation.validateNumOnly 3 1`] = `undefined`;

exports[`uiValidation.validateNumOnly 4 1`] = `undefined`;

exports[`uiValidation.validateNumOnly 5 1`] = `undefined`;

exports[`uiValidation.validateNumOnly 6 1`] = `undefined`;
