// Jest Snapshot v1, https://goo.gl/fbAQLP

exports[`hoverManager.hoverBoxOnSat 0 1`] = `undefined`;

exports[`hoverManager.hoverBoxOnSat 1 1`] = `undefined`;

exports[`hoverManager.hoverBoxOnSat 2 1`] = `undefined`;

exports[`hoverManager.hoverBoxOnSat 3 1`] = `undefined`;

exports[`hoverManager.hoverBoxOnSat 4 1`] = `undefined`;

exports[`hoverManager.hoverBoxOnSat 5 1`] = `undefined`;

exports[`hoverManager.hoverBoxOnSat 6 1`] = `undefined`;

exports[`hoverManager.hoverBoxOnSat 7 1`] = `undefined`;

exports[`hoverManager.hoverBoxOnSat 8 1`] = `undefined`;

exports[`hoverManager.hoverBoxOnSat 8 2`] = `undefined`;

exports[`hoverManager.hoverOverSomething should handle missiles 1`] = `
<div
  id="sat-hoverbox"
  style="display: block; left: 20px; top: -10px;"
/>
`;

exports[`hoverManager.hoverOverSomething should handle normal satellites 1`] = `
<div
  id="sat-hoverbox"
  style="display: block; left: 20px; top: -10px;"
/>
`;

exports[`hoverManager.hoverOverSomething should handle statics 1`] = `
<div
  id="sat-hoverbox"
  style="display: block; left: 20px; top: -10px;"
/>
`;

exports[`hoverManager.updateHover 0 1`] = `undefined`;
