// Jest Snapshot v1, https://goo.gl/fbAQLP

exports[`constellations.bottomMenuClick 0 1`] = `undefined`;

exports[`constellations.bottomMenuClick 1 1`] = `[Function]`;

exports[`constellations.bottomMenuClick 5 1`] = `undefined`;

exports[`constellations.constellationMenuClick 0 1`] = `undefined`;

exports[`constellations.constellationMenuClick 1 1`] = `undefined`;

exports[`constellations.constellationMenuClick 2 1`] = `undefined`;

exports[`constellations.constellationMenuClick 3 1`] = `undefined`;

exports[`constellations.constellationMenuClick 4 1`] = `undefined`;

exports[`constellations.constellationMenuClick 5 1`] = `undefined`;

exports[`constellations.constellationMenuClick 6 1`] = `undefined`;

exports[`constellations.constellationMenuClick 7 1`] = `undefined`;

exports[`constellations.constellationMenuClick 8 1`] = `undefined`;

exports[`constellations.hideSideMenus 0 1`] = `undefined`;

exports[`constellations.init 0 1`] = `undefined`;

exports[`constellations.uiManagerInit 0 1`] = `undefined`;
