// Jest Snapshot v1, https://goo.gl/fbAQLP

exports[`meshManager.applyAttributePointers 0 1`] = `undefined`;

exports[`meshManager.disableVertexAttribArrays 0 1`] = `undefined`;

exports[`meshManager.draw 0 1`] = `undefined`;

exports[`meshManager.drawOcclusion  0 1`] = `undefined`;

exports[`meshManager.drawOcclusion 0 1`] = `undefined`;

exports[`meshManager.enableVertexAttribArrays 0 1`] = `undefined`;

exports[`meshManager.initBuffers 0 1`] = `undefined`;

exports[`meshManager.initShaders 0 1`] = `undefined`;

exports[`meshManager.lerpPosition 0 1`] = `undefined`;

exports[`meshManager.lerpPosition 1 1`] = `undefined`;

exports[`meshManager.lerpPosition 2 1`] = `undefined`;

exports[`meshManager.lerpPosition 3 1`] = `undefined`;

exports[`meshManager.lerpPosition 4 1`] = `undefined`;

exports[`meshManager.lerpPosition 5 1`] = `undefined`;

exports[`meshManager.populateFileList 0 1`] = `undefined`;

exports[`meshManager.setCurrentModel 0 1`] = `undefined`;

exports[`meshManager.update 0 1`] = `undefined`;

exports[`meshManager.update 1 1`] = `undefined`;

exports[`meshManager.update 2 1`] = `undefined`;

exports[`meshManager.update 3 1`] = `undefined`;

exports[`meshManager.update 4 1`] = `undefined`;

exports[`meshManager.update 5 1`] = `undefined`;

exports[`meshManager.update 6 1`] = `undefined`;

exports[`meshManager.update 7 1`] = `undefined`;

exports[`meshManager.update 8 1`] = `undefined`;

exports[`meshManager.update 9 1`] = `undefined`;

exports[`meshManager.update 10 1`] = `undefined`;

exports[`meshManager.update 11 1`] = `undefined`;

exports[`meshManager.update 12 1`] = `undefined`;

exports[`meshManager.update 13 1`] = `undefined`;

exports[`meshManager.update 14 1`] = `undefined`;

exports[`meshManager.update 15 1`] = `undefined`;

exports[`meshManager.update 16 1`] = `undefined`;

exports[`meshManager.update 17 1`] = `undefined`;

exports[`meshManager.update 18 1`] = `undefined`;

exports[`meshManager.update 19 1`] = `undefined`;

exports[`meshManager.update 20 1`] = `undefined`;

exports[`meshManager.update 21 1`] = `undefined`;

exports[`meshManager.update 30 1`] = `undefined`;

exports[`meshManager.update 31 1`] = `undefined`;

exports[`meshManager.updateNadirYaw 0 1`] = `undefined`;

exports[`meshManager.updatePosition 0 1`] = `undefined`;

exports[`meshManager.updatePosition 1 1`] = `undefined`;

exports[`meshManager.updatePosition 2 1`] = `undefined`;

exports[`meshManager.updatePosition 3 1`] = `undefined`;

exports[`meshManager.updatePosition 4 1`] = `undefined`;

exports[`meshManager.updatePosition 5 1`] = `undefined`;
