// Jest Snapshot v1, https://goo.gl/fbAQLP

exports[`clear 0 1`] = `undefined`;

exports[`create 0 1`] = `undefined`;

exports[`create 1 1`] = `undefined`;

exports[`create 2 1`] = `undefined`;

exports[`create 10 1`] = `undefined`;

exports[`create 11 1`] = `undefined`;

exports[`create 12 1`] = `undefined`;

exports[`create 13 1`] = `undefined`;

exports[`create 14 1`] = `undefined`;

exports[`create 15 1`] = `undefined`;

exports[`create 16 1`] = `undefined`;

exports[`create 17 1`] = `undefined`;

exports[`create 18 1`] = `undefined`;

exports[`create 19 1`] = `undefined`;

exports[`create 20 1`] = `undefined`;

exports[`create 21 1`] = `undefined`;

exports[`create 22 1`] = `undefined`;

exports[`create 22 2`] = `undefined`;

exports[`create 22 3`] = `undefined`;

exports[`create 22 4`] = `undefined`;

exports[`create 22 5`] = `undefined`;

exports[`create 22 6`] = `undefined`;

exports[`create 22 7`] = `undefined`;

exports[`create 22 8`] = `undefined`;

exports[`create 22 9`] = `undefined`;

exports[`create 22 10`] = `undefined`;

exports[`create 22 11`] = `undefined`;

exports[`create Check Color Options 1`] = `undefined`;

exports[`create Check Color Options 2`] = `undefined`;

exports[`create Check Color Options 3`] = `undefined`;

exports[`create Check Color Options 4`] = `undefined`;

exports[`create Check Color Options 5`] = `undefined`;

exports[`create Check Color Options 6`] = `undefined`;

exports[`create Check Color Options 7`] = `undefined`;

exports[`create Check Color Options 8`] = `undefined`;

exports[`draw 0 1`] = `undefined`;

exports[`draw 1 1`] = `undefined`;

exports[`draw 2 1`] = `undefined`;

exports[`draw 3 1`] = `undefined`;

exports[`draw 4 1`] = `undefined`;

exports[`draw 5 1`] = `undefined`;

exports[`draw 6 1`] = `undefined`;

exports[`drawWhenSelected 0 1`] = `undefined`;

exports[`drawWhenSelected 1 1`] = `undefined`;

exports[`drawWhenSelected 2 1`] = `undefined`;

exports[`getLineListLen 0 1`] = `0`;

exports[`removeStars 0 1`] = `true`;

exports[`removeStars 1 1`] = `true`;

exports[`removeStars 2 1`] = `false`;

exports[`updateLineToSat 0 1`] = `undefined`;
