// Jest Snapshot v1, https://goo.gl/fbAQLP

exports[`sensorManager.checkSensorSelected 0 1`] = `false`;

exports[`sensorManager.checkSensorSelected 1 1`] = `true`;

exports[`sensorManager.drawFov 0 1`] = `undefined`;

exports[`sensorManager.drawFov 1 1`] = `undefined`;

exports[`sensorManager.drawFov 2 1`] = `undefined`;

exports[`sensorManager.drawFov 3 1`] = `undefined`;

exports[`sensorManager.sensorListLength 0 1`] = `0`;

exports[`sensorManager.setCurrentSensor 0 1`] = `undefined`;

exports[`sensorManager.setCurrentSensor 1 1`] = `undefined`;

exports[`sensorManager.setCurrentSensor 2 1`] = `undefined`;

exports[`sensorManager.setCurrentSensor 3 1`] = `undefined`;

exports[`sensorManager.setCurrentSensor 4 1`] = `undefined`;

exports[`sensorManager.setCurrentSensor 5 1`] = `undefined`;

exports[`sensorManager.setSensor 0 1`] = `undefined`;

exports[`sensorManager.setSensor 1 1`] = `undefined`;

exports[`sensorManager.setSensor 2 1`] = `undefined`;

exports[`sensorManager.setSensor 3 1`] = `undefined`;

exports[`sensorManager.setSensor 4 1`] = `undefined`;

exports[`sensorManager.setSensor 5 1`] = `undefined`;

exports[`sensorManager.setSensor 6 1`] = `undefined`;
