// Jest Snapshot v1, https://goo.gl/fbAQLP

exports[`sensor.bottomMenuClick 0 1`] = `undefined`;

exports[`sensor.bottomMenuClick 1 1`] = `undefined`;

exports[`sensor.bottomMenuClick 2 1`] = `[Function]`;

exports[`sensor.bottomMenuClick 3 1`] = `undefined`;

exports[`sensor.bottomMenuClick 5 1`] = `undefined`;

exports[`sensor.csTelescopeClick 0 1`] = `undefined`;

exports[`sensor.customSensorSubmit 0 1`] = `undefined`;

exports[`sensor.hideSideMenus 0 1`] = `undefined`;

exports[`sensor.init 0 1`] = `undefined`;

exports[`sensor.resetSensorButtonClick 0 1`] = `undefined`;

exports[`sensor.resetSensorSelected 0 1`] = `undefined`;

exports[`sensor.selectSatData 0 1`] = `undefined`;

exports[`sensor.sensorListContentClick 0 1`] = `undefined`;

exports[`sensor.sensorListContentClick 1 1`] = `undefined`;

exports[`sensor.sensorListContentClick 2 1`] = `undefined`;

exports[`sensor.sensorListContentClick 3 1`] = `undefined`;

exports[`sensor.sensorListContentClick 4 1`] = `undefined`;

exports[`sensor.sensorListContentClick 5 1`] = `undefined`;

exports[`sensor.uiManagerInit 0 1`] = `undefined`;
